Archive member included to satisfy reference by file (symbol)

f:/mingw/bin/../lib/gcc/mingw32/6.3.0/../../../libwinmm.a(drqcs00146.o)
                              FreeRTOS_Source\portable\MSVC-MingW\port.o (timeGetDevCaps@8)
f:/mingw/bin/../lib/gcc/mingw32/6.3.0/../../../libwinmm.a(drqcs00145.o)
                              FreeRTOS_Source\portable\MSVC-MingW\port.o (timeEndPeriod@4)
f:/mingw/bin/../lib/gcc/mingw32/6.3.0/../../../libwinmm.a(drqcs00144.o)
                              FreeRTOS_Source\portable\MSVC-MingW\port.o (timeBeginPeriod@4)
f:/mingw/bin/../lib/gcc/mingw32/6.3.0/../../../libwinmm.a(drqch.o)
                              f:/mingw/bin/../lib/gcc/mingw32/6.3.0/../../../libwinmm.a(drqcs00146.o) (_head_libwinmm_a)
f:/mingw/bin/../lib/gcc/mingw32/6.3.0/../../../libwinmm.a(drqct.o)
                              f:/mingw/bin/../lib/gcc/mingw32/6.3.0/../../../libwinmm.a(drqch.o) (_libwinmm_a_iname)
f:/mingw/bin/../lib/gcc/mingw32/6.3.0/../../../libmingw32.a(CRTglob.o)
                              f:/mingw/bin/../lib/gcc/mingw32/6.3.0/../../../crt2.o (_CRT_glob)
f:/mingw/bin/../lib/gcc/mingw32/6.3.0/../../../libmingw32.a(setargv.o)
                              f:/mingw/bin/../lib/gcc/mingw32/6.3.0/../../../crt2.o (_setargv)
f:/mingw/bin/../lib/gcc/mingw32/6.3.0/../../../libmingw32.a(CRTfmode.o)
                              f:/mingw/bin/../lib/gcc/mingw32/6.3.0/../../../crt2.o (_CRT_fmode)
f:/mingw/bin/../lib/gcc/mingw32/6.3.0/../../../libmingw32.a(cpu_features.o)
                              f:/mingw/bin/../lib/gcc/mingw32/6.3.0/../../../crt2.o (__cpu_features_init)
f:/mingw/bin/../lib/gcc/mingw32/6.3.0/../../../libmingw32.a(CRT_fp10.o)
                              f:/mingw/bin/../lib/gcc/mingw32/6.3.0/../../../crt2.o (_CRT_fenv)
f:/mingw/bin/../lib/gcc/mingw32/6.3.0/../../../libmingw32.a(txtmode.o)
                              f:/mingw/bin/../lib/gcc/mingw32/6.3.0/../../../crt2.o (_fmode)
f:/mingw/bin/../lib/gcc/mingw32/6.3.0/../../../libmingw32.a(gccmain.o)
                              f:/mingw/bin/../lib/gcc/mingw32/6.3.0/../../../crt2.o (__main)
f:/mingw/bin/../lib/gcc/mingw32/6.3.0/../../../libmingw32.a(tlssup.o)
                              f:/mingw/bin/../lib/gcc/mingw32/6.3.0/../../../crt2.o (__dyn_tls_init_callback)
f:/mingw/bin/../lib/gcc/mingw32/6.3.0/../../../libmingw32.a(tlsthrd.o)
                              f:/mingw/bin/../lib/gcc/mingw32/6.3.0/../../../libmingw32.a(tlssup.o) (__mingw_TLScallback)
f:/mingw/bin/../lib/gcc/mingw32/6.3.0/../../../libmingw32.a(pseudo-reloc.o)
                              f:/mingw/bin/../lib/gcc/mingw32/6.3.0/../../../crt2.o (_pei386_runtime_relocator)
f:/mingw/bin/../lib/gcc/mingw32/6.3.0/../../../libmingw32.a(pseudo-reloc-list.o)
                              f:/mingw/bin/../lib/gcc/mingw32/6.3.0/../../../libmingw32.a(pseudo-reloc.o) (__RUNTIME_PSEUDO_RELOC_LIST__)
f:/mingw/bin/../lib/gcc/mingw32/6.3.0/../../../libmingw32.a(crtst.o)
                              f:/mingw/bin/../lib/gcc/mingw32/6.3.0/../../../libmingw32.a(tlssup.o) (_CRT_MT)
f:/mingw/bin/../lib/gcc/mingw32/6.3.0/libgcc.a(_chkstk_ms.o)
                              main.o (__chkstk_ms)
f:/mingw/bin/../lib/gcc/mingw32/6.3.0/libgcc.a(_ctors.o)
                              f:/mingw/bin/../lib/gcc/mingw32/6.3.0/../../../libmingw32.a(gccmain.o) (__DTOR_LIST__)
f:/mingw/bin/../lib/gcc/mingw32/6.3.0/libgcc.a(_divdi3.o)
                              Run-time-stats-utils.o (__divdi3)
f:/mingw/bin/../lib/gcc/mingw32/6.3.0/../../../libmingwex.a(fesetenv.o)
                              f:/mingw/bin/../lib/gcc/mingw32/6.3.0/../../../crt2.o (fesetenv)
f:/mingw/bin/../lib/gcc/mingw32/6.3.0/../../../libmingwex.a(glob.o)
                              f:/mingw/bin/../lib/gcc/mingw32/6.3.0/../../../libmingw32.a(setargv.o) (__mingw_glob)
f:/mingw/bin/../lib/gcc/mingw32/6.3.0/../../../libmingwex.a(dirname.o)
                              f:/mingw/bin/../lib/gcc/mingw32/6.3.0/../../../libmingwex.a(glob.o) (__mingw_dirname)
f:/mingw/bin/../lib/gcc/mingw32/6.3.0/../../../libmingwex.a(dirent.o)
                              f:/mingw/bin/../lib/gcc/mingw32/6.3.0/../../../libmingwex.a(glob.o) (__mingw_opendir)
f:/mingw/bin/../lib/gcc/mingw32/6.3.0/../../../libmsvcrt.a(djpvbs01325.o)
                              f:/mingw/bin/../lib/gcc/mingw32/6.3.0/../../../libmingwex.a(dirname.o) (wcstombs)
f:/mingw/bin/../lib/gcc/mingw32/6.3.0/../../../libmsvcrt.a(djpvbs01284.o)
                              f:/mingw/bin/../lib/gcc/mingw32/6.3.0/../../../libmingw32.a(pseudo-reloc.o) (vfprintf)
f:/mingw/bin/../lib/gcc/mingw32/6.3.0/../../../libmsvcrt.a(djpvbs01277.o)
                              f:/mingw/bin/../lib/gcc/mingw32/6.3.0/../../../libmingwex.a(glob.o) (tolower)
f:/mingw/bin/../lib/gcc/mingw32/6.3.0/../../../libmsvcrt.a(djpvbs01252.o)
                              FreeRTOS+Trace Recorder\trcSnapshotRecorder.o (strncmp)
f:/mingw/bin/../lib/gcc/mingw32/6.3.0/../../../libmsvcrt.a(djpvbs01249.o)
[...]
Memory Configuration

Name             Origin             Length             Attributes
*default*        0x00000000         0xffffffff

Linker script and memory map

                0x00400000                __image_base__ = 0x400000
                0x00000000                __dll__ = 0x0
                0x00400000                ___ImageBase = 0x400000
                0x00001000                __section_alignment__ = 0x1000
                0x00000200                __file_alignment__ = 0x200
                0x00000004                __major_os_version__ = 0x4
                0x00000000                __minor_os_version__ = 0x0
                0x00000001                __major_image_version__ = 0x1
                0x00000000                __minor_image_version__ = 0x0
                0x00000004                __major_subsystem_version__ = 0x4
                0x00000000                __minor_subsystem_version__ = 0x0
                0x00000003                __subsystem__ = 0x3
                0x00200000                __size_of_stack_reserve__ = 0x200000
                0x00001000                __size_of_stack_commit__ = 0x1000
                0x00100000                __size_of_heap_reserve__ = 0x100000
                0x00001000                __size_of_heap_commit__ = 0x1000
                0x00000000                __loader_flags__ = 0x0
                0x00000000                __dll_characteristics__ = 0x0
LOAD f:/mingw/bin/../lib/gcc/mingw32/6.3.0/../../../crt2.o
LOAD f:/mingw/bin/../lib/gcc/mingw32/6.3.0/crtbegin.o
LOAD DemosModifiedForLowTickRate\recmutex.o
LOAD FreeRTOS+Trace Recorder\trcKernelPort.o
LOAD FreeRTOS+Trace Recorder\trcSnapshotRecorder.o
LOAD FreeRTOS+Trace Recorder\trcStreamingRecorder.o
LOAD FreeRTOS_Source\croutine.o
LOAD FreeRTOS_Source\event_groups.o
LOAD FreeRTOS_Source\list.o
LOAD FreeRTOS_Source\portable\MSVC-MingW\port.o
LOAD FreeRTOS_Source\portable\MemMang\heap_5.o
LOAD FreeRTOS_Source\queue.o
LOAD FreeRTOS_Source\stream_buffer.o
LOAD FreeRTOS_Source\tasks.o
LOAD FreeRTOS_Source\timers.o
LOAD Run-time-stats-utils.o
LOAD Standard_Demo_Tasks\AbortDelay.o
LOAD Standard_Demo_Tasks\BlockQ.o
LOAD Standard_Demo_Tasks\EventGroupsDemo.o
LOAD Standard_Demo_Tasks\GenQTest.o
LOAD Standard_Demo_Tasks\IntSemTest.o
LOAD Standard_Demo_Tasks\MessageBufferAMP.o
LOAD Standard_Demo_Tasks\MessageBufferDemo.o
LOAD Standard_Demo_Tasks\PollQ.o
LOAD Standard_Demo_Tasks\QPeek.o
LOAD Standard_Demo_Tasks\QueueOverwrite.o
LOAD Standard_Demo_Tasks\QueueSet.o
LOAD Standard_Demo_Tasks\QueueSetPolling.o
LOAD Standard_Demo_Tasks\StaticAllocation.o
LOAD Standard_Demo_Tasks\StreamBufferDemo.o
LOAD Standard_Demo_Tasks\StreamBufferInterrupt.o
LOAD Standard_Demo_Tasks\TaskNotify.o
LOAD Standard_Demo_Tasks\TimerDemo.o
LOAD Standard_Demo_Tasks\blocktim.o
LOAD Standard_Demo_Tasks\countsem.o
LOAD Standard_Demo_Tasks\death.o
LOAD Standard_Demo_Tasks\dynamic.o
LOAD Standard_Demo_Tasks\flop.o
LOAD Standard_Demo_Tasks\integer.o
LOAD Standard_Demo_Tasks\semtest.o
LOAD code_coverage_additions.o
LOAD main.o
LOAD main_blinky.o
LOAD main_full.o
LOAD f:/mingw/bin/../lib/gcc/mingw32/6.3.0/../../../libwinmm.a
LOAD f:/mingw/bin/../lib/gcc/mingw32/6.3.0/../../../libmingw32.a
LOAD f:/mingw/bin/../lib/gcc/mingw32/6.3.0/libgcc.a
LOAD f:/mingw/bin/../lib/gcc/mingw32/6.3.0/libgcc_eh.a
LOAD f:/mingw/bin/../lib/gcc/mingw32/6.3.0/../../../libmoldname.a
LOAD f:/mingw/bin/../lib/gcc/mingw32/6.3.0/../../../libmingwex.a
LOAD f:/mingw/bin/../lib/gcc/mingw32/6.3.0/../../../libmsvcrt.a
LOAD f:/mingw/bin/../lib/gcc/mingw32/6.3.0/../../../libadvapi32.a
LOAD f:/mingw/bin/../lib/gcc/mingw32/6.3.0/../../../libshell32.a
LOAD f:/mingw/bin/../lib/gcc/mingw32/6.3.0/../../../libuser32.a
LOAD f:/mingw/bin/../lib/gcc/mingw32/6.3.0/../../../libkernel32.a
LOAD f:/mingw/bin/../lib/gcc/mingw32/6.3.0/../../../libmingw32.a
LOAD f:/mingw/bin/../lib/gcc/mingw32/6.3.0/libgcc.a
LOAD f:/mingw/bin/../lib/gcc/mingw32/6.3.0/libgcc_eh.a
LOAD f:/mingw/bin/../lib/gcc/mingw32/6.3.0/../../../libmoldname.a
LOAD f:/mingw/bin/../lib/gcc/mingw32/6.3.0/../../../libmingwex.a
LOAD f:/mingw/bin/../lib/gcc/mingw32/6.3.0/../../../libmsvcrt.a
LOAD f:/mingw/bin/../lib/gcc/mingw32/6.3.0/crtend.o
                0x00000420                . = SIZEOF_HEADERS
                0x00001000                . = ALIGN (__section_alignment__)

.text           0x00401000    0x24400
 *(.init)
 *(.text)
 .text          0x00401000      0x340 f:/mingw/bin/../lib/gcc/mingw32/6.3.0/../../../crt2.o
                0x004012a0                _mingw32_init_mainargs
                0x004012e0                mainCRTStartup
                0x00401300                WinMainCRTStartup
                0x00401320                atexit
                0x00401330                _onexit
 .text          0x00401340      0x120 f:/mingw/bin/../lib/gcc/mingw32/6.3.0/crtbegin.o
                0x00401340                __gcc_register_frame
                0x00401430                __gcc_deregister_frame
 .text          0x00401460      0x3b0 DemosModifiedForLowTickRate\recmutex.o
                0x00401460                vStartRecursiveMutexTasks
                0x0040177b                xAreRecursiveMutexTasksStillRunning
 .text          0x00401810      0x7a4 FreeRTOS+Trace Recorder\trcKernelPort.o
                0x00401810                prvTraceGetQueueNumber
                0x00401823                prvTraceGetQueueType
                0x00401836                prvTraceGetTaskNumberLow16
                0x00401849                prvTraceGetTaskNumberHigh16
                0x0040185f                prvTraceSetTaskNumberLow16
                0x00401895                prvTraceSetTaskNumberHigh16
                0x004018cb                prvTraceGetQueueNumberLow16
                0x004018de                prvTraceGetQueueNumberHigh16
                0x004018f4                prvTraceSetQueueNumberLow16
                0x0040192a                prvTraceSetQueueNumberHigh16
                0x00401960                prvTraceGetTimerNumberLow16
                0x00401973                prvTraceGetTimerNumberHigh16
                0x00401989                prvTraceSetTimerNumberLow16
                0x004019bf                prvTraceSetTimerNumberHigh16
                0x004019f5                prvTraceGetEventGroupNumberLow16
                0x00401a08                prvTraceGetEventGroupNumberHigh16
                0x00401a1e                prvTraceSetEventGroupNumberLow16
                0x00401a54                prvTraceSetEventGroupNumberHigh16
                0x00401a8a                prvTraceGetStreamBufferNumberLow16
                0x00401a9d                prvTraceGetStreamBufferNumberHigh16
                0x00401ab3                prvTraceSetStreamBufferNumberLow16
                0x00401ae9                prvTraceSetStreamBufferNumberHigh16
                0x00401b1f                vTraceSetQueueName
                0x00401b4d                vTraceSetSemaphoreName
                0x00401b7b                vTraceSetMutexName
                0x00401ba9                vTraceSetEventGroupName
                0x00401bd7                vTraceSetStreamBufferName
                0x00401c05                vTraceSetMessageBufferName
                0x00401c33                prvTraceGetCurrentTaskHandle
                0x00401c40                vTraceEnable
                0x00401c81                vTraceInitObjectPropertyTable
                0x00401e1f                vTraceInitObjectHandleStack
                0x00401f3c                pszTraceGetErrorNotEnoughHandles
                0x00401fa0                prvTraceIsSchedulerSuspended
 .text          0x00401fb4     0x2bc0 FreeRTOS+Trace Recorder\trcSnapshotRecorder.o
                0x00401fb4                vTraceSetStopHook
                0x00401fc2                vTraceClear
                0x00402078                uiTraceStart
                0x0040217b                vTraceStart
                0x00402189                vTraceStop
                0x004021b7                xTraceIsRecordingEnabled
                0x004021d4                xTraceGetLastError
                0x004021de                vTraceClearError
                0x00402206                xTraceGetTraceBuffer
                0x00402210                uiTraceGetTraceBufferSize
                0x004022a4                vTraceInstanceFinishedNext
                0x004022b9                vTraceInstanceFinishedNow
                0x004022ce                xTraceSetISRProperties
                0x00402394                vTraceStoreISRBegin
                0x004024c2                vTraceStoreISREnd
                0x00402b49                vTracePrintF
                0x00402b79                vTraceVPrintF
                0x00402da3                vTracePrint
                0x00402e3c                xTraceRegisterString
                0x00402e8c                prvTraceSetReadyEventsEnabled
                0x00402e9a                prvTraceStoreTaskReady
                0x00402f68                prvTraceStoreLowPower
                0x00403007                vTraceStoreMemMangEvent
                0x0040313d                prvTraceStoreKernelCall
                0x00403244                prvTraceStoreKernelCallWithParam
                0x004033e4                prvTraceStoreKernelCallWithNumericParamOnly
                0x004034b9                prvTraceStoreTaskswitch
                0x004035bb                prvTraceStoreObjectNameOnCloseEvent
                0x0040369b                prvTraceStoreObjectPropertiesOnCloseEvent
                0x004037af                prvTraceSetPriorityProperty
                0x00403843                prvTraceGetPriorityProperty
                0x004038d8                prvTraceSetObjectState
                0x004039fc                prvTraceSetTaskInstanceFinished
                0x00403a5e                prvTraceInitTraceData
                0x00403d1a                uiIndexOfObject
                0x00403dd9                prvTraceGetObjectHandle
                0x00403f4b                prvTraceFreeObjectHandle
                0x0040400c                prvMarkObjectAsUsed
                0x00404090                prvTraceSetObjectName
                0x0040424b                vTraceSetFrequency
                0x00404259                prvTraceError
                0x004042be                vTraceSetFilterMask
                0x004042d8                vTraceSetFilterGroup
                0x00404ad0                prvTracePortGetTimeStamp
 .text          0x00404b74        0x0 FreeRTOS+Trace Recorder\trcStreamingRecorder.o
 .text          0x00404b74        0x0 FreeRTOS_Source\croutine.o
 .text          0x00404b74      0xea0 FreeRTOS_Source\event_groups.o
                0x00404b74                xEventGroupCreateStatic
                0x00404cf6                xEventGroupCreate
                0x00404e44                xEventGroupSync
                0x00405110                xEventGroupWaitBits
                0x00405466                xEventGroupClearBits
                0x00405539                xEventGroupClearBitsFromISR
                0x004055b1                xEventGroupGetBitsFromISR
                0x004055d1                xEventGroupSetBits
                0x0040577d                vEventGroupDelete
                0x004058e6                vEventGroupSetBitsCallback
                0x00405901                vEventGroupClearBitsCallback
                0x00405959                xEventGroupSetBitsFromISR
                0x004059da                uxEventGroupGetNumber
                0x00405a03                vEventGroupSetNumber
 .text          0x00405a14      0x184 FreeRTOS_Source\list.o
                0x00405a14                vListInitialise
                0x00405a51                vListInitialiseItem
                0x00405a61                vListInsertEnd
                0x00405ab3                vListInsert
                0x00405b36                uxListRemove
 .text          0x00405b98      0xa08 FreeRTOS_Source\portable\MSVC-MingW\port.o
                0x00405ccc                pxPortInitialiseStack
                0x00405dc3                xPortStartScheduler
                0x004061ec                vPortDeleteThread
                0x00406294                vPortCloseRunningThread
                0x0040631f                vPortEndScheduler
                0x00406331                vPortGenerateSimulatedInterrupt
                0x00406408                vPortSetInterruptHandler
                0x00406464                vPortEnterCritical
                0x0040649c                vPortExitCritical
 .text          0x004065a0      0x634 FreeRTOS_Source\portable\MemMang\heap_5.o
                0x004065a0                pvPortMalloc
                0x00406790                vPortFree
                0x00406880                xPortGetFreeHeapSize
                0x0040688a                xPortGetMinimumEverFreeHeapSize
                0x0040695b                vPortDefineHeapRegions
                0x00406b02                vPortGetHeapStats
 .text          0x00406bd4     0x3030 FreeRTOS_Source\queue.o
                0x00406bd4                xQueueGenericReset
                0x00406d17                xQueueGenericCreateStatic
                0x00406de4                xQueueGenericCreate
                0x004070db                xQueueCreateMutex
                0x00407122                xQueueCreateMutexStatic
                0x00407178                xQueueGetMutexHolder
                0x004071c8                xQueueGetMutexHolderFromISR
                0x00407208                xQueueGiveMutexRecursive
                0x00407321                xQueueTakeMutexRecursive
                0x004073a2                xQueueCreateCountingSemaphoreStatic
                0x0040741a                xQueueCreateCountingSemaphore
                0x00407483                xQueueGenericSend
                0x004079d1                xQueueGenericSendFromISR
                0x00407c92                xQueueGiveFromISR
                0x00407cb4                MyWrapper_xQueueGiveFromISR
                0x00407f3d                xQueueReceive
                0x00408439                xQueueSemaphoreTake
                0x0040899b                xQueuePeek
                0x00408e30                xQueueReceiveFromISR
                0x0040905e                xQueuePeekFromISR
                0x00409120                uxQueueMessagesWaiting
                0x00409158                uxQueueSpacesAvailable
                0x004091a0                uxQueueMessagesWaitingFromISR
                0x004091d4                vQueueDelete
                0x0040938c                uxQueueGetQueueNumber
                0x00409397                vQueueSetQueueNumber
                0x004093a6                ucQueueGetQueueType
                0x0040965d                xQueueIsQueueEmptyFromISR
                0x004096d7                xQueueIsQueueFullFromISR
                0x00409722                vQueueAddToRegistry
                0x004097fb                pcQueueGetName
                0x00409858                vQueueUnregisterQueue
                0x004098bb                vQueueWaitForMessageRestricted
                0x00409929                xQueueCreateSet
                0x00409952                xQueueAddToSet
                0x0040999d                xQueueRemoveFromSet
                0x004099f0                xQueueSelectFromSet
                0x00409a1b                xQueueSelectFromSetFromISR
 .text          0x00409c04     0x1b90 FreeRTOS_Source\stream_buffer.o
                0x00409c04                xStreamBufferGenericCreate
                0x00409e5b                xStreamBufferGenericCreateStatic
                0x0040a0f2                vStreamBufferDelete
                0x0040a2a9                xStreamBufferReset
                0x0040a425                xStreamBufferSetTriggerLevel
                0x0040a481                xStreamBufferSpacesAvailable
                0x0040a4ef                xStreamBufferBytesAvailable
                0x0040a528                xStreamBufferSend
                0x0040a938                xStreamBufferSendFromISR
                0x0040abfd                xStreamBufferReceive
                0x0040af93                xStreamBufferNextMessageLengthBytes
                0x0040b038                xStreamBufferReceiveFromISR
                0x0040b2ff                xStreamBufferIsEmpty
                0x0040b34d                xStreamBufferIsFull
                0x0040b3b9                xStreamBufferSendCompletedFromISR
                0x0040b444                xStreamBufferReceiveCompletedFromISR
                0x0040b768                uxStreamBufferGetStreamBufferNumber
                0x0040b773                vStreamBufferSetStreamBufferNumber
                0x0040b782                ucStreamBufferGetStreamBufferType
 .text          0x0040b794     0x487c FreeRTOS_Source\tasks.o
                0x0040b794                xTaskCreateStatic
                0x0040b86c                xTaskCreate
                0x0040bd64                vTaskDelete
                0x0040c0f4                xTaskDelayUntil
                0x0040c26e                vTaskDelay
                0x0040c354                eTaskGetState
                0x0040c443                uxTaskPriorityGet
                0x0040c474                uxTaskPriorityGetFromISR
                0x0040c4a2                vTaskPrioritySet
                0x0040c75b                vTaskSuspend
                0x0040c977                vTaskResume
                0x0040cb3c                xTaskResumeFromISR
                0x0040ccfc                vTaskStartScheduler
                0x0040ce2e                vTaskEndScheduler
                0x0040ce4b                vTaskSuspendAll
                0x0040ce68                xTaskResumeAll
                0x0040d0f5                xTaskGetTickCount
                0x0040d108                xTaskGetTickCountFromISR
                0x0040d122                uxTaskGetNumberOfTasks
                0x0040d12c                pcTaskGetName
                0x0040d27b                xTaskGetHandle
                0x0040d365                uxTaskGetSystemState
                0x0040d4b0                xTaskGetIdleTaskHandle
                0x0040d4da                xTaskCatchUpTicks
                0x0040d51f                xTaskAbortDelay
                0x0040d6a8                xTaskIncrementTick
                0x0040d9e0                vTaskSetApplicationTaskTag
                0x0040da12                xTaskGetApplicationTaskTag
                0x0040da43                xTaskGetApplicationTaskTagFromISR
                0x0040da71                xTaskCallApplicationTaskHook
                0x0040dab6                vTaskSwitchContext
                0x0040dbf1                vTaskPlaceOnEventList
                0x0040dc3e                vTaskPlaceOnUnorderedEventList
                0x0040dcfc                vTaskPlaceOnEventListRestricted
                0x0040de1d                xTaskRemoveFromEventList
                0x0040e069                vTaskRemoveFromUnorderedEventList
                0x0040e269                vTaskSetTimeOutState
                0x0040e2ad                vTaskInternalSetTimeOutState
                0x0040e2ca                xTaskCheckForTimeOut
                0x0040e3c5                vTaskMissedYield
                0x0040e3d5                uxTaskGetTaskNumber
                0x0040e3fe                vTaskSetTaskNumber
                0x0040e526                vTaskGetInfo
                0x0040e724                uxTaskGetStackHighWaterMark2
                0x0040e759                uxTaskGetStackHighWaterMark
                0x0040e82b                xTaskGetCurrentTaskHandle
                0x0040e83e                xTaskGetSchedulerState
                0x0040e874                xTaskPriorityInherit
                0x0040ead6                xTaskPriorityDisinherit
                0x0040ed31                vTaskPriorityDisinheritAfterTimeout
                0x0040efb6                uxTaskResetEventItemValue
                0x0040efe6                pvTaskIncrementMutexHeldCount
                0x0040f007                ulTaskGenericNotifyTake
                0x0040f279                xTaskGenericNotifyWait
                0x0040f4a8                xTaskGenericNotify
                0x0040f7bf                xTaskGenericNotifyFromISR
                0x0040fb21                vTaskGenericNotifyGiveFromISR
                0x0040fdd0                xTaskGenericNotifyStateClear
                0x0040fe42                ulTaskGenericNotifyValueClear
                0x0040fe9d                ulTaskGetIdleRunTimeCounter
                0x0040feaa                ulTaskGetIdleRunTimePercent
 .text          0x00410010     0x10d8 FreeRTOS_Source\timers.o
                0x00410010                xTimerCreateTimerTask
                0x004100bf                xTimerCreate
                0x00410114                xTimerCreateStatic
                0x004102ea                xTimerGenericCommand
                0x00410616                xTimerGetTimerDaemonTaskHandle
                0x00410640                xTimerGetPeriod
                0x0041066e                vTimerSetReloadMode
                0x004106cd                uxTimerGetReloadMode
                0x00410723                xTimerGetExpiryTime
                0x00410757                pcTimerGetName
                0x00410e3e                xTimerIsTimerActive
                0x00410e94                pvTimerGetTimerID
                0x00410ed2                vTimerSetTimerID
                0x00410f0e                xTimerPendFunctionCallFromISR
                0x00410f93                xTimerPendFunctionCall
                0x004110ce                uxTimerGetTimerNumber
                0x004110d9                vTimerSetTimerNumber
 .text          0x004110e8      0x100 Run-time-stats-utils.o
                0x004110e8                vConfigureTimerForRunTimeStats
                0x00411165                ulGetRunTimeCounterValue
 .text          0x004111e8      0xbcc Standard_Demo_Tasks\AbortDelay.o
                0x004111e8                vCreateAbortDelayTasks
                0x00411d50                xAreAbortDelayTestTasksStillRunning
 .text          0x00411db4      0x41c Standard_Demo_Tasks\BlockQ.o
                0x00411db4                vStartBlockingQueueTasks
                0x00412139                xAreBlockingQueuesStillRunning
 .text          0x004121d0      0xf20 Standard_Demo_Tasks\EventGroupsDemo.o
                0x004121d0                vStartEventGroupTasks
                0x00412f4c                vPeriodicEventGroupsProcessing
                0x0041307e                xAreEventGroupTasksStillRunning
 .text          0x004130f0      0xea8 Standard_Demo_Tasks\GenQTest.o
                0x004130f0                vStartGenericQueueTasks
                0x00413f40                xAreGenericQueueTasksStillRunning
 .text          0x00413f98      0x830 Standard_Demo_Tasks\IntSemTest.o
                0x00413f98                vStartInterruptSemaphoreTasks
                0x004146ad                vInterruptSemaphorePeriodicTest
                0x00414766                xAreInterruptSemaphoreTasksStillRunning
 .text          0x004147c8      0x354 Standard_Demo_Tasks\MessageBufferAMP.o
                0x004147c8                vStartMessageBufferAMPTasks
                0x00414a33                vGenerateCoreBInterrupt
                0x00414ac2                xAreMessageBufferAMPTasksStillRunning
 .text          0x00414b1c     0x1440 Standard_Demo_Tasks\MessageBufferDemo.o
                0x00414b1c                vStartMessageBufferTasks
                0x00415e98                xAreMessageBufferTasksStillRunning
 .text          0x00415f5c      0x218 Standard_Demo_Tasks\PollQ.o
                0x00415f5c                vStartPolledQueueTasks
                0x00416130                xArePollingQueuesStillRunning
 .text          0x00416174      0x570 Standard_Demo_Tasks\QPeek.o
                0x00416174                vStartQueuePeekTasks
                0x004166af                xAreQueuePeekTasksStillRunning
 .text          0x004166e4      0x334 Standard_Demo_Tasks\QueueOverwrite.o
                0x004166e4                vStartQueueOverwriteTask
                0x004168b6                xIsQueueOverwriteTaskStillRunning
                0x004168f7                vQueueOverwritePeriodicISRDemo
 .text          0x00416a18     0x1244 Standard_Demo_Tasks\QueueSet.o
                0x00416a18                vStartQueueSetTasks
                0x00416aa0                xAreQueueSetTasksStillRunning
                0x00416d86                vQueueSetAccessQueueSetFromISR
 .text          0x00417c5c      0x1ac Standard_Demo_Tasks\QueueSetPolling.o
                0x00417c5c                vStartQueueSetPollingTask
                0x00417d79                vQueueSetPollingInterruptAccess
                0x00417dda                xAreQueueSetPollTasksStillRunning
 .text          0x00417e08      0xeec Standard_Demo_Tasks\StaticAllocation.o
                0x00417e08                vStartStaticallyAllocatedTasks
                0x00418ca8                xAreStaticAllocationTasksStillRunning
 .text          0x00418cf4     0x1fdc Standard_Demo_Tasks\StreamBufferDemo.o
                0x00418cf4                vStartStreamBufferTasks
                0x0041a979                vPeriodicStreamBufferProcessing
                0x0041abe0                xAreStreamBufferTasksStillRunning
 .text          0x0041acd0      0x274 Standard_Demo_Tasks\StreamBufferInterrupt.o
                0x0041acd0                vStartStreamBufferInterruptDemo
                0x0041ae79                vBasicStreamBufferSendFromISR
                0x0041af10                xIsInterruptStreamBufferDemoStillRunning
 .text          0x0041af44     0x1328 Standard_Demo_Tasks\TaskNotify.o
                0x0041af44                vStartTaskNotifyTask
                0x0041c06f                xNotifyTaskFromISR
                0x0041c1ce                xAreTaskNotificationTasksStillRunning
 .text          0x0041c26c     0x1a2c Standard_Demo_Tasks\TimerDemo.o
                0x0041c26c                vStartTimerDemoTask
                0x0041c2f7                vTimerDemoIncludeBacklogTests
                0x0041c419                xAreTimerDemoTasksStillRunning
                0x0041d239                vTimerPeriodicISRTests
 .text          0x0041dc98      0x86c Standard_Demo_Tasks\blocktim.o
                0x0041dc98                vCreateBlockTimeTasks
                0x0041e49f                xAreBlockTimeTestTasksStillRunning
 .text          0x0041e504      0x3c0 Standard_Demo_Tasks\countsem.o
                0x0041e504                vStartCountingSemaphoreTasks
                0x0041e85b                xAreCountingSemaphoreTasksStillRunning
 .text          0x0041e8c4      0x1f0 Standard_Demo_Tasks\death.o
                0x0041e8c4                vCreateSuicidalTasks
                0x0041ea35                xIsCreateTaskStillRunning
 .text          0x0041eab4      0x50c Standard_Demo_Tasks\dynamic.o
                0x0041eab4                vStartDynamicPriorityTasks
                0x0041ef45                xAreDynamicPriorityTasksStillRunning
 .text          0x0041efc0      0x468 Standard_Demo_Tasks\flop.o
                0x0041efc0                vStartMathTasks
                0x0041f3db                xAreMathsTaskStillRunning
 .text          0x0041f428      0x130 Standard_Demo_Tasks\integer.o
                0x0041f428                vStartIntegerMathTasks
                0x0041f506                xAreIntegerMathsTaskStillRunning
 .text          0x0041f558      0x3e8 Standard_Demo_Tasks\semtest.o
                0x0041f558                vStartSemaphoreTasks
                0x0041f8e1                xAreSemaphoreTasksStillRunning
 .text          0x0041f940      0xb34 code_coverage_additions.o
                0x0042042a                xRunCodeCoverageTestAdditions
 .text          0x00420474      0x590 main.o
                0x00420474                main
                0x004204bc                vApplicationMallocFailedHook
                0x004204d9                vApplicationIdleHook
                0x004204df                vApplicationStackOverflowHook
                0x004204fc                vApplicationTickHook
                0x00420502                vApplicationDaemonTaskStartupHook
                0x00420508                vAssertCalled
                0x004209c2                vApplicationGetIdleTaskMemory
                0x004209e3                vApplicationGetTimerTaskMemory
 .text          0x00420a04      0xfb8 main_blinky.o
                0x00420a04                main_blinky
                0x00420a6f                initDataStructs
                0x00420afc                initCreateTasks
                0x00420ba1                GetVirtualSystemTime
                0x00420bd4                FrequencyVirtualISRTask
                0x00420ebb                FrequencyUpdaterTask
                0x00421024                loadManagerTask
                0x004215b0                updateRunningData
                0x0042167f                checkTrippingConditions
                0x0042171f                vTimer500MSCallback
                0x0042175f                shedLoad
                0x00421815                reconnectLoad
                0x00421907                restartFreeRTOSTimer
                0x00421957                stopFreeRTOSTimer
 .text          0x004219bc     0x1068 main_full.o
                0x004219bc                main_full
                0x00421f28                vFullDemoIdleFunction
                0x00422059                vFullDemoTickHookFunction
 .text          0x00422a24        0x8 f:/mingw/bin/../lib/gcc/mingw32/6.3.0/../../../libwinmm.a(drqcs00146.o)
                0x00422a24                timeGetDevCaps@8
 .text          0x00422a2c        0x8 f:/mingw/bin/../lib/gcc/mingw32/6.3.0/../../../libwinmm.a(drqcs00145.o)
                0x00422a2c                timeEndPeriod@4
 .text          0x00422a34        0x8 f:/mingw/bin/../lib/gcc/mingw32/6.3.0/../../../libwinmm.a(drqcs00144.o)
                0x00422a34                timeBeginPeriod@4
 .text          0x00422a3c        0x0 f:/mingw/bin/../lib/gcc/mingw32/6.3.0/../../../libwinmm.a(drqch.o)
 .text          0x00422a3c        0x0 f:/mingw/bin/../lib/gcc/mingw32/6.3.0/../../../libwinmm.a(drqct.o)
 .text          0x00422a3c        0x0 f:/mingw/bin/../lib/gcc/mingw32/6.3.0/../../../libmingw32.a(CRTglob.o)
 *fill*         0x00422a3c        0x4 
 .text          0x00422a40      0x3a0 f:/mingw/bin/../lib/gcc/mingw32/6.3.0/../../../libmingw32.a(setargv.o)
                0x00422a40                _setargv
 .text          0x00422de0        0x0 f:/mingw/bin/../lib/gcc/mingw32/6.3.0/../../../libmingw32.a(CRTfmode.o)
 .text          0x00422de0      0x110 f:/mingw/bin/../lib/gcc/mingw32/6.3.0/../../../libmingw32.a(cpu_features.o)
                0x00422de0                __cpu_features_init
 .text          0x00422ef0        0x0 f:/mingw/bin/../lib/gcc/mingw32/6.3.0/../../../libmingw32.a(CRT_fp10.o)
 .text          0x00422ef0        0x0 f:/mingw/bin/../lib/gcc/mingw32/6.3.0/../../../libmingw32.a(txtmode.o)
 .text          0x00422ef0       0xa0 f:/mingw/bin/../lib/gcc/mingw32/6.3.0/../../../libmingw32.a(gccmain.o)
                0x00422ef0                __do_global_dtors
                0x00422f20                __do_global_ctors
                0x00422f70                __main
 .text          0x00422f90       0xf0 f:/mingw/bin/../lib/gcc/mingw32/6.3.0/../../../libmingw32.a(tlssup.o)
                0x00422fe0                __dyn_tls_init@12
                0x00423070                __tlregdtor
 .text          0x00423080      0x230 f:/mingw/bin/../lib/gcc/mingw32/6.3.0/../../../libmingw32.a(tlsthrd.o)
                0x004230e0                ___w64_mingwthr_add_key_dtor
                0x00423170                ___w64_mingwthr_remove_key_dtor
                0x00423210                __mingw_TLScallback
 .text          0x004232b0      0x310 f:/mingw/bin/../lib/gcc/mingw32/6.3.0/../../../libmingw32.a(pseudo-reloc.o)
                0x004233f0                _pei386_runtime_relocator
 .text          0x004235c0        0x0 f:/mingw/bin/../lib/gcc/mingw32/6.3.0/../../../libmingw32.a(pseudo-reloc-list.o)
 .text          0x004235c0        0x0 f:/mingw/bin/../lib/gcc/mingw32/6.3.0/../../../libmingw32.a(crtst.o)
 .text          0x004235c0       0x2c f:/mingw/bin/../lib/gcc/mingw32/6.3.0/libgcc.a(_chkstk_ms.o)
                0x004235c0                __chkstk_ms
 .text          0x004235ec        0x0 f:/mingw/bin/../lib/gcc/mingw32/6.3.0/libgcc.a(_ctors.o)
 *fill*         0x004235ec        0x4 
 .text          0x004235f0      0x140 f:/mingw/bin/../lib/gcc/mingw32/6.3.0/libgcc.a(_divdi3.o)
                0x004235f0                __divdi3
 .text          0x00423730       0x70 f:/mingw/bin/../lib/gcc/mingw32/6.3.0/../../../libmingwex.a(fesetenv.o)
                0x00423730                fesetenv
 .text          0x004237a0     0x1080 f:/mingw/bin/../lib/gcc/mingw32/6.3.0/../../../libmingwex.a(glob.o)
                0x004246d0                __mingw_glob
                0x004247c0                __mingw_globfree
 .text          0x00424820      0x400 f:/mingw/bin/../lib/gcc/mingw32/6.3.0/../../../libmingwex.a(dirname.o)
                0x00424820                __mingw_dirname
 .text          0x00424c20      0x4f0 f:/mingw/bin/../lib/gcc/mingw32/6.3.0/../../../libmingwex.a(dirent.o)
                0x00424da0                __mingw_opendir
                0x00424f60                __mingw_readdir
                0x00424fb0                __mingw_closedir
                0x00425000                __mingw_rewinddir
                0x00425060                __mingw_telldir
                0x00425090                __mingw_seekdir
 .text          0x00425110        0x8 f:/mingw/bin/../lib/gcc/mingw32/6.3.0/../../../libmsvcrt.a(djpvbs01325.o)
                0x00425110                wcstombs
 .text          0x00425118        0x8 f:/mingw/bin/../lib/gcc/mingw32/6.3.0/../../../libmsvcrt.a(djpvbs01284.o)
                0x00425118                vfprintf
 .text          0x00425120        0x8 f:/mingw/bin/../lib/gcc/mingw32/6.3.0/../../../libmsvcrt.a(djpvbs01277.o)
                0x00425120                tolower
 .text          0x00425128        0x8 f:/mingw/bin/../lib/gcc/mingw32/6.3.0/../../../libmsvcrt.a(djpvbs01252.o)
                0x00425128                strncmp
 .text          0x00425130        0x8 f:/mingw/bin/../lib/gcc/mingw32/6.3.0/../../../libmsvcrt.a(djpvbs01249.o)
                0x00425130                strlen
 .text          0x00425138        0x8 f:/mingw/bin/../lib/gcc/mingw32/6.3.0/../../../libmsvcrt.a(djpvbs01242.o)
                0x00425138                strcoll
 .text          0x00425140        0x8 f:/mingw/bin/../lib/gcc/mingw32/6.3.0/../../../libmsvcrt.a(djpvbs01241.o)
                0x00425140                strcmp
 .text          0x00425148        0x8 f:/mingw/bin/../lib/gcc/mingw32/6.3.0/../../../libmsvcrt.a(djpvbs01232.o)
                0x00425148                sprintf
 .text          0x00425150        0x8 f:/mingw/bin/../lib/gcc/mingw32/6.3.0/../../../libmsvcrt.a(djpvbs01229.o)
                0x00425150                signal
 .text          0x00425158        0x8 f:/mingw/bin/../lib/gcc/mingw32/6.3.0/../../../libmsvcrt.a(djpvbs01227.o)
                0x00425158                setlocale
 .text          0x00425160        0x8 f:/mingw/bin/../lib/gcc/mingw32/6.3.0/../../../libmsvcrt.a(djpvbs01220.o)
                0x00425160                realloc
 .text          0x00425168        0x8 f:/mingw/bin/../lib/gcc/mingw32/6.3.0/../../../libmsvcrt.a(djpvbs01218.o)
                0x00425168                rand
 .text          0x00425170        0x8 f:/mingw/bin/../lib/gcc/mingw32/6.3.0/../../../libmsvcrt.a(djpvbs01212.o)
                0x00425170                puts
 .text          0x00425178        0x8 f:/mingw/bin/../lib/gcc/mingw32/6.3.0/../../../libmsvcrt.a(djpvbs01208.o)
                0x00425178                printf
 .text          0x00425180        0x8 f:/mingw/bin/../lib/gcc/mingw32/6.3.0/../../../libmsvcrt.a(djpvbs01203.o)
                0x00425180                memset
 .text          0x00425188        0x8 f:/mingw/bin/../lib/gcc/mingw32/6.3.0/../../../libmsvcrt.a(djpvbs01199.o)
                0x00425188                memcpy
 .text          0x00425190        0x8 f:/mingw/bin/../lib/gcc/mingw32/6.3.0/../../../libmsvcrt.a(djpvbs01198.o)
                0x00425190                memcmp
 .text          0x00425198        0x8 f:/mingw/bin/../lib/gcc/mingw32/6.3.0/../../../libmsvcrt.a(djpvbs01194.o)
                0x00425198                mbstowcs
 .text          0x004251a0        0x8 f:/mingw/bin/../lib/gcc/mingw32/6.3.0/../../../libmsvcrt.a(djpvbs01187.o)
                0x004251a0                malloc
 .text          0x004251a8        0x8 f:/mingw/bin/../lib/gcc/mingw32/6.3.0/../../../libmsvcrt.a(djpvbs01142.o)
                0x004251a8                fwrite
 .text          0x004251b0        0x8 f:/mingw/bin/../lib/gcc/mingw32/6.3.0/../../../libmsvcrt.a(djpvbs01131.o)
                0x004251b0                free
 .text          0x004251b8        0x8 f:/mingw/bin/../lib/gcc/mingw32/6.3.0/../../../libmsvcrt.a(djpvbs01122.o)
                0x004251b8                fopen
 .text          0x004251c0        0x8 f:/mingw/bin/../lib/gcc/mingw32/6.3.0/../../../libmsvcrt.a(djpvbs01114.o)
                0x004251c0                fflush
 .text          0x004251c8        0x8 f:/mingw/bin/../lib/gcc/mingw32/6.3.0/../../../libmsvcrt.a(djpvbs01111.o)
                0x004251c8                fclose
 .text          0x004251d0        0x8 f:/mingw/bin/../lib/gcc/mingw32/6.3.0/../../../libmsvcrt.a(djpvbs01108.o)
                0x004251d0                exit
 .text          0x004251d8        0x8 f:/mingw/bin/../lib/gcc/mingw32/6.3.0/../../../libmsvcrt.a(djpvbs01098.o)
                0x004251d8                calloc
 .text          0x004251e0        0x0 f:/mingw/bin/../lib/gcc/mingw32/6.3.0/../../../libmsvcrt.a(djpvbs01091.o)
 .text          0x004251e0        0x8 f:/mingw/bin/../lib/gcc/mingw32/6.3.0/../../../libmsvcrt.a(djpvbs01083.o)
                0x004251e0                abort
 .text          0x004251e8        0x8 f:/mingw/bin/../lib/gcc/mingw32/6.3.0/../../../libmsvcrt.a(djpvbs00753.o)
                0x004251e8                _setmode
 .text          0x004251f0        0x0 f:/mingw/bin/../lib/gcc/mingw32/6.3.0/../../../libmsvcrt.a(djpvbs00698.o)
 .text          0x004251f0        0x0 f:/mingw/bin/../lib/gcc/mingw32/6.3.0/../../../libmsvcrt.a(djpvbs00689.o)
 .text          0x004251f0        0x8 f:/mingw/bin/../lib/gcc/mingw32/6.3.0/../../../libmsvcrt.a(djpvbs00422.o)
                0x004251f0                _isctype
 .text          0x004251f8        0x0 f:/mingw/bin/../lib/gcc/mingw32/6.3.0/../../../libmsvcrt.a(djpvbs00417.o)
 .text          0x004251f8        0x8 f:/mingw/bin/../lib/gcc/mingw32/6.3.0/../../../libmsvcrt.a(djpvbs00350.o)
                0x004251f8                _fullpath
 .text          0x00425200        0x8 f:/mingw/bin/../lib/gcc/mingw32/6.3.0/../../../libmsvcrt.a(djpvbs00285.o)
                0x00425200                _errno
 .text          0x00425208        0x8 f:/mingw/bin/../lib/gcc/mingw32/6.3.0/../../../libmsvcrt.a(djpvbs00219.o)
                0x00425208                _cexit
 .text          0x00425210        0x8 f:/mingw/bin/../lib/gcc/mingw32/6.3.0/../../../libmsvcrt.a(djpvbs00133.o)
                0x00425210                __p__fmode
 .text          0x00425218        0x8 f:/mingw/bin/../lib/gcc/mingw32/6.3.0/../../../libmsvcrt.a(djpvbs00131.o)
                0x00425218                __p__environ
 .text          0x00425220        0x0 f:/mingw/bin/../lib/gcc/mingw32/6.3.0/../../../libmsvcrt.a(djpvbs00119.o)
 .text          0x00425220        0x8 f:/mingw/bin/../lib/gcc/mingw32/6.3.0/../../../libmsvcrt.a(djpvbs00088.o)
                0x00425220                __getmainargs
 .text          0x00425228        0x0 f:/mingw/bin/../lib/gcc/mingw32/6.3.0/../../../libmsvcrt.a(djpvbh.o)
 .text          0x00425228        0x0 f:/mingw/bin/../lib/gcc/mingw32/6.3.0/../../../libmsvcrt.a(djpvbt.o)
 .text          0x00425228        0x8 f:/mingw/bin/../lib/gcc/mingw32/6.3.0/../../../libkernel32.a(dujcs01223.o)
                0x00425228                WaitForSingleObject@8
 .text          0x00425230        0x8 f:/mingw/bin/../lib/gcc/mingw32/6.3.0/../../../libkernel32.a(dujcs01221.o)
                0x00425230                WaitForMultipleObjects@16
 .text          0x00425238        0x8 f:/mingw/bin/../lib/gcc/mingw32/6.3.0/../../../libkernel32.a(dujcs01215.o)
                0x00425238                VirtualQuery@12
 .text          0x00425240        0x8 f:/mingw/bin/../lib/gcc/mingw32/6.3.0/../../../libkernel32.a(dujcs01213.o)
                0x00425240                VirtualProtect@16
 .text          0x00425248        0x8 f:/mingw/bin/../lib/gcc/mingw32/6.3.0/../../../libkernel32.a(dujcs01173.o)
                0x00425248                TlsGetValue@4
 .text          0x00425250        0x8 f:/mingw/bin/../lib/gcc/mingw32/6.3.0/../../../libkernel32.a(dujcs01167.o)
                0x00425250                TerminateThread@8
 .text          0x00425258        0x8 f:/mingw/bin/../lib/gcc/mingw32/6.3.0/../../../libkernel32.a(dujcs01160.o)
                0x00425258                SuspendThread@4
 .text          0x00425260        0x8 f:/mingw/bin/../lib/gcc/mingw32/6.3.0/../../../libkernel32.a(dujcs01152.o)
                0x00425260                Sleep@4
 .text          0x00425268        0x8 f:/mingw/bin/../lib/gcc/mingw32/6.3.0/../../../libkernel32.a(dujcs01140.o)
                0x00425268                SetUnhandledExceptionFilter@4
 .text          0x00425270        0x8 f:/mingw/bin/../lib/gcc/mingw32/6.3.0/../../../libkernel32.a(dujcs01130.o)
                0x00425270                SetThreadPriorityBoost@8
 .text          0x00425278        0x8 f:/mingw/bin/../lib/gcc/mingw32/6.3.0/../../../libkernel32.a(dujcs01129.o)
                0x00425278                SetThreadPriority@8
 .text          0x00425280        0x8 f:/mingw/bin/../lib/gcc/mingw32/6.3.0/../../../libkernel32.a(dujcs01120.o)
                0x00425280                SetThreadAffinityMask@8
 .text          0x00425288        0x8 f:/mingw/bin/../lib/gcc/mingw32/6.3.0/../../../libkernel32.a(dujcs01101.o)
                0x00425288                SetPriorityClass@8
 .text          0x00425290        0x8 f:/mingw/bin/../lib/gcc/mingw32/6.3.0/../../../libkernel32.a(dujcs01065.o)
                0x00425290                SetEvent@4
 .text          0x00425298        0x8 f:/mingw/bin/../lib/gcc/mingw32/6.3.0/../../../libkernel32.a(dujcs01021.o)
                0x00425298                SetConsoleCtrlHandler@8
 .text          0x004252a0        0x8 f:/mingw/bin/../lib/gcc/mingw32/6.3.0/../../../libkernel32.a(dujcs00999.o)
                0x004252a0                ResumeThread@4
 .text          0x004252a8        0x8 f:/mingw/bin/../lib/gcc/mingw32/6.3.0/../../../libkernel32.a(dujcs00995.o)
                0x004252a8                ResetEvent@4
 .text          0x004252b0        0x8 f:/mingw/bin/../lib/gcc/mingw32/6.3.0/../../../libkernel32.a(dujcs00974.o)
                0x004252b0                ReleaseMutex@4
 .text          0x004252b8        0x8 f:/mingw/bin/../lib/gcc/mingw32/6.3.0/../../../libkernel32.a(dujcs00923.o)
                0x004252b8                QueryPerformanceFrequency@4
 .text          0x004252c0        0x8 f:/mingw/bin/../lib/gcc/mingw32/6.3.0/../../../libkernel32.a(dujcs00922.o)
                0x004252c0                QueryPerformanceCounter@4
 .text          0x004252c8        0x8 f:/mingw/bin/../lib/gcc/mingw32/6.3.0/../../../libkernel32.a(dujcs00817.o)
                0x004252c8                LoadLibraryA@4
 .text          0x004252d0        0x8 f:/mingw/bin/../lib/gcc/mingw32/6.3.0/../../../libkernel32.a(dujcs00814.o)
                0x004252d0                LeaveCriticalSection@4
 .text          0x004252d8        0x8 f:/mingw/bin/../lib/gcc/mingw32/6.3.0/../../../libkernel32.a(dujcs00734.o)
                0x004252d8                InitializeCriticalSection@4
 .text          0x004252e0        0x8 f:/mingw/bin/../lib/gcc/mingw32/6.3.0/../../../libkernel32.a(dujcs00642.o)
                0x004252e0                GetThreadContext@8
 .text          0x004252e8        0x8 f:/mingw/bin/../lib/gcc/mingw32/6.3.0/../../../libkernel32.a(dujcs00623.o)
                0x004252e8                GetSystemInfo@4
 .text          0x004252f0        0x8 f:/mingw/bin/../lib/gcc/mingw32/6.3.0/../../../libkernel32.a(dujcs00577.o)
                0x004252f0                GetProcAddress@8
 .text          0x004252f8        0x8 f:/mingw/bin/../lib/gcc/mingw32/6.3.0/../../../libkernel32.a(dujcs00529.o)
                0x004252f8                GetModuleHandleA@4
 .text          0x00425300        0x8 f:/mingw/bin/../lib/gcc/mingw32/6.3.0/../../../libkernel32.a(dujcs00510.o)
                0x00425300                GetLastError@0
 .text          0x00425308        0x8 f:/mingw/bin/../lib/gcc/mingw32/6.3.0/../../../libkernel32.a(dujcs00450.o)
                0x00425308                GetCurrentThread@0
 .text          0x00425310        0x8 f:/mingw/bin/../lib/gcc/mingw32/6.3.0/../../../libkernel32.a(dujcs00446.o)
                0x00425310                GetCurrentProcess@0
 .text          0x00425318        0x8 f:/mingw/bin/../lib/gcc/mingw32/6.3.0/../../../libkernel32.a(dujcs00388.o)
                0x00425318                GetCommandLineA@0
 .text          0x00425320        0x8 f:/mingw/bin/../lib/gcc/mingw32/6.3.0/../../../libkernel32.a(dujcs00352.o)
                0x00425320                FreeLibrary@4
 .text          0x00425328        0x8 f:/mingw/bin/../lib/gcc/mingw32/6.3.0/../../../libkernel32.a(dujcs00321.o)
                0x00425328                FindNextFileA@8
 .text          0x00425330        0x8 f:/mingw/bin/../lib/gcc/mingw32/6.3.0/../../../libkernel32.a(dujcs00304.o)
                0x00425330                FindFirstFileA@8
 .text          0x00425338        0x8 f:/mingw/bin/../lib/gcc/mingw32/6.3.0/../../../libkernel32.a(dujcs00300.o)
                0x00425338                FindClose@4
 .text          0x00425340        0x8 f:/mingw/bin/../lib/gcc/mingw32/6.3.0/../../../libkernel32.a(dujcs00280.o)
                0x00425340                ExitThread@4
 .text          0x00425348        0x8 f:/mingw/bin/../lib/gcc/mingw32/6.3.0/../../../libkernel32.a(dujcs00279.o)
                0x00425348                ExitProcess@4
 .text          0x00425350        0x8 f:/mingw/bin/../lib/gcc/mingw32/6.3.0/../../../libkernel32.a(dujcs00236.o)
                0x00425350                EnterCriticalSection@4
 .text          0x00425358        0x8 f:/mingw/bin/../lib/gcc/mingw32/6.3.0/../../../libkernel32.a(dujcs00207.o)
                0x00425358                DeleteCriticalSection@4
 .text          0x00425360        0x8 f:/mingw/bin/../lib/gcc/mingw32/6.3.0/../../../libkernel32.a(dujcs00179.o)
                0x00425360                CreateThread@24
 .text          0x00425368        0x8 f:/mingw/bin/../lib/gcc/mingw32/6.3.0/../../../libkernel32.a(dujcs00154.o)
                0x00425368                CreateMutexA@12
 .text          0x00425370        0x8 f:/mingw/bin/../lib/gcc/mingw32/6.3.0/../../../libkernel32.a(dujcs00129.o)
                0x00425370                CreateEventA@16
 .text          0x00425378        0x8 f:/mingw/bin/../lib/gcc/mingw32/6.3.0/../../../libkernel32.a(dujcs00082.o)
                0x00425378                CloseHandle@4
 .text          0x00425380        0x0 f:/mingw/bin/../lib/gcc/mingw32/6.3.0/../../../libkernel32.a(dujch.o)
 .text          0x00425380        0x0 f:/mingw/bin/../lib/gcc/mingw32/6.3.0/../../../libkernel32.a(dujct.o)
 .text          0x00425380        0x8 f:/mingw/bin/../lib/gcc/mingw32/6.3.0/../../../libmoldname.a(dagwbs00082.o)
                0x00425380                stricoll
 .text          0x00425388        0x8 f:/mingw/bin/../lib/gcc/mingw32/6.3.0/../../../libmoldname.a(dagwbs00080.o)
                0x00425388                strdup
 .text          0x00425390        0x0 f:/mingw/bin/../lib/gcc/mingw32/6.3.0/../../../libmoldname.a(dagwbh.o)
 .text          0x00425390        0x0 f:/mingw/bin/../lib/gcc/mingw32/6.3.0/../../../libmoldname.a(dagwbt.o)
 .text          0x00425390        0x0 f:/mingw/bin/../lib/gcc/mingw32/6.3.0/crtend.o
 *(SORT(.text$*))
 *(.text.*)
 .text.startup  0x00425390       0x10 f:/mingw/bin/../lib/gcc/mingw32/6.3.0/crtend.o
 *(.gnu.linkonce.t.*)
 *(.glue_7t)
 *(.glue_7)
                0x004253a0                ___CTOR_LIST__ = .
                0x004253a0                __CTOR_LIST__ = .
                0x004253a0        0x4 LONG 0xffffffff
 *(.ctors)
 *(.ctor)
 *(SORT(.ctors.*))
 .ctors.65535   0x004253a4        0x4 f:/mingw/bin/../lib/gcc/mingw32/6.3.0/crtend.o
                0x004253a8        0x4 LONG 0x0
                0x004253ac                ___DTOR_LIST__ = .
                0x004253ac                __DTOR_LIST__ = .
                0x004253ac        0x4 LONG 0xffffffff
 *(.dtors)
 *(.dtor)
 *(SORT(.dtors.*))
                0x004253b0        0x4 LONG 0x0
 *(.fini)
 *(.gcc_exc)
                [!provide]                PROVIDE (etext, .)
                [!provide]                PROVIDE (_etext, .)
 *(.gcc_except_table)

.data           0x00426000      0x200
                0x00426000                __data_start__ = .
 *(.data)
 .data          0x00426000        0x0 f:/mingw/bin/../lib/gcc/mingw32/6.3.0/../../../crt2.o
 .data          0x00426000        0x4 f:/mingw/bin/../lib/gcc/mingw32/6.3.0/crtbegin.o
 .data          0x00426004        0x0 DemosModifiedForLowTickRate\recmutex.o
 .data          0x00426004        0x8 FreeRTOS+Trace Recorder\trcKernelPort.o
                0x00426004                TraceQueueClassTable
 .data          0x0042600c        0x8 FreeRTOS+Trace Recorder\trcSnapshotRecorder.o
                0x00426010                CurrentFilterMask
                0x00426012                CurrentFilterGroup
 .data          0x00426014        0x0 FreeRTOS+Trace Recorder\trcStreamingRecorder.o
 .data          0x00426014        0x0 FreeRTOS_Source\croutine.o
 .data          0x00426014        0x0 FreeRTOS_Source\event_groups.o
 .data          0x00426014        0x0 FreeRTOS_Source\list.o
 .data          0x00426014        0x4 FreeRTOS_Source\portable\MSVC-MingW\port.o
 .data          0x00426018        0x0 FreeRTOS_Source\portable\MemMang\heap_5.o
 .data          0x00426018        0x0 FreeRTOS_Source\queue.o
 .data          0x00426018        0x0 FreeRTOS_Source\stream_buffer.o
 .data          0x00426018        0x4 FreeRTOS_Source\tasks.o
                0x00426018                uxTopUsedPriority
 .data          0x0042601c        0x0 FreeRTOS_Source\timers.o
 .data          0x0042601c        0x0 Run-time-stats-utils.o
 .data          0x0042601c        0x8 Standard_Demo_Tasks\AbortDelay.o
 .data          0x00426024        0x0 Standard_Demo_Tasks\BlockQ.o
 .data          0x00426024        0x0 Standard_Demo_Tasks\EventGroupsDemo.o
 .data          0x00426024        0x0 Standard_Demo_Tasks\GenQTest.o
 .data          0x00426024        0x0 Standard_Demo_Tasks\IntSemTest.o
 .data          0x00426024        0x4 Standard_Demo_Tasks\MessageBufferAMP.o
                0x00426024                xDemoStatus
 .data          0x00426028        0x4 Standard_Demo_Tasks\MessageBufferDemo.o
 .data          0x0042602c        0x0 Standard_Demo_Tasks\PollQ.o
 .data          0x0042602c        0x0 Standard_Demo_Tasks\QPeek.o
 .data          0x0042602c        0x4 Standard_Demo_Tasks\QueueOverwrite.o
 .data          0x00426030        0xc Standard_Demo_Tasks\QueueSet.o
 .data          0x0042603c        0x4 Standard_Demo_Tasks\QueueSetPolling.o
 .data          0x00426040        0x0 Standard_Demo_Tasks\StaticAllocation.o
 .data          0x00426040       0x10 Standard_Demo_Tasks\StreamBufferDemo.o
 .data          0x00426050        0xc Standard_Demo_Tasks\StreamBufferInterrupt.o
 .data          0x0042605c        0x4 Standard_Demo_Tasks\TaskNotify.o
 .data          0x00426060        0x8 Standard_Demo_Tasks\TimerDemo.o
 .data          0x00426068        0x0 Standard_Demo_Tasks\blocktim.o
 .data          0x00426068        0x0 Standard_Demo_Tasks\countsem.o
 .data          0x00426068        0x4 Standard_Demo_Tasks\death.o
 .data          0x0042606c        0x0 Standard_Demo_Tasks\dynamic.o
 .data          0x0042606c        0x0 Standard_Demo_Tasks\flop.o
 .data          0x0042606c        0x0 Standard_Demo_Tasks\integer.o
 .data          0x0042606c        0x0 Standard_Demo_Tasks\semtest.o
 .data          0x0042606c        0x0 code_coverage_additions.o
 .data          0x0042606c        0x4 main.o
 .data          0x00426070       0x50 main_blinky.o
                0x00426070                frequencyThreshold
                0x00426078                rocThreshold
                0x00426080                wasStable
                0x00426084                loads
                0x00426098                loadStatus
                0x004260ac                SWITCHES
 .data          0x004260c0        0xc main_full.o
 .data          0x004260cc        0x0 f:/mingw/bin/../lib/gcc/mingw32/6.3.0/../../../libwinmm.a(drqcs00146.o)
 .data          0x004260cc        0x0 f:/mingw/bin/../lib/gcc/mingw32/6.3.0/../../../libwinmm.a(drqcs00145.o)
 .data          0x004260cc        0x0 f:/mingw/bin/../lib/gcc/mingw32/6.3.0/../../../libwinmm.a(drqcs00144.o)
 .data          0x004260cc        0x0 f:/mingw/bin/../lib/gcc/mingw32/6.3.0/../../../libwinmm.a(drqch.o)
 .data          0x004260cc        0x0 f:/mingw/bin/../lib/gcc/mingw32/6.3.0/../../../libwinmm.a(drqct.o)
 .data          0x004260cc        0x4 f:/mingw/bin/../lib/gcc/mingw32/6.3.0/../../../libmingw32.a(CRTglob.o)
                0x004260cc                _CRT_glob
 .data          0x004260d0        0x0 f:/mingw/bin/../lib/gcc/mingw32/6.3.0/../../../libmingw32.a(setargv.o)
 .data          0x004260d0        0x0 f:/mingw/bin/../lib/gcc/mingw32/6.3.0/../../../libmingw32.a(CRTfmode.o)
 .data          0x004260d0        0x0 f:/mingw/bin/../lib/gcc/mingw32/6.3.0/../../../libmingw32.a(cpu_features.o)
 .data          0x004260d0        0x4 f:/mingw/bin/../lib/gcc/mingw32/6.3.0/../../../libmingw32.a(CRT_fp10.o)
                0x004260d0                _CRT_fenv
 .data          0x004260d4        0x4 f:/mingw/bin/../lib/gcc/mingw32/6.3.0/../../../libmingw32.a(txtmode.o)
                0x004260d4                _fmode
 .data          0x004260d8        0x4 f:/mingw/bin/../lib/gcc/mingw32/6.3.0/../../../libmingw32.a(gccmain.o)
 .data          0x004260dc        0x0 f:/mingw/bin/../lib/gcc/mingw32/6.3.0/../../../libmingw32.a(tlssup.o)
 .data          0x004260dc        0x0 f:/mingw/bin/../lib/gcc/mingw32/6.3.0/../../../libmingw32.a(tlsthrd.o)
 .data          0x004260dc        0x0 f:/mingw/bin/../lib/gcc/mingw32/6.3.0/../../../libmingw32.a(pseudo-reloc.o)
 .data          0x004260dc        0x0 f:/mingw/bin/../lib/gcc/mingw32/6.3.0/../../../libmingw32.a(pseudo-reloc-list.o)
 .data          0x004260dc        0x0 f:/mingw/bin/../lib/gcc/mingw32/6.3.0/../../../libmingw32.a(crtst.o)
 .data          0x004260dc        0x0 f:/mingw/bin/../lib/gcc/mingw32/6.3.0/libgcc.a(_chkstk_ms.o)
 .data          0x004260dc        0x0 f:/mingw/bin/../lib/gcc/mingw32/6.3.0/libgcc.a(_ctors.o)
 .data          0x004260dc        0x0 f:/mingw/bin/../lib/gcc/mingw32/6.3.0/libgcc.a(_divdi3.o)
 .data          0x004260dc        0x4 f:/mingw/bin/../lib/gcc/mingw32/6.3.0/../../../libmingwex.a(fesetenv.o)
 .data          0x004260e0        0x0 f:/mingw/bin/../lib/gcc/mingw32/6.3.0/../../../libmingwex.a(glob.o)
 .data          0x004260e0        0x0 f:/mingw/bin/../lib/gcc/mingw32/6.3.0/../../../libmingwex.a(dirname.o)
 .data          0x004260e0        0x0 f:/mingw/bin/../lib/gcc/mingw32/6.3.0/../../../libmingwex.a(dirent.o)
 .data          0x004260e0        0x0 f:/mingw/bin/../lib/gcc/mingw32/6.3.0/../../../libmsvcrt.a(djpvbs01325.o)
 .data          0x004260e0        0x0 f:/mingw/bin/../lib/gcc/mingw32/6.3.0/../../../libmsvcrt.a(djpvbs01284.o)
 .data          0x004260e0        0x0 f:/mingw/bin/../lib/gcc/mingw32/6.3.0/../../../libmsvcrt.a(djpvbs01277.o)
 .data          0x004260e0        0x0 f:/mingw/bin/../lib/gcc/mingw32/6.3.0/../../../libmsvcrt.a(djpvbs01252.o)
 .data          0x004260e0        0x0 f:/mingw/bin/../lib/gcc/mingw32/6.3.0/../../../libmsvcrt.a(djpvbs01249.o)
 .data          0x004260e0        0x0 f:/mingw/bin/../lib/gcc/mingw32/6.3.0/../../../libmsvcrt.a(djpvbs01242.o)
 .data          0x004260e0        0x0 f:/mingw/bin/../lib/gcc/mingw32/6.3.0/../../../libmsvcrt.a(djpvbs01241.o)
 .data          0x004260e0        0x0 f:/mingw/bin/../lib/gcc/mingw32/6.3.0/../../../libmsvcrt.a(djpvbs01232.o)
 .data          0x004260e0        0x0 f:/mingw/bin/../lib/gcc/mingw32/6.3.0/../../../libmsvcrt.a(djpvbs01229.o)
 .data          0x004260e0        0x0 f:/mingw/bin/../lib/gcc/mingw32/6.3.0/../../../libmsvcrt.a(djpvbs01227.o)
 .data          0x004260e0        0x0 f:/mingw/bin/../lib/gcc/mingw32/6.3.0/../../../libmsvcrt.a(djpvbs01220.o)
 .data          0x004260e0        0x0 f:/mingw/bin/../lib/gcc/mingw32/6.3.0/../../../libmsvcrt.a(djpvbs01218.o)
 .data          0x004260e0        0x0 f:/mingw/bin/../lib/gcc/mingw32/6.3.0/../../../libmsvcrt.a(djpvbs01212.o)
 .data          0x004260e0        0x0 f:/mingw/bin/../lib/gcc/mingw32/6.3.0/../../../libmsvcrt.a(djpvbs01208.o)
 .data          0x004260e0        0x0 f:/mingw/bin/../lib/gcc/mingw32/6.3.0/../../../libmsvcrt.a(djpvbs01203.o)
 .data          0x004260e0        0x0 f:/mingw/bin/../lib/gcc/mingw32/6.3.0/../../../libmsvcrt.a(djpvbs01199.o)
 .data          0x004260e0        0x0 f:/mingw/bin/../lib/gcc/mingw32/6.3.0/../../../libmsvcrt.a(djpvbs01198.o)
 .data          0x004260e0        0x0 f:/mingw/bin/../lib/gcc/mingw32/6.3.0/../../../libmsvcrt.a(djpvbs01194.o)
 .data          0x004260e0        0x0 f:/mingw/bin/../lib/gcc/mingw32/6.3.0/../../../libmsvcrt.a(djpvbs01187.o)
 .data          0x004260e0        0x0 f:/mingw/bin/../lib/gcc/mingw32/6.3.0/../../../libmsvcrt.a(djpvbs01142.o)
 .data          0x004260e0        0x0 f:/mingw/bin/../lib/gcc/mingw32/6.3.0/../../../libmsvcrt.a(djpvbs01131.o)
 .data          0x004260e0        0x0 f:/mingw/bin/../lib/gcc/mingw32/6.3.0/../../../libmsvcrt.a(djpvbs01122.o)
 .data          0x004260e0        0x0 f:/mingw/bin/../lib/gcc/mingw32/6.3.0/../../../libmsvcrt.a(djpvbs01114.o)
 .data          0x004260e0        0x0 f:/mingw/bin/../lib/gcc/mingw32/6.3.0/../../../libmsvcrt.a(djpvbs01111.o)
 .data          0x004260e0        0x0 f:/mingw/bin/../lib/gcc/mingw32/6.3.0/../../../libmsvcrt.a(djpvbs01108.o)
 .data          0x004260e0        0x0 f:/mingw/bin/../lib/gcc/mingw32/6.3.0/../../../libmsvcrt.a(djpvbs01098.o)
 .data          0x004260e0        0x0 f:/mingw/bin/../lib/gcc/mingw32/6.3.0/../../../libmsvcrt.a(djpvbs01091.o)
 .data          0x004260e0        0x0 f:/mingw/bin/../lib/gcc/mingw32/6.3.0/../../../libmsvcrt.a(djpvbs01083.o)
 .data          0x004260e0        0x0 f:/mingw/bin/../lib/gcc/mingw32/6.3.0/../../../libmsvcrt.a(djpvbs00753.o)
 .data          0x004260e0        0x0 f:/mingw/bin/../lib/gcc/mingw32/6.3.0/../../../libmsvcrt.a(djpvbs00698.o)
 .data          0x004260e0        0x0 f:/mingw/bin/../lib/gcc/mingw32/6.3.0/../../../libmsvcrt.a(djpvbs00689.o)
 .data          0x004260e0        0x0 f:/mingw/bin/../lib/gcc/mingw32/6.3.0/../../../libmsvcrt.a(djpvbs00422.o)
 .data          0x004260e0        0x0 f:/mingw/bin/../lib/gcc/mingw32/6.3.0/../../../libmsvcrt.a(djpvbs00417.o)
 .data          0x004260e0        0x0 f:/mingw/bin/../lib/gcc/mingw32/6.3.0/../../../libmsvcrt.a(djpvbs00350.o)
 .data          0x004260e0        0x0 f:/mingw/bin/../lib/gcc/mingw32/6.3.0/../../../libmsvcrt.a(djpvbs00324.o)
 .data          0x004260e0        0x0 f:/mingw/bin/../lib/gcc/mingw32/6.3.0/../../../libmsvcrt.a(djpvbs00285.o)
 .data          0x004260e0        0x0 f:/mingw/bin/../lib/gcc/mingw32/6.3.0/../../../libmsvcrt.a(djpvbs00219.o)
 .data          0x004260e0        0x0 f:/mingw/bin/../lib/gcc/mingw32/6.3.0/../../../libmsvcrt.a(djpvbs00153.o)
 .data          0x004260e0        0x0 f:/mingw/bin/../lib/gcc/mingw32/6.3.0/../../../libmsvcrt.a(djpvbs00133.o)
 .data          0x004260e0        0x0 f:/mingw/bin/../lib/gcc/mingw32/6.3.0/../../../libmsvcrt.a(djpvbs00131.o)
 .data          0x004260e0        0x0 f:/mingw/bin/../lib/gcc/mingw32/6.3.0/../../../libmsvcrt.a(djpvbs00119.o)
 .data          0x004260e0        0x0 f:/mingw/bin/../lib/gcc/mingw32/6.3.0/../../../libmsvcrt.a(djpvbs00088.o)
 .data          0x004260e0        0x0 f:/mingw/bin/../lib/gcc/mingw32/6.3.0/../../../libmsvcrt.a(djpvbh.o)
 .data          0x004260e0        0x0 f:/mingw/bin/../lib/gcc/mingw32/6.3.0/../../../libmsvcrt.a(djpvbt.o)
 .data          0x004260e0        0x0 f:/mingw/bin/../lib/gcc/mingw32/6.3.0/../../../libkernel32.a(dujcs01223.o)
 .data          0x004260e0        0x0 f:/mingw/bin/../lib/gcc/mingw32/6.3.0/../../../libkernel32.a(dujcs01221.o)
 .data          0x004260e0        0x0 f:/mingw/bin/../lib/gcc/mingw32/6.3.0/../../../libkernel32.a(dujcs01215.o)
 .data          0x004260e0        0x0 f:/mingw/bin/../lib/gcc/mingw32/6.3.0/../../../libkernel32.a(dujcs01213.o)
 .data          0x004260e0        0x0 f:/mingw/bin/../lib/gcc/mingw32/6.3.0/../../../libkernel32.a(dujcs01173.o)
 .data          0x004260e0        0x0 f:/mingw/bin/../lib/gcc/mingw32/6.3.0/../../../libkernel32.a(dujcs01167.o)
 .data          0x004260e0        0x0 f:/mingw/bin/../lib/gcc/mingw32/6.3.0/../../../libkernel32.a(dujcs01160.o)
 .data          0x004260e0        0x0 f:/mingw/bin/../lib/gcc/mingw32/6.3.0/../../../libkernel32.a(dujcs01152.o)
 .data          0x004260e0        0x0 f:/mingw/bin/../lib/gcc/mingw32/6.3.0/../../../libkernel32.a(dujcs01140.o)
 .data          0x004260e0        0x0 f:/mingw/bin/../lib/gcc/mingw32/6.3.0/../../../libkernel32.a(dujcs01130.o)
 .data          0x004260e0        0x0 f:/mingw/bin/../lib/gcc/mingw32/6.3.0/../../../libkernel32.a(dujcs01129.o)
 .data          0x004260e0        0x0 f:/mingw/bin/../lib/gcc/mingw32/6.3.0/../../../libkernel32.a(dujcs01120.o)
 .data          0x004260e0        0x0 f:/mingw/bin/../lib/gcc/mingw32/6.3.0/../../../libkernel32.a(dujcs01101.o)
 .data          0x004260e0        0x0 f:/mingw/bin/../lib/gcc/mingw32/6.3.0/../../../libkernel32.a(dujcs01065.o)
 .data          0x004260e0        0x0 f:/mingw/bin/../lib/gcc/mingw32/6.3.0/../../../libkernel32.a(dujcs01021.o)
 .data          0x004260e0        0x0 f:/mingw/bin/../lib/gcc/mingw32/6.3.0/../../../libkernel32.a(dujcs00999.o)
 .data          0x004260e0        0x0 f:/mingw/bin/../lib/gcc/mingw32/6.3.0/../../../libkernel32.a(dujcs00995.o)
 .data          0x004260e0        0x0 f:/mingw/bin/../lib/gcc/mingw32/6.3.0/../../../libkernel32.a(dujcs00974.o)
 .data          0x004260e0        0x0 f:/mingw/bin/../lib/gcc/mingw32/6.3.0/../../../libkernel32.a(dujcs00923.o)
 .data          0x004260e0        0x0 f:/mingw/bin/../lib/gcc/mingw32/6.3.0/../../../libkernel32.a(dujcs00922.o)
 .data          0x004260e0        0x0 f:/mingw/bin/../lib/gcc/mingw32/6.3.0/../../../libkernel32.a(dujcs00817.o)
 .data          0x004260e0        0x0 f:/mingw/bin/../lib/gcc/mingw32/6.3.0/../../../libkernel32.a(dujcs00814.o)
 .data          0x004260e0        0x0 f:/mingw/bin/../lib/gcc/mingw32/6.3.0/../../../libkernel32.a(dujcs00734.o)
 .data          0x004260e0        0x0 f:/mingw/bin/../lib/gcc/mingw32/6.3.0/../../../libkernel32.a(dujcs00642.o)
 .data          0x004260e0        0x0 f:/mingw/bin/../lib/gcc/mingw32/6.3.0/../../../libkernel32.a(dujcs00623.o)
 .data          0x004260e0        0x0 f:/mingw/bin/../lib/gcc/mingw32/6.3.0/../../../libkernel32.a(dujcs00577.o)
 .data          0x004260e0        0x0 f:/mingw/bin/../lib/gcc/mingw32/6.3.0/../../../libkernel32.a(dujcs00529.o)
 .data          0x004260e0        0x0 f:/mingw/bin/../lib/gcc/mingw32/6.3.0/../../../libkernel32.a(dujcs00510.o)
 .data          0x004260e0        0x0 f:/mingw/bin/../lib/gcc/mingw32/6.3.0/../../../libkernel32.a(dujcs00450.o)
 .data          0x004260e0        0x0 f:/mingw/bin/../lib/gcc/mingw32/6.3.0/../../../libkernel32.a(dujcs00446.o)
 .data          0x004260e0        0x0 f:/mingw/bin/../lib/gcc/mingw32/6.3.0/../../../libkernel32.a(dujcs00388.o)
 .data          0x004260e0        0x0 f:/mingw/bin/../lib/gcc/mingw32/6.3.0/../../../libkernel32.a(dujcs00352.o)
 .data          0x004260e0        0x0 f:/mingw/bin/../lib/gcc/mingw32/6.3.0/../../../libkernel32.a(dujcs00321.o)
 .data          0x004260e0        0x0 f:/mingw/bin/../lib/gcc/mingw32/6.3.0/../../../libkernel32.a(dujcs00304.o)
 .data          0x004260e0        0x0 f:/mingw/bin/../lib/gcc/mingw32/6.3.0/../../../libkernel32.a(dujcs00300.o)
 .data          0x004260e0        0x0 f:/mingw/bin/../lib/gcc/mingw32/6.3.0/../../../libkernel32.a(dujcs00280.o)
 .data          0x004260e0        0x0 f:/mingw/bin/../lib/gcc/mingw32/6.3.0/../../../libkernel32.a(dujcs00279.o)
 .data          0x004260e0        0x0 f:/mingw/bin/../lib/gcc/mingw32/6.3.0/../../../libkernel32.a(dujcs00236.o)
 .data          0x004260e0        0x0 f:/mingw/bin/../lib/gcc/mingw32/6.3.0/../../../libkernel32.a(dujcs00207.o)
 .data          0x004260e0        0x0 f:/mingw/bin/../lib/gcc/mingw32/6.3.0/../../../libkernel32.a(dujcs00179.o)
 .data          0x004260e0        0x0 f:/mingw/bin/../lib/gcc/mingw32/6.3.0/../../../libkernel32.a(dujcs00154.o)
 .data          0x004260e0        0x0 f:/mingw/bin/../lib/gcc/mingw32/6.3.0/../../../libkernel32.a(dujcs00129.o)
 .data          0x004260e0        0x0 f:/mingw/bin/../lib/gcc/mingw32/6.3.0/../../../libkernel32.a(dujcs00082.o)
 .data          0x004260e0        0x0 f:/mingw/bin/../lib/gcc/mingw32/6.3.0/../../../libkernel32.a(dujch.o)
 .data          0x004260e0        0x0 f:/mingw/bin/../lib/gcc/mingw32/6.3.0/../../../libkernel32.a(dujct.o)
 .data          0x004260e0        0x0 f:/mingw/bin/../lib/gcc/mingw32/6.3.0/../../../libmoldname.a(dagwbs00082.o)
 .data          0x004260e0        0x0 f:/mingw/bin/../lib/gcc/mingw32/6.3.0/../../../libmoldname.a(dagwbs00080.o)
 .data          0x004260e0        0x0 f:/mingw/bin/../lib/gcc/mingw32/6.3.0/../../../libmoldname.a(dagwbh.o)
 .data          0x004260e0        0x0 f:/mingw/bin/../lib/gcc/mingw32/6.3.0/../../../libmoldname.a(dagwbt.o)
 .data          0x004260e0        0x0 f:/mingw/bin/../lib/gcc/mingw32/6.3.0/crtend.o
 *(.data2)
 *(SORT(.data$*))
 *(.jcr)
 .jcr           0x004260e0        0x0 f:/mingw/bin/../lib/gcc/mingw32/6.3.0/crtbegin.o
 .jcr           0x004260e0        0x4 f:/mingw/bin/../lib/gcc/mingw32/6.3.0/crtend.o
                0x004260e4                __data_end__ = .
 *(.data_cygwin_nocopy)

.rdata          0x00427000     0x3400
 *(.rdata)
 .rdata         0x00427000       0x64 f:/mingw/bin/../lib/gcc/mingw32/6.3.0/crtbegin.o
 .rdata         0x00427064       0x2c DemosModifiedForLowTickRate\recmutex.o
 .rdata         0x00427090      0x398 FreeRTOS+Trace Recorder\trcKernelPort.o
 .rdata         0x00427428     0x1100 FreeRTOS+Trace Recorder\trcSnapshotRecorder.o
 .rdata         0x00428528       0x20 FreeRTOS_Source\event_groups.o
 .rdata         0x00428548       0x98 FreeRTOS_Source\portable\MSVC-MingW\port.o
 .rdata         0x004285e0       0x30 FreeRTOS_Source\portable\MemMang\heap_5.o
 .rdata         0x00428610       0x18 FreeRTOS_Source\queue.o
 .rdata         0x00428628       0x20 FreeRTOS_Source\stream_buffer.o
 .rdata         0x00428648       0x48 FreeRTOS_Source\tasks.o
 .rdata         0x00428690       0x54 FreeRTOS_Source\timers.o
 .rdata         0x004286e4       0x60 Standard_Demo_Tasks\AbortDelay.o
                0x004286f4                xMaxBlockTime
                0x004286f8                xHalfMaxBlockTime
                0x004286fc                xAllowableMargin
 .rdata         0x00428744       0x30 Standard_Demo_Tasks\BlockQ.o
 .rdata         0x00428774       0x38 Standard_Demo_Tasks\EventGroupsDemo.o
 .rdata         0x004287ac       0x60 Standard_Demo_Tasks\GenQTest.o
 .rdata         0x0042880c       0x3c Standard_Demo_Tasks\IntSemTest.o
                0x0042880c                xInterruptGivePeriod
 .rdata         0x00428848       0x44 Standard_Demo_Tasks\MessageBufferAMP.o
 .rdata         0x0042888c       0xb8 Standard_Demo_Tasks\MessageBufferDemo.o
 .rdata         0x00428944       0x20 Standard_Demo_Tasks\PollQ.o
 .rdata         0x00428964       0x2c Standard_Demo_Tasks\QPeek.o
 .rdata         0x00428990       0x30 Standard_Demo_Tasks\QueueOverwrite.o
 .rdata         0x004289c0       0x2c Standard_Demo_Tasks\QueueSet.o
 .rdata         0x004289ec        0x8 Standard_Demo_Tasks\QueueSetPolling.o
 .rdata         0x004289f4       0x40 Standard_Demo_Tasks\StaticAllocation.o
 .rdata         0x00428a34      0x110 Standard_Demo_Tasks\StreamBufferDemo.o
 .rdata         0x00428b44       0x64 Standard_Demo_Tasks\StreamBufferInterrupt.o
 .rdata         0x00428ba8       0x44 Standard_Demo_Tasks\TaskNotify.o
 .rdata         0x00428bec       0x50 Standard_Demo_Tasks\TimerDemo.o
 .rdata         0x00428c3c       0x20 Standard_Demo_Tasks\blocktim.o
 .rdata         0x00428c5c       0x48 Standard_Demo_Tasks\countsem.o
 .rdata         0x00428ca4       0x1c Standard_Demo_Tasks\death.o
 .rdata         0x00428cc0       0x5c Standard_Demo_Tasks\dynamic.o
 *fill*         0x00428d1c        0x4 
 .rdata         0x00428d20       0x60 Standard_Demo_Tasks\flop.o
 .rdata         0x00428d80        0x8 Standard_Demo_Tasks\integer.o
 .rdata         0x00428d88       0x40 Standard_Demo_Tasks\semtest.o
 .rdata         0x00428dc8       0x24 code_coverage_additions.o
 .rdata         0x00428dec      0x10c main.o
 .rdata         0x00428ef8      0x780 main_blinky.o
 .rdata         0x00429678      0x504 main_full.o
 .rdata         0x00429b7c        0x4 f:/mingw/bin/../lib/gcc/mingw32/6.3.0/../../../libmingw32.a(tlssup.o)
                0x00429b7c                __dyn_tls_init_callback
 .rdata         0x00429b80       0xac f:/mingw/bin/../lib/gcc/mingw32/6.3.0/../../../libmingw32.a(pseudo-reloc.o)
 .rdata         0x00429c2c       0x14 f:/mingw/bin/../lib/gcc/mingw32/6.3.0/../../../libmingwex.a(glob.o)
 .rdata         0x00429c40        0x8 f:/mingw/bin/../lib/gcc/mingw32/6.3.0/../../../libmingwex.a(dirname.o)
 *(SORT(.rdata$*))
 .rdata$zzz     0x00429c48       0x14 f:/mingw/bin/../lib/gcc/mingw32/6.3.0/../../../crt2.o
 .rdata$zzz     0x00429c5c       0x14 f:/mingw/bin/../lib/gcc/mingw32/6.3.0/crtbegin.o
 .rdata$zzz     0x00429c70       0x24 DemosModifiedForLowTickRate\recmutex.o
 .rdata$zzz     0x00429c94       0x24 FreeRTOS+Trace Recorder\trcKernelPort.o
 .rdata$zzz     0x00429cb8       0x24 FreeRTOS+Trace Recorder\trcSnapshotRecorder.o
 .rdata$zzz     0x00429cdc       0x24 FreeRTOS+Trace Recorder\trcStreamingRecorder.o
 .rdata$zzz     0x00429d00       0x24 FreeRTOS_Source\croutine.o
 .rdata$zzz     0x00429d24       0x24 FreeRTOS_Source\event_groups.o
 .rdata$zzz     0x00429d48       0x24 FreeRTOS_Source\list.o
 .rdata$zzz     0x00429d6c       0x24 FreeRTOS_Source\portable\MSVC-MingW\port.o
 .rdata$zzz     0x00429d90       0x24 FreeRTOS_Source\portable\MemMang\heap_5.o
 .rdata$zzz     0x00429db4       0x24 FreeRTOS_Source\queue.o
 .rdata$zzz     0x00429dd8       0x24 FreeRTOS_Source\stream_buffer.o
 .rdata$zzz     0x00429dfc       0x24 FreeRTOS_Source\tasks.o
 .rdata$zzz     0x00429e20       0x24 FreeRTOS_Source\timers.o
 .rdata$zzz     0x00429e44       0x24 Run-time-stats-utils.o
 .rdata$zzz     0x00429e68       0x24 Standard_Demo_Tasks\AbortDelay.o
 .rdata$zzz     0x00429e8c       0x24 Standard_Demo_Tasks\BlockQ.o
 .rdata$zzz     0x00429eb0       0x24 Standard_Demo_Tasks\EventGroupsDemo.o
 .rdata$zzz     0x00429ed4       0x24 Standard_Demo_Tasks\GenQTest.o
 .rdata$zzz     0x00429ef8       0x24 Standard_Demo_Tasks\IntSemTest.o
 .rdata$zzz     0x00429f1c       0x24 Standard_Demo_Tasks\MessageBufferAMP.o
 .rdata$zzz     0x00429f40       0x24 Standard_Demo_Tasks\MessageBufferDemo.o
 .rdata$zzz     0x00429f64       0x24 Standard_Demo_Tasks\PollQ.o
 .rdata$zzz     0x00429f88       0x24 Standard_Demo_Tasks\QPeek.o
 .rdata$zzz     0x00429fac       0x24 Standard_Demo_Tasks\QueueOverwrite.o
 .rdata$zzz     0x00429fd0       0x24 Standard_Demo_Tasks\QueueSet.o
 .rdata$zzz     0x00429ff4       0x24 Standard_Demo_Tasks\QueueSetPolling.o
 .rdata$zzz     0x0042a018       0x24 Standard_Demo_Tasks\StaticAllocation.o
 .rdata$zzz     0x0042a03c       0x24 Standard_Demo_Tasks\StreamBufferDemo.o
 .rdata$zzz     0x0042a060       0x24 Standard_Demo_Tasks\StreamBufferInterrupt.o
 .rdata$zzz     0x0042a084       0x24 Standard_Demo_Tasks\TaskNotify.o
 .rdata$zzz     0x0042a0a8       0x24 Standard_Demo_Tasks\TimerDemo.o
 .rdata$zzz     0x0042a0cc       0x24 Standard_Demo_Tasks\blocktim.o
 .rdata$zzz     0x0042a0f0       0x24 Standard_Demo_Tasks\countsem.o
 .rdata$zzz     0x0042a114       0x24 Standard_Demo_Tasks\death.o
 .rdata$zzz     0x0042a138       0x24 Standard_Demo_Tasks\dynamic.o
 .rdata$zzz     0x0042a15c       0x24 Standard_Demo_Tasks\flop.o
 .rdata$zzz     0x0042a180       0x24 Standard_Demo_Tasks\integer.o
 .rdata$zzz     0x0042a1a4       0x24 Standard_Demo_Tasks\semtest.o
 .rdata$zzz     0x0042a1c8       0x24 code_coverage_additions.o
 .rdata$zzz     0x0042a1ec       0x24 main.o
 .rdata$zzz     0x0042a210       0x24 main_blinky.o
 .rdata$zzz     0x0042a234       0x24 main_full.o
 .rdata$zzz     0x0042a258       0x14 f:/mingw/bin/../lib/gcc/mingw32/6.3.0/../../../libmingw32.a(CRTglob.o)
 .rdata$zzz     0x0042a26c       0x14 f:/mingw/bin/../lib/gcc/mingw32/6.3.0/../../../libmingw32.a(setargv.o)
 .rdata$zzz     0x0042a280       0x14 f:/mingw/bin/../lib/gcc/mingw32/6.3.0/../../../libmingw32.a(CRTfmode.o)
 .rdata$zzz     0x0042a294       0x14 f:/mingw/bin/../lib/gcc/mingw32/6.3.0/../../../libmingw32.a(CRT_fp10.o)
 .rdata$zzz     0x0042a2a8       0x14 f:/mingw/bin/../lib/gcc/mingw32/6.3.0/../../../libmingw32.a(txtmode.o)
 .rdata$zzz     0x0042a2bc       0x14 f:/mingw/bin/../lib/gcc/mingw32/6.3.0/../../../libmingw32.a(gccmain.o)
 .rdata$zzz     0x0042a2d0       0x14 f:/mingw/bin/../lib/gcc/mingw32/6.3.0/../../../libmingw32.a(tlssup.o)
 .rdata$zzz     0x0042a2e4       0x14 f:/mingw/bin/../lib/gcc/mingw32/6.3.0/../../../libmingw32.a(tlsthrd.o)
 .rdata$zzz     0x0042a2f8       0x14 f:/mingw/bin/../lib/gcc/mingw32/6.3.0/../../../libmingw32.a(pseudo-reloc.o)
 .rdata$zzz     0x0042a30c       0x14 f:/mingw/bin/../lib/gcc/mingw32/6.3.0/../../../libmingw32.a(pseudo-reloc-list.o)
 .rdata$zzz     0x0042a320       0x14 f:/mingw/bin/../lib/gcc/mingw32/6.3.0/../../../libmingw32.a(crtst.o)
 .rdata$zzz     0x0042a334       0x14 f:/mingw/bin/../lib/gcc/mingw32/6.3.0/libgcc.a(_ctors.o)
 .rdata$zzz     0x0042a348       0x14 f:/mingw/bin/../lib/gcc/mingw32/6.3.0/libgcc.a(_divdi3.o)
 .rdata$zzz     0x0042a35c       0x14 f:/mingw/bin/../lib/gcc/mingw32/6.3.0/../../../libmingwex.a(fesetenv.o)
 .rdata$zzz     0x0042a370       0x14 f:/mingw/bin/../lib/gcc/mingw32/6.3.0/../../../libmingwex.a(glob.o)
 .rdata$zzz     0x0042a384       0x14 f:/mingw/bin/../lib/gcc/mingw32/6.3.0/../../../libmingwex.a(dirname.o)
 .rdata$zzz     0x0042a398       0x14 f:/mingw/bin/../lib/gcc/mingw32/6.3.0/../../../libmingwex.a(dirent.o)
 .rdata$zzz     0x0042a3ac       0x14 f:/mingw/bin/../lib/gcc/mingw32/6.3.0/crtend.o
                0x0042a3c0                __rt_psrelocs_start = .
 *(.rdata_runtime_pseudo_reloc)
                0x0042a3c0                __rt_psrelocs_end = .
                0x00000000                __rt_psrelocs_size = (__rt_psrelocs_end - __rt_psrelocs_start)
                0x0042a3c0                ___RUNTIME_PSEUDO_RELOC_LIST_END__ = .
                0x0042a3c0                __RUNTIME_PSEUDO_RELOC_LIST_END__ = .
                0x0042a3c0                ___RUNTIME_PSEUDO_RELOC_LIST__ = (. - __rt_psrelocs_size)
                0x0042a3c0                __RUNTIME_PSEUDO_RELOC_LIST__ = (. - __rt_psrelocs_size)

.eh_frame       0x0042b000     0x5400
 *(.eh_frame*)
 .eh_frame      0x0042b000       0xb8 f:/mingw/bin/../lib/gcc/mingw32/6.3.0/../../../crt2.o
 .eh_frame      0x0042b0b8       0x64 f:/mingw/bin/../lib/gcc/mingw32/6.3.0/crtbegin.o
                0x0042b0b8                __EH_FRAME_BEGIN__
 .eh_frame      0x0042b11c       0xac DemosModifiedForLowTickRate\recmutex.o
 .eh_frame      0x0042b1c8      0x458 FreeRTOS+Trace Recorder\trcKernelPort.o
 .eh_frame      0x0042b620      0x7cc FreeRTOS+Trace Recorder\trcSnapshotRecorder.o
 .eh_frame      0x0042bdec      0x1f8 FreeRTOS_Source\event_groups.o
 .eh_frame      0x0042bfe4       0xb8 FreeRTOS_Source\list.o
 .eh_frame      0x0042c09c      0x1c8 FreeRTOS_Source\portable\MSVC-MingW\port.o
 .eh_frame      0x0042c264       0xf8 FreeRTOS_Source\portable\MemMang\heap_5.o
 .eh_frame      0x0042c35c      0x684 FreeRTOS_Source\queue.o
 .eh_frame      0x0042c9e0      0x36c FreeRTOS_Source\stream_buffer.o
 .eh_frame      0x0042cd4c      0x964 FreeRTOS_Source\tasks.o
 .eh_frame      0x0042d6b0      0x394 FreeRTOS_Source\timers.o
 .eh_frame      0x0042da44       0x60 Run-time-stats-utils.o
 .eh_frame      0x0042daa4      0x1d0 Standard_Demo_Tasks\AbortDelay.o
 .eh_frame      0x0042dc74       0x90 Standard_Demo_Tasks\BlockQ.o
 .eh_frame      0x0042dd04      0x14c Standard_Demo_Tasks\EventGroupsDemo.o
 .eh_frame      0x0042de50      0x130 Standard_Demo_Tasks\GenQTest.o
 .eh_frame      0x0042df80      0x10c Standard_Demo_Tasks\IntSemTest.o
 .eh_frame      0x0042e08c       0xd0 Standard_Demo_Tasks\MessageBufferAMP.o
 .eh_frame      0x0042e15c      0x120 Standard_Demo_Tasks\MessageBufferDemo.o
 .eh_frame      0x0042e27c       0x90 Standard_Demo_Tasks\PollQ.o
 .eh_frame      0x0042e30c       0xc8 Standard_Demo_Tasks\QPeek.o
 .eh_frame      0x0042e3d4       0x94 Standard_Demo_Tasks\QueueOverwrite.o
 .eh_frame      0x0042e468      0x210 Standard_Demo_Tasks\QueueSet.o
 .eh_frame      0x0042e678       0x94 Standard_Demo_Tasks\QueueSetPolling.o
 .eh_frame      0x0042e70c      0x280 Standard_Demo_Tasks\StaticAllocation.o
 .eh_frame      0x0042e98c      0x17c Standard_Demo_Tasks\StreamBufferDemo.o
 .eh_frame      0x0042eb08       0x94 Standard_Demo_Tasks\StreamBufferInterrupt.o
 .eh_frame      0x0042eb9c      0x114 Standard_Demo_Tasks\TaskNotify.o
 .eh_frame      0x0042ecb0      0x234 Standard_Demo_Tasks\TimerDemo.o
 .eh_frame      0x0042eee4       0xb0 Standard_Demo_Tasks\blocktim.o
 .eh_frame      0x0042ef94       0xb4 Standard_Demo_Tasks\countsem.o
 .eh_frame      0x0042f048       0x90 Standard_Demo_Tasks\death.o
 .eh_frame      0x0042f0d8       0xe4 Standard_Demo_Tasks\dynamic.o
 .eh_frame      0x0042f1bc       0xc8 Standard_Demo_Tasks\flop.o
 .eh_frame      0x0042f284       0x74 Standard_Demo_Tasks\integer.o
 .eh_frame      0x0042f2f8       0x74 Standard_Demo_Tasks\semtest.o
 .eh_frame      0x0042f36c      0x140 code_coverage_additions.o
 .eh_frame      0x0042f4ac      0x1a4 main.o
 .eh_frame      0x0042f650      0x1c8 main_blinky.o
 .eh_frame      0x0042f818      0x1f0 main_full.o
 .eh_frame      0x0042fa08       0x58 f:/mingw/bin/../lib/gcc/mingw32/6.3.0/../../../libmingw32.a(setargv.o)
 .eh_frame      0x0042fa60       0x40 f:/mingw/bin/../lib/gcc/mingw32/6.3.0/../../../libmingw32.a(cpu_features.o)
 .eh_frame      0x0042faa0       0x68 f:/mingw/bin/../lib/gcc/mingw32/6.3.0/../../../libmingw32.a(gccmain.o)
 .eh_frame      0x0042fb08       0x88 f:/mingw/bin/../lib/gcc/mingw32/6.3.0/../../../libmingw32.a(tlssup.o)
 .eh_frame      0x0042fb90      0x108 f:/mingw/bin/../lib/gcc/mingw32/6.3.0/../../../libmingw32.a(tlsthrd.o)
 .eh_frame      0x0042fc98       0xd8 f:/mingw/bin/../lib/gcc/mingw32/6.3.0/../../../libmingw32.a(pseudo-reloc.o)
 .eh_frame      0x0042fd70       0x58 f:/mingw/bin/../lib/gcc/mingw32/6.3.0/libgcc.a(_divdi3.o)
 .eh_frame      0x0042fdc8       0x34 f:/mingw/bin/../lib/gcc/mingw32/6.3.0/../../../libmingwex.a(fesetenv.o)
 .eh_frame      0x0042fdfc      0x25c f:/mingw/bin/../lib/gcc/mingw32/6.3.0/../../../libmingwex.a(glob.o)
 .eh_frame      0x00430058       0x58 f:/mingw/bin/../lib/gcc/mingw32/6.3.0/../../../libmingwex.a(dirname.o)
 .eh_frame      0x004300b0      0x1c4 f:/mingw/bin/../lib/gcc/mingw32/6.3.0/../../../libmingwex.a(dirent.o)
 .eh_frame      0x00430274       0x3c f:/mingw/bin/../lib/gcc/mingw32/6.3.0/crtend.o

.pdata
 *(.pdata*)

.bss            0x00431000    0x25fa0
                0x00431000                __bss_start__ = .
 *(.bss)
 .bss           0x00431000        0x8 f:/mingw/bin/../lib/gcc/mingw32/6.3.0/../../../crt2.o
                0x00431000                _argv
                0x00431004                _argc
 .bss           0x00431008       0x18 f:/mingw/bin/../lib/gcc/mingw32/6.3.0/crtbegin.o
 .bss           0x00431020       0x34 DemosModifiedForLowTickRate\recmutex.o
 .bss           0x00431054        0x4 FreeRTOS+Trace Recorder\trcKernelPort.o
                0x00431054                uiInEventGroupSetBitsFromISR
 *fill*         0x00431058        0x8 
 .bss           0x00431060      0x420 FreeRTOS+Trace Recorder\trcSnapshotRecorder.o
                0x00431060                isPendingContextSwitch
                0x00431064                uiTraceTickCount
                0x00431068                trace_disable_timestamp
                0x0043106c                uiTraceSystemState
                0x00431070                recorder_busy
                0x00431074                timestampFrequency
                0x00431078                traceErrorMessage
                0x0043107c                nISRactive
                0x0043107d                handle_of_last_logged_task
                0x00431080                vTraceStopHookPtr
                0x004310a0                objectHandleStacks
                0x00431444                RecorderDataPtr
 .bss           0x00431480        0x0 FreeRTOS+Trace Recorder\trcStreamingRecorder.o
 .bss           0x00431480        0x0 FreeRTOS_Source\croutine.o
 .bss           0x00431480        0x0 FreeRTOS_Source\event_groups.o
 .bss           0x00431480        0x0 FreeRTOS_Source\list.o
 .bss           0x00431480       0xc0 FreeRTOS_Source\portable\MSVC-MingW\port.o
                0x00431480                xInsideInterrupt
 .bss           0x00431540       0x20 FreeRTOS_Source\portable\MemMang\heap_5.o
 .bss           0x00431560        0x0 FreeRTOS_Source\queue.o
 .bss           0x00431560        0x0 FreeRTOS_Source\stream_buffer.o
 .bss           0x00431560      0x160 FreeRTOS_Source\tasks.o
                0x00431560                pxCurrentTCB
 .bss           0x004316c0      0x1e0 FreeRTOS_Source\timers.o
 .bss           0x004318a0       0x10 Run-time-stats-utils.o
 *fill*         0x004318b0       0x10 
 .bss           0x004318c0      0x120 Standard_Demo_Tasks\AbortDelay.o
 .bss           0x004319e0       0x20 Standard_Demo_Tasks\BlockQ.o
 .bss           0x00431a00       0x30 Standard_Demo_Tasks\EventGroupsDemo.o
 .bss           0x00431a30       0x2c Standard_Demo_Tasks\GenQTest.o
 .bss           0x00431a5c       0x30 Standard_Demo_Tasks\IntSemTest.o
 .bss           0x00431a8c       0x1c Standard_Demo_Tasks\MessageBufferAMP.o
 *fill*         0x00431aa8       0x18 
 .bss           0x00431ac0      0x100 Standard_Demo_Tasks\MessageBufferDemo.o
 .bss           0x00431bc0        0xc Standard_Demo_Tasks\PollQ.o
 .bss           0x00431bcc        0xc Standard_Demo_Tasks\QPeek.o
 .bss           0x00431bd8        0xc Standard_Demo_Tasks\QueueOverwrite.o
 .bss           0x00431be4       0x50 Standard_Demo_Tasks\QueueSet.o
 .bss           0x00431c34       0x18 Standard_Demo_Tasks\QueueSetPolling.o
 *fill*         0x00431c4c       0x14 
 .bss           0x00431c60      0x460 Standard_Demo_Tasks\StaticAllocation.o
 .bss           0x004320c0       0xe0 Standard_Demo_Tasks\StreamBufferDemo.o
 .bss           0x004321a0       0x10 Standard_Demo_Tasks\StreamBufferInterrupt.o
 .bss           0x004321b0       0x28 Standard_Demo_Tasks\TaskNotify.o
 *fill*         0x004321d8        0x8 
 .bss           0x004321e0       0xc0 Standard_Demo_Tasks\TimerDemo.o
 .bss           0x004322a0       0x20 Standard_Demo_Tasks\blocktim.o
 .bss           0x004322c0       0x24 Standard_Demo_Tasks\countsem.o
 .bss           0x004322e4        0xc Standard_Demo_Tasks\death.o
 .bss           0x004322f0       0x28 Standard_Demo_Tasks\dynamic.o
 .bss           0x00432318        0x8 Standard_Demo_Tasks\flop.o
 .bss           0x00432320        0x4 Standard_Demo_Tasks\integer.o
 .bss           0x00432324       0x14 Standard_Demo_Tasks\semtest.o
 *fill*         0x00432338        0x8 
 .bss           0x00432340       0x40 code_coverage_additions.o
 .bss           0x00432380    0x10600 main.o
 .bss           0x00442980      0x9c0 main_blinky.o
                0x00442980                VirtualSystemTime
                0x004429a0                num
                0x00442cc0                timestamp
                0x00442fe0                timerExpiryFlag
                0x00443000                frequencyData
                0x004431a0                rocData
                0x00443330                runningDataIndex
                0x00443334                maintainenceMode
                0x00443338                loadManagerState
 .bss           0x00443340       0x18 main_full.o
 .bss           0x00443358        0x0 f:/mingw/bin/../lib/gcc/mingw32/6.3.0/../../../libwinmm.a(drqcs00146.o)
 .bss           0x00443358        0x0 f:/mingw/bin/../lib/gcc/mingw32/6.3.0/../../../libwinmm.a(drqcs00145.o)
 .bss           0x00443358        0x0 f:/mingw/bin/../lib/gcc/mingw32/6.3.0/../../../libwinmm.a(drqcs00144.o)
 .bss           0x00443358        0x0 f:/mingw/bin/../lib/gcc/mingw32/6.3.0/../../../libwinmm.a(drqch.o)
 .bss           0x00443358        0x0 f:/mingw/bin/../lib/gcc/mingw32/6.3.0/../../../libwinmm.a(drqct.o)
 .bss           0x00443358        0x0 f:/mingw/bin/../lib/gcc/mingw32/6.3.0/../../../libmingw32.a(CRTglob.o)
 .bss           0x00443358        0x0 f:/mingw/bin/../lib/gcc/mingw32/6.3.0/../../../libmingw32.a(setargv.o)
 .bss           0x00443358        0x4 f:/mingw/bin/../lib/gcc/mingw32/6.3.0/../../../libmingw32.a(CRTfmode.o)
                0x00443358                _CRT_fmode
 .bss           0x0044335c        0x4 f:/mingw/bin/../lib/gcc/mingw32/6.3.0/../../../libmingw32.a(cpu_features.o)
                0x0044335c                __cpu_features
 .bss           0x00443360        0x0 f:/mingw/bin/../lib/gcc/mingw32/6.3.0/../../../libmingw32.a(CRT_fp10.o)
 .bss           0x00443360        0x0 f:/mingw/bin/../lib/gcc/mingw32/6.3.0/../../../libmingw32.a(txtmode.o)
 .bss           0x00443360        0x4 f:/mingw/bin/../lib/gcc/mingw32/6.3.0/../../../libmingw32.a(gccmain.o)
 .bss           0x00443364       0x10 f:/mingw/bin/../lib/gcc/mingw32/6.3.0/../../../libmingw32.a(tlssup.o)
                0x00443364                mingw_initltssuo_force
                0x00443368                mingw_initltsdyn_force
                0x0044336c                mingw_initltsdrot_force
                0x00443370                _tls_index
 .bss           0x00443374       0x20 f:/mingw/bin/../lib/gcc/mingw32/6.3.0/../../../libmingw32.a(tlsthrd.o)
 .bss           0x00443394        0x4 f:/mingw/bin/../lib/gcc/mingw32/6.3.0/../../../libmingw32.a(pseudo-reloc.o)
 .bss           0x00443398        0x4 f:/mingw/bin/../lib/gcc/mingw32/6.3.0/../../../libmingw32.a(pseudo-reloc-list.o)
 .bss           0x0044339c        0x4 f:/mingw/bin/../lib/gcc/mingw32/6.3.0/../../../libmingw32.a(crtst.o)
                0x0044339c                _CRT_MT
 .bss           0x004433a0        0x0 f:/mingw/bin/../lib/gcc/mingw32/6.3.0/libgcc.a(_chkstk_ms.o)
 .bss           0x004433a0        0x0 f:/mingw/bin/../lib/gcc/mingw32/6.3.0/libgcc.a(_ctors.o)
 .bss           0x004433a0        0x0 f:/mingw/bin/../lib/gcc/mingw32/6.3.0/libgcc.a(_divdi3.o)
 .bss           0x004433a0        0x0 f:/mingw/bin/../lib/gcc/mingw32/6.3.0/../../../libmingwex.a(fesetenv.o)
 .bss           0x004433a0        0x0 f:/mingw/bin/../lib/gcc/mingw32/6.3.0/../../../libmingwex.a(glob.o)
 .bss           0x004433a0        0x4 f:/mingw/bin/../lib/gcc/mingw32/6.3.0/../../../libmingwex.a(dirname.o)
 .bss           0x004433a4        0x0 f:/mingw/bin/../lib/gcc/mingw32/6.3.0/../../../libmingwex.a(dirent.o)
 .bss           0x004433a4        0x0 f:/mingw/bin/../lib/gcc/mingw32/6.3.0/../../../libmsvcrt.a(djpvbs01325.o)
 .bss           0x004433a4        0x0 f:/mingw/bin/../lib/gcc/mingw32/6.3.0/../../../libmsvcrt.a(djpvbs01284.o)
 .bss           0x004433a4        0x0 f:/mingw/bin/../lib/gcc/mingw32/6.3.0/../../../libmsvcrt.a(djpvbs01277.o)
 .bss           0x004433a4        0x0 f:/mingw/bin/../lib/gcc/mingw32/6.3.0/../../../libmsvcrt.a(djpvbs01252.o)
 .bss           0x004433a4        0x0 f:/mingw/bin/../lib/gcc/mingw32/6.3.0/../../../libmsvcrt.a(djpvbs01249.o)
 .bss           0x004433a4        0x0 f:/mingw/bin/../lib/gcc/mingw32/6.3.0/../../../libmsvcrt.a(djpvbs01242.o)
 .bss           0x004433a4        0x0 f:/mingw/bin/../lib/gcc/mingw32/6.3.0/../../../libmsvcrt.a(djpvbs01241.o)
 .bss           0x004433a4        0x0 f:/mingw/bin/../lib/gcc/mingw32/6.3.0/../../../libmsvcrt.a(djpvbs01232.o)
 .bss           0x004433a4        0x0 f:/mingw/bin/../lib/gcc/mingw32/6.3.0/../../../libmsvcrt.a(djpvbs01229.o)
 .bss           0x004433a4        0x0 f:/mingw/bin/../lib/gcc/mingw32/6.3.0/../../../libmsvcrt.a(djpvbs01227.o)
 .bss           0x004433a4        0x0 f:/mingw/bin/../lib/gcc/mingw32/6.3.0/../../../libmsvcrt.a(djpvbs01220.o)
 .bss           0x004433a4        0x0 f:/mingw/bin/../lib/gcc/mingw32/6.3.0/../../../libmsvcrt.a(djpvbs01218.o)
 .bss           0x004433a4        0x0 f:/mingw/bin/../lib/gcc/mingw32/6.3.0/../../../libmsvcrt.a(djpvbs01212.o)
 .bss           0x004433a4        0x0 f:/mingw/bin/../lib/gcc/mingw32/6.3.0/../../../libmsvcrt.a(djpvbs01208.o)
 .bss           0x004433a4        0x0 f:/mingw/bin/../lib/gcc/mingw32/6.3.0/../../../libmsvcrt.a(djpvbs01203.o)
 .bss           0x004433a4        0x0 f:/mingw/bin/../lib/gcc/mingw32/6.3.0/../../../libmsvcrt.a(djpvbs01199.o)
 .bss           0x004433a4        0x0 f:/mingw/bin/../lib/gcc/mingw32/6.3.0/../../../libmsvcrt.a(djpvbs01198.o)
 .bss           0x004433a4        0x0 f:/mingw/bin/../lib/gcc/mingw32/6.3.0/../../../libmsvcrt.a(djpvbs01194.o)
 .bss           0x004433a4        0x0 f:/mingw/bin/../lib/gcc/mingw32/6.3.0/../../../libmsvcrt.a(djpvbs01187.o)
 .bss           0x004433a4        0x0 f:/mingw/bin/../lib/gcc/mingw32/6.3.0/../../../libmsvcrt.a(djpvbs01142.o)
 .bss           0x004433a4        0x0 f:/mingw/bin/../lib/gcc/mingw32/6.3.0/../../../libmsvcrt.a(djpvbs01131.o)
 .bss           0x004433a4        0x0 f:/mingw/bin/../lib/gcc/mingw32/6.3.0/../../../libmsvcrt.a(djpvbs01122.o)
 .bss           0x004433a4        0x0 f:/mingw/bin/../lib/gcc/mingw32/6.3.0/../../../libmsvcrt.a(djpvbs01114.o)
 .bss           0x004433a4        0x0 f:/mingw/bin/../lib/gcc/mingw32/6.3.0/../../../libmsvcrt.a(djpvbs01111.o)
 .bss           0x004433a4        0x0 f:/mingw/bin/../lib/gcc/mingw32/6.3.0/../../../libmsvcrt.a(djpvbs01108.o)
 .bss           0x004433a4        0x0 f:/mingw/bin/../lib/gcc/mingw32/6.3.0/../../../libmsvcrt.a(djpvbs01098.o)
 .bss           0x004433a4        0x0 f:/mingw/bin/../lib/gcc/mingw32/6.3.0/../../../libmsvcrt.a(djpvbs01091.o)
 .bss           0x004433a4        0x0 f:/mingw/bin/../lib/gcc/mingw32/6.3.0/../../../libmsvcrt.a(djpvbs01083.o)
 .bss           0x004433a4        0x0 f:/mingw/bin/../lib/gcc/mingw32/6.3.0/../../../libmsvcrt.a(djpvbs00753.o)
 .bss           0x004433a4        0x0 f:/mingw/bin/../lib/gcc/mingw32/6.3.0/../../../libmsvcrt.a(djpvbs00698.o)
 .bss           0x004433a4        0x0 f:/mingw/bin/../lib/gcc/mingw32/6.3.0/../../../libmsvcrt.a(djpvbs00689.o)
 .bss           0x004433a4        0x0 f:/mingw/bin/../lib/gcc/mingw32/6.3.0/../../../libmsvcrt.a(djpvbs00422.o)
 .bss           0x004433a4        0x0 f:/mingw/bin/../lib/gcc/mingw32/6.3.0/../../../libmsvcrt.a(djpvbs00417.o)
 .bss           0x004433a4        0x0 f:/mingw/bin/../lib/gcc/mingw32/6.3.0/../../../libmsvcrt.a(djpvbs00350.o)
 .bss           0x004433a4        0x0 f:/mingw/bin/../lib/gcc/mingw32/6.3.0/../../../libmsvcrt.a(djpvbs00324.o)
 .bss           0x004433a4        0x0 f:/mingw/bin/../lib/gcc/mingw32/6.3.0/../../../libmsvcrt.a(djpvbs00285.o)
 .bss           0x004433a4        0x0 f:/mingw/bin/../lib/gcc/mingw32/6.3.0/../../../libmsvcrt.a(djpvbs00219.o)
 .bss           0x004433a4        0x0 f:/mingw/bin/../lib/gcc/mingw32/6.3.0/../../../libmsvcrt.a(djpvbs00153.o)
 .bss           0x004433a4        0x0 f:/mingw/bin/../lib/gcc/mingw32/6.3.0/../../../libmsvcrt.a(djpvbs00133.o)
 .bss           0x004433a4        0x0 f:/mingw/bin/../lib/gcc/mingw32/6.3.0/../../../libmsvcrt.a(djpvbs00131.o)
 .bss           0x004433a4        0x0 f:/mingw/bin/../lib/gcc/mingw32/6.3.0/../../../libmsvcrt.a(djpvbs00119.o)
 .bss           0x004433a4        0x0 f:/mingw/bin/../lib/gcc/mingw32/6.3.0/../../../libmsvcrt.a(djpvbs00088.o)
 .bss           0x004433a4        0x0 f:/mingw/bin/../lib/gcc/mingw32/6.3.0/../../../libmsvcrt.a(djpvbh.o)
 .bss           0x004433a4        0x0 f:/mingw/bin/../lib/gcc/mingw32/6.3.0/../../../libmsvcrt.a(djpvbt.o)
 .bss           0x004433a4        0x0 f:/mingw/bin/../lib/gcc/mingw32/6.3.0/../../../libkernel32.a(dujcs01223.o)
 .bss           0x004433a4        0x0 f:/mingw/bin/../lib/gcc/mingw32/6.3.0/../../../libkernel32.a(dujcs01221.o)
 .bss           0x004433a4        0x0 f:/mingw/bin/../lib/gcc/mingw32/6.3.0/../../../libkernel32.a(dujcs01215.o)
 .bss           0x004433a4        0x0 f:/mingw/bin/../lib/gcc/mingw32/6.3.0/../../../libkernel32.a(dujcs01213.o)
 .bss           0x004433a4        0x0 f:/mingw/bin/../lib/gcc/mingw32/6.3.0/../../../libkernel32.a(dujcs01173.o)
 .bss           0x004433a4        0x0 f:/mingw/bin/../lib/gcc/mingw32/6.3.0/../../../libkernel32.a(dujcs01167.o)
 .bss           0x004433a4        0x0 f:/mingw/bin/../lib/gcc/mingw32/6.3.0/../../../libkernel32.a(dujcs01160.o)
 .bss           0x004433a4        0x0 f:/mingw/bin/../lib/gcc/mingw32/6.3.0/../../../libkernel32.a(dujcs01152.o)
 .bss           0x004433a4        0x0 f:/mingw/bin/../lib/gcc/mingw32/6.3.0/../../../libkernel32.a(dujcs01140.o)
 .bss           0x004433a4        0x0 f:/mingw/bin/../lib/gcc/mingw32/6.3.0/../../../libkernel32.a(dujcs01130.o)