Archive member included to satisfy reference by file (symbol)

f:/mingw/bin/../lib/gcc/mingw32/6.3.0/../../../libwinmm.a(drqcs00146.o)
                              FreeRTOS_Source\portable\MSVC-MingW\port.o (timeGetDevCaps@8)
f:/mingw/bin/../lib/gcc/mingw32/6.3.0/../../../libwinmm.a(drqcs00145.o)
                              FreeRTOS_Source\portable\MSVC-MingW\port.o (timeEndPeriod@4)
f:/mingw/bin/../lib/gcc/mingw32/6.3.0/../../../libwinmm.a(drqcs00144.o)
                              FreeRTOS_Source\portable\MSVC-MingW\port.o (timeBeginPeriod@4)
f:/mingw/bin/../lib/gcc/mingw32/6.3.0/../../../libwinmm.a(drqch.o)
                              f:/mingw/bin/../lib/gcc/mingw32/6.3.0/../../../libwinmm.a(drqcs00146.o) (_head_libwinmm_a)
f:/mingw/bin/../lib/gcc/mingw32/6.3.0/../../../libwinmm.a(drqct.o)
                              f:/mingw/bin/../lib/gcc/mingw32/6.3.0/../../../libwinmm.a(drqch.o) (_libwinmm_a_iname)
f:/mingw/bin/../lib/gcc/mingw32/6.3.0/../../../libmingw32.a(CRTglob.o)
                              f:/mingw/bin/../lib/gcc/mingw32/6.3.0/../../../crt2.o (_CRT_glob)
f:/mingw/bin/../lib/gcc/mingw32/6.3.0/../../../libmingw32.a(setargv.o)
                              f:/mingw/bin/../lib/gcc/mingw32/6.3.0/../../../crt2.o (_setargv)
f:/mingw/bin/../lib/gcc/mingw32/6.3.0/../../../libmingw32.a(CRTfmode.o)
                              f:/mingw/bin/../lib/gcc/mingw32/6.3.0/../../../crt2.o (_CRT_fmode)
f:/mingw/bin/../lib/gcc/mingw32/6.3.0/../../../libmingw32.a(cpu_features.o)
                              f:/mingw/bin/../lib/gcc/mingw32/6.3.0/../../../crt2.o (__cpu_features_init)
f:/mingw/bin/../lib/gcc/mingw32/6.3.0/../../../libmingw32.a(CRT_fp10.o)
                              f:/mingw/bin/../lib/gcc/mingw32/6.3.0/../../../crt2.o (_CRT_fenv)
f:/mingw/bin/../lib/gcc/mingw32/6.3.0/../../../libmingw32.a(txtmode.o)
                              f:/mingw/bin/../lib/gcc/mingw32/6.3.0/../../../crt2.o (_fmode)
f:/mingw/bin/../lib/gcc/mingw32/6.3.0/../../../libmingw32.a(gccmain.o)
                              f:/mingw/bin/../lib/gcc/mingw32/6.3.0/../../../crt2.o (__main)
f:/mingw/bin/../lib/gcc/mingw32/6.3.0/../../../libmingw32.a(tlssup.o)
                              f:/mingw/bin/../lib/gcc/mingw32/6.3.0/../../../crt2.o (__dyn_tls_init_callback)
f:/mingw/bin/../lib/gcc/mingw32/6.3.0/../../../libmingw32.a(tlsthrd.o)
                              f:/mingw/bin/../lib/gcc/mingw32/6.3.0/../../../libmingw32.a(tlssup.o) (__mingw_TLScallback)
f:/mingw/bin/../lib/gcc/mingw32/6.3.0/../../../libmingw32.a(pseudo-reloc.o)
                              f:/mingw/bin/../lib/gcc/mingw32/6.3.0/../../../crt2.o (_pei386_runtime_relocator)
f:/mingw/bin/../lib/gcc/mingw32/6.3.0/../../../libmingw32.a(pseudo-reloc-list.o)
                              f:/mingw/bin/../lib/gcc/mingw32/6.3.0/../../../libmingw32.a(pseudo-reloc.o) (__RUNTIME_PSEUDO_RELOC_LIST__)
f:/mingw/bin/../lib/gcc/mingw32/6.3.0/../../../libmingw32.a(crtst.o)
                              f:/mingw/bin/../lib/gcc/mingw32/6.3.0/../../../libmingw32.a(tlssup.o) (_CRT_MT)
f:/mingw/bin/../lib/gcc/mingw32/6.3.0/libgcc.a(_chkstk_ms.o)
                              main.o (__chkstk_ms)
f:/mingw/bin/../lib/gcc/mingw32/6.3.0/libgcc.a(_ctors.o)
                              f:/mingw/bin/../lib/gcc/mingw32/6.3.0/../../../libmingw32.a(gccmain.o) (__DTOR_LIST__)
f:/mingw/bin/../lib/gcc/mingw32/6.3.0/libgcc.a(_divdi3.o)
                              Run-time-stats-utils.o (__divdi3)
f:/mingw/bin/../lib/gcc/mingw32/6.3.0/../../../libmingwex.a(fesetenv.o)
                              f:/mingw/bin/../lib/gcc/mingw32/6.3.0/../../../crt2.o (fesetenv)
f:/mingw/bin/../lib/gcc/mingw32/6.3.0/../../../libmingwex.a(glob.o)
                              f:/mingw/bin/../lib/gcc/mingw32/6.3.0/../../../libmingw32.a(setargv.o) (__mingw_glob)
f:/mingw/bin/../lib/gcc/mingw32/6.3.0/../../../libmingwex.a(dirname.o)
                              f:/mingw/bin/../lib/gcc/mingw32/6.3.0/../../../libmingwex.a(glob.o) (__mingw_dirname)
f:/mingw/bin/../lib/gcc/mingw32/6.3.0/../../../libmingwex.a(dirent.o)
                              f:/mingw/bin/../lib/gcc/mingw32/6.3.0/../../../libmingwex.a(glob.o) (__mingw_opendir)
f:/mingw/bin/../lib/gcc/mingw32/6.3.0/../../../libmsvcrt.a(djpvbs01325.o)
                              f:/mingw/bin/../lib/gcc/mingw32/6.3.0/../../../libmingwex.a(dirname.o) (wcstombs)
f:/mingw/bin/../lib/gcc/mingw32/6.3.0/../../../libmsvcrt.a(djpvbs01284.o)
                              f:/mingw/bin/../lib/gcc/mingw32/6.3.0/../../../libmingw32.a(pseudo-reloc.o) (vfprintf)
f:/mingw/bin/../lib/gcc/mingw32/6.3.0/../../../libmsvcrt.a(djpvbs01277.o)
                              f:/mingw/bin/../lib/gcc/mingw32/6.3.0/../../../libmingwex.a(glob.o) (tolower)
f:/mingw/bin/../lib/gcc/mingw32/6.3.0/../../../libmsvcrt.a(djpvbs01252.o)
                              FreeRTOS+Trace Recorder\trcSnapshotRecorder.o (strncmp)
f:/mingw/bin/../lib/gcc/mingw32/6.3.0/../../../libmsvcrt.a(djpvbs01249.o)
[...]
Memory Configuration

Name             Origin             Length             Attributes
*default*        0x00000000         0xffffffff

Linker script and memory map

                0x00400000                __image_base__ = 0x400000
                0x00000000                __dll__ = 0x0
                0x00400000                ___ImageBase = 0x400000
                0x00001000                __section_alignment__ = 0x1000
                0x00000200                __file_alignment__ = 0x200
                0x00000004                __major_os_version__ = 0x4
                0x00000000                __minor_os_version__ = 0x0
                0x00000001                __major_image_version__ = 0x1
                0x00000000                __minor_image_version__ = 0x0
                0x00000004                __major_subsystem_version__ = 0x4
                0x00000000                __minor_subsystem_version__ = 0x0
                0x00000003                __subsystem__ = 0x3
                0x00200000                __size_of_stack_reserve__ = 0x200000
                0x00001000                __size_of_stack_commit__ = 0x1000
                0x00100000                __size_of_heap_reserve__ = 0x100000
                0x00001000                __size_of_heap_commit__ = 0x1000
                0x00000000                __loader_flags__ = 0x0
                0x00000000                __dll_characteristics__ = 0x0
LOAD f:/mingw/bin/../lib/gcc/mingw32/6.3.0/../../../crt2.o
LOAD f:/mingw/bin/../lib/gcc/mingw32/6.3.0/crtbegin.o
LOAD DemosModifiedForLowTickRate\recmutex.o
LOAD FreeRTOS+Trace Recorder\trcKernelPort.o
LOAD FreeRTOS+Trace Recorder\trcSnapshotRecorder.o
LOAD FreeRTOS+Trace Recorder\trcStreamingRecorder.o
LOAD FreeRTOS_Source\croutine.o
LOAD FreeRTOS_Source\event_groups.o
LOAD FreeRTOS_Source\list.o
LOAD FreeRTOS_Source\portable\MSVC-MingW\port.o
LOAD FreeRTOS_Source\portable\MemMang\heap_5.o
LOAD FreeRTOS_Source\queue.o
LOAD FreeRTOS_Source\stream_buffer.o
LOAD FreeRTOS_Source\tasks.o
LOAD FreeRTOS_Source\timers.o
LOAD Run-time-stats-utils.o
LOAD Standard_Demo_Tasks\AbortDelay.o
LOAD Standard_Demo_Tasks\BlockQ.o
LOAD Standard_Demo_Tasks\EventGroupsDemo.o
LOAD Standard_Demo_Tasks\GenQTest.o
LOAD Standard_Demo_Tasks\IntSemTest.o
LOAD Standard_Demo_Tasks\MessageBufferAMP.o
LOAD Standard_Demo_Tasks\MessageBufferDemo.o
LOAD Standard_Demo_Tasks\PollQ.o
LOAD Standard_Demo_Tasks\QPeek.o
LOAD Standard_Demo_Tasks\QueueOverwrite.o
LOAD Standard_Demo_Tasks\QueueSet.o
LOAD Standard_Demo_Tasks\QueueSetPolling.o
LOAD Standard_Demo_Tasks\StaticAllocation.o
LOAD Standard_Demo_Tasks\StreamBufferDemo.o
LOAD Standard_Demo_Tasks\StreamBufferInterrupt.o
LOAD Standard_Demo_Tasks\TaskNotify.o
LOAD Standard_Demo_Tasks\TimerDemo.o
LOAD Standard_Demo_Tasks\blocktim.o
LOAD Standard_Demo_Tasks\countsem.o
LOAD Standard_Demo_Tasks\death.o
LOAD Standard_Demo_Tasks\dynamic.o
LOAD Standard_Demo_Tasks\flop.o
LOAD Standard_Demo_Tasks\integer.o
LOAD Standard_Demo_Tasks\semtest.o
LOAD code_coverage_additions.o
LOAD main.o
LOAD main_blinky.o
LOAD main_full.o
LOAD f:/mingw/bin/../lib/gcc/mingw32/6.3.0/../../../libwinmm.a
LOAD f:/mingw/bin/../lib/gcc/mingw32/6.3.0/../../../libmingw32.a
LOAD f:/mingw/bin/../lib/gcc/mingw32/6.3.0/libgcc.a
LOAD f:/mingw/bin/../lib/gcc/mingw32/6.3.0/libgcc_eh.a
LOAD f:/mingw/bin/../lib/gcc/mingw32/6.3.0/../../../libmoldname.a
LOAD f:/mingw/bin/../lib/gcc/mingw32/6.3.0/../../../libmingwex.a
LOAD f:/mingw/bin/../lib/gcc/mingw32/6.3.0/../../../libmsvcrt.a
LOAD f:/mingw/bin/../lib/gcc/mingw32/6.3.0/../../../libadvapi32.a
LOAD f:/mingw/bin/../lib/gcc/mingw32/6.3.0/../../../libshell32.a
LOAD f:/mingw/bin/../lib/gcc/mingw32/6.3.0/../../../libuser32.a
LOAD f:/mingw/bin/../lib/gcc/mingw32/6.3.0/../../../libkernel32.a
LOAD f:/mingw/bin/../lib/gcc/mingw32/6.3.0/../../../libmingw32.a
LOAD f:/mingw/bin/../lib/gcc/mingw32/6.3.0/libgcc.a
LOAD f:/mingw/bin/../lib/gcc/mingw32/6.3.0/libgcc_eh.a
LOAD f:/mingw/bin/../lib/gcc/mingw32/6.3.0/../../../libmoldname.a
LOAD f:/mingw/bin/../lib/gcc/mingw32/6.3.0/../../../libmingwex.a
LOAD f:/mingw/bin/../lib/gcc/mingw32/6.3.0/../../../libmsvcrt.a
LOAD f:/mingw/bin/../lib/gcc/mingw32/6.3.0/crtend.o
                0x00000420                . = SIZEOF_HEADERS
                0x00001000                . = ALIGN (__section_alignment__)

.text           0x00401000    0x24000
 *(.init)
 *(.text)
 .text          0x00401000      0x340 f:/mingw/bin/../lib/gcc/mingw32/6.3.0/../../../crt2.o
                0x004012a0                _mingw32_init_mainargs
                0x004012e0                mainCRTStartup
                0x00401300                WinMainCRTStartup
                0x00401320                atexit
                0x00401330                _onexit
 .text          0x00401340      0x120 f:/mingw/bin/../lib/gcc/mingw32/6.3.0/crtbegin.o
                0x00401340                __gcc_register_frame
                0x00401430                __gcc_deregister_frame
 .text          0x00401460      0x3b0 DemosModifiedForLowTickRate\recmutex.o
                0x00401460                vStartRecursiveMutexTasks
                0x0040177b                xAreRecursiveMutexTasksStillRunning
 .text          0x00401810      0x7a4 FreeRTOS+Trace Recorder\trcKernelPort.o
                0x00401810                prvTraceGetQueueNumber
                0x00401823                prvTraceGetQueueType
                0x00401836                prvTraceGetTaskNumberLow16
                0x00401849                prvTraceGetTaskNumberHigh16
                0x0040185f                prvTraceSetTaskNumberLow16
                0x00401895                prvTraceSetTaskNumberHigh16
                0x004018cb                prvTraceGetQueueNumberLow16
                0x004018de                prvTraceGetQueueNumberHigh16
                0x004018f4                prvTraceSetQueueNumberLow16
                0x0040192a                prvTraceSetQueueNumberHigh16
                0x00401960                prvTraceGetTimerNumberLow16
                0x00401973                prvTraceGetTimerNumberHigh16
                0x00401989                prvTraceSetTimerNumberLow16
                0x004019bf                prvTraceSetTimerNumberHigh16
                0x004019f5                prvTraceGetEventGroupNumberLow16
                0x00401a08                prvTraceGetEventGroupNumberHigh16
                0x00401a1e                prvTraceSetEventGroupNumberLow16
                0x00401a54                prvTraceSetEventGroupNumberHigh16
                0x00401a8a                prvTraceGetStreamBufferNumberLow16
                0x00401a9d                prvTraceGetStreamBufferNumberHigh16
                0x00401ab3                prvTraceSetStreamBufferNumberLow16
                0x00401ae9                prvTraceSetStreamBufferNumberHigh16
                0x00401b1f                vTraceSetQueueName
                0x00401b4d                vTraceSetSemaphoreName
                0x00401b7b                vTraceSetMutexName
                0x00401ba9                vTraceSetEventGroupName
                0x00401bd7                vTraceSetStreamBufferName
                0x00401c05                vTraceSetMessageBufferName
                0x00401c33                prvTraceGetCurrentTaskHandle
                0x00401c40                vTraceEnable
                0x00401c81                vTraceInitObjectPropertyTable
                0x00401e1f                vTraceInitObjectHandleStack
                0x00401f3c                pszTraceGetErrorNotEnoughHandles
                0x00401fa0                prvTraceIsSchedulerSuspended
 .text          0x00401fb4     0x2bc0 FreeRTOS+Trace Recorder\trcSnapshotRecorder.o
                0x00401fb4                vTraceSetStopHook
                0x00401fc2                vTraceClear
                0x00402078                uiTraceStart
                0x0040217b                vTraceStart
                0x00402189                vTraceStop
                0x004021b7                xTraceIsRecordingEnabled
                0x004021d4                xTraceGetLastError
                0x004021de                vTraceClearError
                0x00402206                xTraceGetTraceBuffer
                0x00402210                uiTraceGetTraceBufferSize
                0x004022a4                vTraceInstanceFinishedNext
                0x004022b9                vTraceInstanceFinishedNow
                0x004022ce                xTraceSetISRProperties
                0x00402394                vTraceStoreISRBegin
                0x004024c2                vTraceStoreISREnd
                0x00402b49                vTracePrintF
                0x00402b79                vTraceVPrintF
                0x00402da3                vTracePrint
                0x00402e3c                xTraceRegisterString
                0x00402e8c                prvTraceSetReadyEventsEnabled
                0x00402e9a                prvTraceStoreTaskReady
                0x00402f68                prvTraceStoreLowPower
                0x00403007                vTraceStoreMemMangEvent
                0x0040313d                prvTraceStoreKernelCall
                0x00403244                prvTraceStoreKernelCallWithParam
                0x004033e4                prvTraceStoreKernelCallWithNumericParamOnly
                0x004034b9                prvTraceStoreTaskswitch
                0x004035bb                prvTraceStoreObjectNameOnCloseEvent
                0x0040369b                prvTraceStoreObjectPropertiesOnCloseEvent
                0x004037af                prvTraceSetPriorityProperty
                0x00403843                prvTraceGetPriorityProperty
                0x004038d8                prvTraceSetObjectState
                0x004039fc                prvTraceSetTaskInstanceFinished
                0x00403a5e                prvTraceInitTraceData
                0x00403d1a                uiIndexOfObject
                0x00403dd9                prvTraceGetObjectHandle
                0x00403f4b                prvTraceFreeObjectHandle
                0x0040400c                prvMarkObjectAsUsed
                0x00404090                prvTraceSetObjectName
                0x0040424b                vTraceSetFrequency
                0x00404259                prvTraceError
                0x004042be                vTraceSetFilterMask
                0x004042d8                vTraceSetFilterGroup
                0x00404ad0                prvTracePortGetTimeStamp
 .text          0x00404b74        0x0 FreeRTOS+Trace Recorder\trcStreamingRecorder.o
 .text          0x00404b74        0x0 FreeRTOS_Source\croutine.o
 .text          0x00404b74      0xea0 FreeRTOS_Source\event_groups.o
                0x00404b74                xEventGroupCreateStatic
                0x00404cf6                xEventGroupCreate
                0x00404e44                xEventGroupSync
                0x00405110                xEventGroupWaitBits
                0x00405466                xEventGroupClearBits
                0x00405539                xEventGroupClearBitsFromISR
                0x004055b1                xEventGroupGetBitsFromISR
                0x004055d1                xEventGroupSetBits
                0x0040577d                vEventGroupDelete
                0x004058e6                vEventGroupSetBitsCallback
                0x00405901                vEventGroupClearBitsCallback
                0x00405959                xEventGroupSetBitsFromISR
                0x004059da                uxEventGroupGetNumber
                0x00405a03                vEventGroupSetNumber
 .text          0x00405a14      0x184 FreeRTOS_Source\list.o
                0x00405a14                vListInitialise
                0x00405a51                vListInitialiseItem
                0x00405a61                vListInsertEnd
                0x00405ab3                vListInsert
                0x00405b36                uxListRemove
 .text          0x00405b98      0xa08 FreeRTOS_Source\portable\MSVC-MingW\port.o
                0x00405ccc                pxPortInitialiseStack
                0x00405dc3                xPortStartScheduler
                0x004061ec                vPortDeleteThread
                0x00406294                vPortCloseRunningThread
                0x0040631f                vPortEndScheduler
                0x00406331                vPortGenerateSimulatedInterrupt
                0x00406408                vPortSetInterruptHandler
                0x00406464                vPortEnterCritical
                0x0040649c                vPortExitCritical
 .text          0x004065a0      0x634 FreeRTOS_Source\portable\MemMang\heap_5.o
                0x004065a0                pvPortMalloc
                0x00406790                vPortFree
                0x00406880                xPortGetFreeHeapSize
                0x0040688a                xPortGetMinimumEverFreeHeapSize
                0x0040695b                vPortDefineHeapRegions
                0x00406b02                vPortGetHeapStats
 .text          0x00406bd4     0x3030 FreeRTOS_Source\queue.o
                0x00406bd4                xQueueGenericReset
                0x00406d17                xQueueGenericCreateStatic
                0x00406de4                xQueueGenericCreate
                0x004070db                xQueueCreateMutex
                0x00407122                xQueueCreateMutexStatic
                0x00407178                xQueueGetMutexHolder
                0x004071c8                xQueueGetMutexHolderFromISR
                0x00407208                xQueueGiveMutexRecursive
                0x00407321                xQueueTakeMutexRecursive
                0x004073a2                xQueueCreateCountingSemaphoreStatic
                0x0040741a                xQueueCreateCountingSemaphore
                0x00407483                xQueueGenericSend
                0x004079d1                xQueueGenericSendFromISR
                0x00407c92                xQueueGiveFromISR
                0x00407cb4                MyWrapper_xQueueGiveFromISR
                0x00407f3d                xQueueReceive
                0x00408439                xQueueSemaphoreTake
                0x0040899b                xQueuePeek
                0x00408e30                xQueueReceiveFromISR
                0x0040905e                xQueuePeekFromISR
                0x00409120                uxQueueMessagesWaiting
                0x00409158                uxQueueSpacesAvailable
                0x004091a0                uxQueueMessagesWaitingFromISR
                0x004091d4                vQueueDelete
                0x0040938c                uxQueueGetQueueNumber
                0x00409397                vQueueSetQueueNumber
                0x004093a6                ucQueueGetQueueType
                0x0040965d                xQueueIsQueueEmptyFromISR
                0x004096d7                xQueueIsQueueFullFromISR
                0x00409722                vQueueAddToRegistry
                0x004097fb                pcQueueGetName
                0x00409858                vQueueUnregisterQueue
                0x004098bb                vQueueWaitForMessageRestricted
                0x00409929                xQueueCreateSet
                0x00409952                xQueueAddToSet
                0x0040999d                xQueueRemoveFromSet
                0x004099f0                xQueueSelectFromSet
                0x00409a1b                xQueueSelectFromSetFromISR
 .text          0x00409c04     0x1b90 FreeRTOS_Source\stream_buffer.o
                0x00409c04                xStreamBufferGenericCreate
                0x00409e5b                xStreamBufferGenericCreateStatic
                0x0040a0f2                vStreamBufferDelete
                0x0040a2a9                xStreamBufferReset
                0x0040a425                xStreamBufferSetTriggerLevel
                0x0040a481                xStreamBufferSpacesAvailable
                0x0040a4ef                xStreamBufferBytesAvailable
                0x0040a528                xStreamBufferSend
                0x0040a938                xStreamBufferSendFromISR
                0x0040abfd                xStreamBufferReceive
                0x0040af93                xStreamBufferNextMessageLengthBytes
                0x0040b038                xStreamBufferReceiveFromISR
                0x0040b2ff                xStreamBufferIsEmpty
                0x0040b34d                xStreamBufferIsFull
                0x0040b3b9                xStreamBufferSendCompletedFromISR
                0x0040b444                xStreamBufferReceiveCompletedFromISR
                0x0040b768                uxStreamBufferGetStreamBufferNumber
                0x0040b773                vStreamBufferSetStreamBufferNumber
                0x0040b782                ucStreamBufferGetStreamBufferType
 .text          0x0040b794     0x487c FreeRTOS_Source\tasks.o
                0x0040b794                xTaskCreateStatic
                0x0040b86c                xTaskCreate
                0x0040bd64                vTaskDelete
                0x0040c0f4                xTaskDelayUntil
                0x0040c26e                vTaskDelay
                0x0040c354                eTaskGetState
                0x0040c443                uxTaskPriorityGet
                0x0040c474                uxTaskPriorityGetFromISR
                0x0040c4a2                vTaskPrioritySet
                0x0040c75b                vTaskSuspend
                0x0040c977                vTaskResume
                0x0040cb3c                xTaskResumeFromISR
                0x0040ccfc                vTaskStartScheduler
                0x0040ce2e                vTaskEndScheduler
                0x0040ce4b                vTaskSuspendAll
                0x0040ce68                xTaskResumeAll
                0x0040d0f5                xTaskGetTickCount
                0x0040d108                xTaskGetTickCountFromISR
                0x0040d122                uxTaskGetNumberOfTasks
                0x0040d12c                pcTaskGetName
                0x0040d27b                xTaskGetHandle
                0x0040d365                uxTaskGetSystemState
                0x0040d4b0                xTaskGetIdleTaskHandle
                0x0040d4da                xTaskCatchUpTicks
                0x0040d51f                xTaskAbortDelay
                0x0040d6a8                xTaskIncrementTick
                0x0040d9e0                vTaskSetApplicationTaskTag
                0x0040da12                xTaskGetApplicationTaskTag
                0x0040da43                xTaskGetApplicationTaskTagFromISR
                0x0040da71                xTaskCallApplicationTaskHook
                0x0040dab6                vTaskSwitchContext
                0x0040dbf1                vTaskPlaceOnEventList
                0x0040dc3e                vTaskPlaceOnUnorderedEventList
                0x0040dcfc                vTaskPlaceOnEventListRestricted
                0x0040de1d                xTaskRemoveFromEventList
                0x0040e069                vTaskRemoveFromUnorderedEventList
                0x0040e269                vTaskSetTimeOutState
                0x0040e2ad                vTaskInternalSetTimeOutState
                0x0040e2ca                xTaskCheckForTimeOut
                0x0040e3c5                vTaskMissedYield
                0x0040e3d5                uxTaskGetTaskNumber
                0x0040e3fe                vTaskSetTaskNumber
                0x0040e526                vTaskGetInfo
                0x0040e724                uxTaskGetStackHighWaterMark2
                0x0040e759                uxTaskGetStackHighWaterMark
                0x0040e82b                xTaskGetCurrentTaskHandle
                0x0040e83e                xTaskGetSchedulerState
                0x0040e874                xTaskPriorityInherit
                0x0040ead6                xTaskPriorityDisinherit
                0x0040ed31                vTaskPriorityDisinheritAfterTimeout
                0x0040efb6                uxTaskResetEventItemValue
                0x0040efe6                pvTaskIncrementMutexHeldCount
                0x0040f007                ulTaskGenericNotifyTake
                0x0040f279                xTaskGenericNotifyWait
                0x0040f4a8                xTaskGenericNotify
                0x0040f7bf                xTaskGenericNotifyFromISR
                0x0040fb21                vTaskGenericNotifyGiveFromISR
                0x0040fdd0                xTaskGenericNotifyStateClear
                0x0040fe42                ulTaskGenericNotifyValueClear
                0x0040fe9d                ulTaskGetIdleRunTimeCounter
                0x0040feaa                ulTaskGetIdleRunTimePercent
 .text          0x00410010     0x10d8 FreeRTOS_Source\timers.o
                0x00410010                xTimerCreateTimerTask
                0x004100bf                xTimerCreate
                0x00410114                xTimerCreateStatic
                0x004102ea                xTimerGenericCommand
                0x00410616                xTimerGetTimerDaemonTaskHandle
                0x00410640                xTimerGetPeriod
                0x0041066e                vTimerSetReloadMode
                0x004106cd                uxTimerGetReloadMode
                0x00410723                xTimerGetExpiryTime
                0x00410757                pcTimerGetName
                0x00410e3e                xTimerIsTimerActive
                0x00410e94                pvTimerGetTimerID
                0x00410ed2                vTimerSetTimerID
                0x00410f0e                xTimerPendFunctionCallFromISR
                0x00410f93                xTimerPendFunctionCall
                0x004110ce                uxTimerGetTimerNumber
                0x004110d9                vTimerSetTimerNumber
 .text          0x004110e8      0x100 Run-time-stats-utils.o
                0x004110e8                vConfigureTimerForRunTimeStats
                0x00411165                ulGetRunTimeCounterValue
 .text          0x004111e8      0xbcc Standard_Demo_Tasks\AbortDelay.o
                0x004111e8                vCreateAbortDelayTasks
                0x00411d50                xAreAbortDelayTestTasksStillRunning
 .text          0x00411db4      0x41c Standard_Demo_Tasks\BlockQ.o
                0x00411db4                vStartBlockingQueueTasks
                0x00412139                xAreBlockingQueuesStillRunning
 .text          0x004121d0      0xf20 Standard_Demo_Tasks\EventGroupsDemo.o
                0x004121d0                vStartEventGroupTasks
                0x00412f4c                vPeriodicEventGroupsProcessing
                0x0041307e                xAreEventGroupTasksStillRunning
 .text          0x004130f0      0xea8 Standard_Demo_Tasks\GenQTest.o
                0x004130f0                vStartGenericQueueTasks
                0x00413f40                xAreGenericQueueTasksStillRunning
 .text          0x00413f98      0x830 Standard_Demo_Tasks\IntSemTest.o
                0x00413f98                vStartInterruptSemaphoreTasks
                0x004146ad                vInterruptSemaphorePeriodicTest
                0x00414766                xAreInterruptSemaphoreTasksStillRunning
 .text          0x004147c8      0x354 Standard_Demo_Tasks\MessageBufferAMP.o
                0x004147c8                vStartMessageBufferAMPTasks
                0x00414a33                vGenerateCoreBInterrupt
                0x00414ac2                xAreMessageBufferAMPTasksStillRunning
 .text          0x00414b1c     0x1440 Standard_Demo_Tasks\MessageBufferDemo.o
                0x00414b1c                vStartMessageBufferTasks
                0x00415e98                xAreMessageBufferTasksStillRunning
 .text          0x00415f5c      0x218 Standard_Demo_Tasks\PollQ.o
                0x00415f5c                vStartPolledQueueTasks
                0x00416130                xArePollingQueuesStillRunning
 .text          0x00416174      0x570 Standard_Demo_Tasks\QPeek.o
                0x00416174                vStartQueuePeekTasks
                0x004166af                xAreQueuePeekTasksStillRunning
 .text          0x004166e4      0x334 Standard_Demo_Tasks\QueueOverwrite.o
                0x004166e4                vStartQueueOverwriteTask
                0x004168b6                xIsQueueOverwriteTaskStillRunning
                0x004168f7                vQueueOverwritePeriodicISRDemo
 .text          0x00416a18     0x1244 Standard_Demo_Tasks\QueueSet.o
                0x00416a18                vStartQueueSetTasks
                0x00416aa0                xAreQueueSetTasksStillRunning
                0x00416d86                vQueueSetAccessQueueSetFromISR
 .text          0x00417c5c      0x1ac Standard_Demo_Tasks\QueueSetPolling.o
                0x00417c5c                vStartQueueSetPollingTask
                0x00417d79                vQueueSetPollingInterruptAccess
                0x00417dda                xAreQueueSetPollTasksStillRunning
 .text          0x00417e08      0xeec Standard_Demo_Tasks\StaticAllocation.o
                0x00417e08                vStartStaticallyAllocatedTasks
                0x00418ca8                xAreStaticAllocationTasksStillRunning
 .text          0x00418cf4     0x1fdc Standard_Demo_Tasks\StreamBufferDemo.o
                0x00418cf4                vStartStreamBufferTasks
                0x0041a979                vPeriodicStreamBufferProcessing
                0x0041abe0                xAreStreamBufferTasksStillRunning
 .text          0x0041acd0      0x274 Standard_Demo_Tasks\StreamBufferInterrupt.o
                0x0041acd0                vStartStreamBufferInterruptDemo
                0x0041ae79                vBasicStreamBufferSendFromISR
                0x0041af10                xIsInterruptStreamBufferDemoStillRunning
 .text          0x0041af44     0x1328 Standard_Demo_Tasks\TaskNotify.o
                0x0041af44                vStartTaskNotifyTask
                0x0041c06f                xNotifyTaskFromISR
                0x0041c1ce                xAreTaskNotificationTasksStillRunning
 .text          0x0041c26c     0x1a2c Standard_Demo_Tasks\TimerDemo.o
                0x0041c26c                vStartTimerDemoTask
                0x0041c2f7                vTimerDemoIncludeBacklogTests
                0x0041c419                xAreTimerDemoTasksStillRunning
                0x0041d239                vTimerPeriodicISRTests
 .text          0x0041dc98      0x86c Standard_Demo_Tasks\blocktim.o
                0x0041dc98                vCreateBlockTimeTasks
                0x0041e49f                xAreBlockTimeTestTasksStillRunning
 .text          0x0041e504      0x3c0 Standard_Demo_Tasks\countsem.o
                0x0041e504                vStartCountingSemaphoreTasks
                0x0041e85b                xAreCountingSemaphoreTasksStillRunning
 .text          0x0041e8c4      0x1f0 Standard_Demo_Tasks\death.o
                0x0041e8c4                vCreateSuicidalTasks
                0x0041ea35                xIsCreateTaskStillRunning
 .text          0x0041eab4      0x50c Standard_Demo_Tasks\dynamic.o
                0x0041eab4                vStartDynamicPriorityTasks
                0x0041ef45                xAreDynamicPriorityTasksStillRunning
 .text          0x0041efc0      0x468 Standard_Demo_Tasks\flop.o
                0x0041efc0                vStartMathTasks
                0x0041f3db                xAreMathsTaskStillRunning
 .text          0x0041f428      0x130 Standard_Demo_Tasks\integer.o
                0x0041f428                vStartIntegerMathTasks
                0x0041f506                xAreIntegerMathsTaskStillRunning
 .text          0x0041f558      0x3e8 Standard_Demo_Tasks\semtest.o
                0x0041f558                vStartSemaphoreTasks
                0x0041f8e1                xAreSemaphoreTasksStillRunning
 .text          0x0041f940      0xb34 code_coverage_additions.o
                0x0042042a                xRunCodeCoverageTestAdditions
 .text          0x00420474      0x590 main.o
                0x00420474                main
                0x004204bc                vApplicationMallocFailedHook
                0x004204d9                vApplicationIdleHook
                0x004204df                vApplicationStackOverflowHook
                0x004204fc                vApplicationTickHook
                0x00420502                vApplicationDaemonTaskStartupHook
                0x00420508                vAssertCalled
                0x004209c2                vApplicationGetIdleTaskMemory
                0x004209e3                vApplicationGetTimerTaskMemory
 .text          0x00420a04      0xae8 main_blinky.o
                0x00420a04                main_blinky
                0x00420a6f                initDataStructs
                0x00420aeb                initCreateTasks
                0x00420b90                GetVirtualSystemTime
                0x00420bc3                FrequencyVirtualISRTask
                0x00420ce6                FrequencyUpdaterTask
                0x00420e68                loadManagerTask
                0x00421087                updateRunningData
                0x00421156                checkTrippingConditions
                0x004211f6                vTimer500MSCallback
                0x00421239                shedLoad
                0x004212ef                reconnectLoad
                0x004213e1                computeReactionTimeStatus
                0x00421438                restartFreeRTOSTimer
                0x00421488                stopFreeRTOSTimer
 .text          0x004214ec     0x1068 main_full.o
                0x004214ec                main_full
                0x00421a58                vFullDemoIdleFunction
                0x00421b89                vFullDemoTickHookFunction
 .text          0x00422554        0x8 f:/mingw/bin/../lib/gcc/mingw32/6.3.0/../../../libwinmm.a(drqcs00146.o)
                0x00422554                timeGetDevCaps@8
 .text          0x0042255c        0x8 f:/mingw/bin/../lib/gcc/mingw32/6.3.0/../../../libwinmm.a(drqcs00145.o)
                0x0042255c                timeEndPeriod@4
 .text          0x00422564        0x8 f:/mingw/bin/../lib/gcc/mingw32/6.3.0/../../../libwinmm.a(drqcs00144.o)
                0x00422564                timeBeginPeriod@4
 .text          0x0042256c        0x0 f:/mingw/bin/../lib/gcc/mingw32/6.3.0/../../../libwinmm.a(drqch.o)
 .text          0x0042256c        0x0 f:/mingw/bin/../lib/gcc/mingw32/6.3.0/../../../libwinmm.a(drqct.o)
 .text          0x0042256c        0x0 f:/mingw/bin/../lib/gcc/mingw32/6.3.0/../../../libmingw32.a(CRTglob.o)
 *fill*         0x0042256c        0x4 
 .text          0x00422570      0x3a0 f:/mingw/bin/../lib/gcc/mingw32/6.3.0/../../../libmingw32.a(setargv.o)
                0x00422570                _setargv
 .text          0x00422910        0x0 f:/mingw/bin/../lib/gcc/mingw32/6.3.0/../../../libmingw32.a(CRTfmode.o)
 .text          0x00422910      0x110 f:/mingw/bin/../lib/gcc/mingw32/6.3.0/../../../libmingw32.a(cpu_features.o)
                0x00422910                __cpu_features_init
 .text          0x00422a20        0x0 f:/mingw/bin/../lib/gcc/mingw32/6.3.0/../../../libmingw32.a(CRT_fp10.o)
 .text          0x00422a20        0x0 f:/mingw/bin/../lib/gcc/mingw32/6.3.0/../../../libmingw32.a(txtmode.o)
 .text          0x00422a20       0xa0 f:/mingw/bin/../lib/gcc/mingw32/6.3.0/../../../libmingw32.a(gccmain.o)
                0x00422a20                __do_global_dtors
                0x00422a50                __do_global_ctors
                0x00422aa0                __main
 .text          0x00422ac0       0xf0 f:/mingw/bin/../lib/gcc/mingw32/6.3.0/../../../libmingw32.a(tlssup.o)
                0x00422b10                __dyn_tls_init@12
                0x00422ba0                __tlregdtor
 .text          0x00422bb0      0x230 f:/mingw/bin/../lib/gcc/mingw32/6.3.0/../../../libmingw32.a(tlsthrd.o)
                0x00422c10                ___w64_mingwthr_add_key_dtor
                0x00422ca0                ___w64_mingwthr_remove_key_dtor
                0x00422d40                __mingw_TLScallback
 .text          0x00422de0      0x310 f:/mingw/bin/../lib/gcc/mingw32/6.3.0/../../../libmingw32.a(pseudo-reloc.o)
                0x00422f20                _pei386_runtime_relocator
 .text          0x004230f0        0x0 f:/mingw/bin/../lib/gcc/mingw32/6.3.0/../../../libmingw32.a(pseudo-reloc-list.o)
 .text          0x004230f0        0x0 f:/mingw/bin/../lib/gcc/mingw32/6.3.0/../../../libmingw32.a(crtst.o)
 .text          0x004230f0       0x2c f:/mingw/bin/../lib/gcc/mingw32/6.3.0/libgcc.a(_chkstk_ms.o)
                0x004230f0                __chkstk_ms
 .text          0x0042311c        0x0 f:/mingw/bin/../lib/gcc/mingw32/6.3.0/libgcc.a(_ctors.o)
 *fill*         0x0042311c        0x4 
 .text          0x00423120      0x140 f:/mingw/bin/../lib/gcc/mingw32/6.3.0/libgcc.a(_divdi3.o)
                0x00423120                __divdi3
 .text          0x00423260       0x70 f:/mingw/bin/../lib/gcc/mingw32/6.3.0/../../../libmingwex.a(fesetenv.o)
                0x00423260                fesetenv
 .text          0x004232d0     0x1080 f:/mingw/bin/../lib/gcc/mingw32/6.3.0/../../../libmingwex.a(glob.o)
                0x00424200                __mingw_glob
                0x004242f0                __mingw_globfree
 .text          0x00424350      0x400 f:/mingw/bin/../lib/gcc/mingw32/6.3.0/../../../libmingwex.a(dirname.o)
                0x00424350                __mingw_dirname
 .text          0x00424750      0x4f0 f:/mingw/bin/../lib/gcc/mingw32/6.3.0/../../../libmingwex.a(dirent.o)
                0x004248d0                __mingw_opendir
                0x00424a90                __mingw_readdir
                0x00424ae0                __mingw_closedir
                0x00424b30                __mingw_rewinddir
                0x00424b90                __mingw_telldir
                0x00424bc0                __mingw_seekdir
 .text          0x00424c40        0x8 f:/mingw/bin/../lib/gcc/mingw32/6.3.0/../../../libmsvcrt.a(djpvbs01325.o)
                0x00424c40                wcstombs
 .text          0x00424c48        0x8 f:/mingw/bin/../lib/gcc/mingw32/6.3.0/../../../libmsvcrt.a(djpvbs01284.o)
                0x00424c48                vfprintf
 .text          0x00424c50        0x8 f:/mingw/bin/../lib/gcc/mingw32/6.3.0/../../../libmsvcrt.a(djpvbs01277.o)
                0x00424c50                tolower
 .text          0x00424c58        0x8 f:/mingw/bin/../lib/gcc/mingw32/6.3.0/../../../libmsvcrt.a(djpvbs01252.o)
                0x00424c58                strncmp
 .text          0x00424c60        0x8 f:/mingw/bin/../lib/gcc/mingw32/6.3.0/../../../libmsvcrt.a(djpvbs01249.o)
                0x00424c60                strlen
 .text          0x00424c68        0x8 f:/mingw/bin/../lib/gcc/mingw32/6.3.0/../../../libmsvcrt.a(djpvbs01242.o)
                0x00424c68                strcoll
 .text          0x00424c70        0x8 f:/mingw/bin/../lib/gcc/mingw32/6.3.0/../../../libmsvcrt.a(djpvbs01241.o)
                0x00424c70                strcmp
 .text          0x00424c78        0x8 f:/mingw/bin/../lib/gcc/mingw32/6.3.0/../../../libmsvcrt.a(djpvbs01232.o)
                0x00424c78                sprintf
 .text          0x00424c80        0x8 f:/mingw/bin/../lib/gcc/mingw32/6.3.0/../../../libmsvcrt.a(djpvbs01229.o)
                0x00424c80                signal
 .text          0x00424c88        0x8 f:/mingw/bin/../lib/gcc/mingw32/6.3.0/../../../libmsvcrt.a(djpvbs01227.o)
                0x00424c88                setlocale
 .text          0x00424c90        0x8 f:/mingw/bin/../lib/gcc/mingw32/6.3.0/../../../libmsvcrt.a(djpvbs01220.o)
                0x00424c90                realloc
 .text          0x00424c98        0x8 f:/mingw/bin/../lib/gcc/mingw32/6.3.0/../../../libmsvcrt.a(djpvbs01218.o)
                0x00424c98                rand
 .text          0x00424ca0        0x8 f:/mingw/bin/../lib/gcc/mingw32/6.3.0/../../../libmsvcrt.a(djpvbs01212.o)
                0x00424ca0                puts
 .text          0x00424ca8        0x8 f:/mingw/bin/../lib/gcc/mingw32/6.3.0/../../../libmsvcrt.a(djpvbs01208.o)
                0x00424ca8                printf
 .text          0x00424cb0        0x8 f:/mingw/bin/../lib/gcc/mingw32/6.3.0/../../../libmsvcrt.a(djpvbs01203.o)
                0x00424cb0                memset
 .text          0x00424cb8        0x8 f:/mingw/bin/../lib/gcc/mingw32/6.3.0/../../../libmsvcrt.a(djpvbs01199.o)
                0x00424cb8                memcpy
 .text          0x00424cc0        0x8 f:/mingw/bin/../lib/gcc/mingw32/6.3.0/../../../libmsvcrt.a(djpvbs01198.o)
                0x00424cc0                memcmp
 .text          0x00424cc8        0x8 f:/mingw/bin/../lib/gcc/mingw32/6.3.0/../../../libmsvcrt.a(djpvbs01194.o)
                0x00424cc8                mbstowcs
 .text          0x00424cd0        0x8 f:/mingw/bin/../lib/gcc/mingw32/6.3.0/../../../libmsvcrt.a(djpvbs01187.o)
                0x00424cd0                malloc
 .text          0x00424cd8        0x8 f:/mingw/bin/../lib/gcc/mingw32/6.3.0/../../../libmsvcrt.a(djpvbs01142.o)
                0x00424cd8                fwrite
 .text          0x00424ce0        0x8 f:/mingw/bin/../lib/gcc/mingw32/6.3.0/../../../libmsvcrt.a(djpvbs01131.o)
                0x00424ce0                free
 .text          0x00424ce8        0x8 f:/mingw/bin/../lib/gcc/mingw32/6.3.0/../../../libmsvcrt.a(djpvbs01122.o)
                0x00424ce8                fopen
 .text          0x00424cf0        0x8 f:/mingw/bin/../lib/gcc/mingw32/6.3.0/../../../libmsvcrt.a(djpvbs01114.o)
                0x00424cf0                fflush
 .text          0x00424cf8        0x8 f:/mingw/bin/../lib/gcc/mingw32/6.3.0/../../../libmsvcrt.a(djpvbs01111.o)
                0x00424cf8                fclose
 .text          0x00424d00        0x8 f:/mingw/bin/../lib/gcc/mingw32/6.3.0/../../../libmsvcrt.a(djpvbs01108.o)
                0x00424d00                exit
 .text          0x00424d08        0x8 f:/mingw/bin/../lib/gcc/mingw32/6.3.0/../../../libmsvcrt.a(djpvbs01098.o)
                0x00424d08                calloc
 .text          0x00424d10        0x0 f:/mingw/bin/../lib/gcc/mingw32/6.3.0/../../../libmsvcrt.a(djpvbs01091.o)
 .text          0x00424d10        0x8 f:/mingw/bin/../lib/gcc/mingw32/6.3.0/../../../libmsvcrt.a(djpvbs01083.o)
                0x00424d10                abort
 .text          0x00424d18        0x8 f:/mingw/bin/../lib/gcc/mingw32/6.3.0/../../../libmsvcrt.a(djpvbs00753.o)
                0x00424d18                _setmode
 .text          0x00424d20        0x0 f:/mingw/bin/../lib/gcc/mingw32/6.3.0/../../../libmsvcrt.a(djpvbs00698.o)
 .text          0x00424d20        0x0 f:/mingw/bin/../lib/gcc/mingw32/6.3.0/../../../libmsvcrt.a(djpvbs00689.o)
 .text          0x00424d20        0x8 f:/mingw/bin/../lib/gcc/mingw32/6.3.0/../../../libmsvcrt.a(djpvbs00422.o)
                0x00424d20                _isctype
 .text          0x00424d28        0x0 f:/mingw/bin/../lib/gcc/mingw32/6.3.0/../../../libmsvcrt.a(djpvbs00417.o)
 .text          0x00424d28        0x8 f:/mingw/bin/../lib/gcc/mingw32/6.3.0/../../../libmsvcrt.a(djpvbs00350.o)
                0x00424d28                _fullpath
 .text          0x00424d30        0x8 f:/mingw/bin/../lib/gcc/mingw32/6.3.0/../../../libmsvcrt.a(djpvbs00285.o)
                0x00424d30                _errno
 .text          0x00424d38        0x8 f:/mingw/bin/../lib/gcc/mingw32/6.3.0/../../../libmsvcrt.a(djpvbs00219.o)
                0x00424d38                _cexit
 .text          0x00424d40        0x8 f:/mingw/bin/../lib/gcc/mingw32/6.3.0/../../../libmsvcrt.a(djpvbs00133.o)
                0x00424d40                __p__fmode
 .text          0x00424d48        0x8 f:/mingw/bin/../lib/gcc/mingw32/6.3.0/../../../libmsvcrt.a(djpvbs00131.o)
                0x00424d48                __p__environ
 .text          0x00424d50        0x0 f:/mingw/bin/../lib/gcc/mingw32/6.3.0/../../../libmsvcrt.a(djpvbs00119.o)
 .text          0x00424d50        0x8 f:/mingw/bin/../lib/gcc/mingw32/6.3.0/../../../libmsvcrt.a(djpvbs00088.o)
                0x00424d50                __getmainargs
 .text          0x00424d58        0x0 f:/mingw/bin/../lib/gcc/mingw32/6.3.0/../../../libmsvcrt.a(djpvbh.o)
 .text          0x00424d58        0x0 f:/mingw/bin/../lib/gcc/mingw32/6.3.0/../../../libmsvcrt.a(djpvbt.o)
 .text          0x00424d58        0x8 f:/mingw/bin/../lib/gcc/mingw32/6.3.0/../../../libkernel32.a(dujcs01223.o)
                0x00424d58                WaitForSingleObject@8
 .text          0x00424d60        0x8 f:/mingw/bin/../lib/gcc/mingw32/6.3.0/../../../libkernel32.a(dujcs01221.o)
                0x00424d60                WaitForMultipleObjects@16
 .text          0x00424d68        0x8 f:/mingw/bin/../lib/gcc/mingw32/6.3.0/../../../libkernel32.a(dujcs01215.o)
                0x00424d68                VirtualQuery@12
 .text          0x00424d70        0x8 f:/mingw/bin/../lib/gcc/mingw32/6.3.0/../../../libkernel32.a(dujcs01213.o)
                0x00424d70                VirtualProtect@16
 .text          0x00424d78        0x8 f:/mingw/bin/../lib/gcc/mingw32/6.3.0/../../../libkernel32.a(dujcs01173.o)
                0x00424d78                TlsGetValue@4
 .text          0x00424d80        0x8 f:/mingw/bin/../lib/gcc/mingw32/6.3.0/../../../libkernel32.a(dujcs01167.o)
                0x00424d80                TerminateThread@8
 .text          0x00424d88        0x8 f:/mingw/bin/../lib/gcc/mingw32/6.3.0/../../../libkernel32.a(dujcs01160.o)
                0x00424d88                SuspendThread@4
 .text          0x00424d90        0x8 f:/mingw/bin/../lib/gcc/mingw32/6.3.0/../../../libkernel32.a(dujcs01152.o)
                0x00424d90                Sleep@4
 .text          0x00424d98        0x8 f:/mingw/bin/../lib/gcc/mingw32/6.3.0/../../../libkernel32.a(dujcs01140.o)
                0x00424d98                SetUnhandledExceptionFilter@4
 .text          0x00424da0        0x8 f:/mingw/bin/../lib/gcc/mingw32/6.3.0/../../../libkernel32.a(dujcs01130.o)
                0x00424da0                SetThreadPriorityBoost@8
 .text          0x00424da8        0x8 f:/mingw/bin/../lib/gcc/mingw32/6.3.0/../../../libkernel32.a(dujcs01129.o)
                0x00424da8                SetThreadPriority@8
 .text          0x00424db0        0x8 f:/mingw/bin/../lib/gcc/mingw32/6.3.0/../../../libkernel32.a(dujcs01120.o)
                0x00424db0                SetThreadAffinityMask@8
 .text          0x00424db8        0x8 f:/mingw/bin/../lib/gcc/mingw32/6.3.0/../../../libkernel32.a(dujcs01101.o)
                0x00424db8                SetPriorityClass@8
 .text          0x00424dc0        0x8 f:/mingw/bin/../lib/gcc/mingw32/6.3.0/../../../libkernel32.a(dujcs01065.o)
                0x00424dc0                SetEvent@4
 .text          0x00424dc8        0x8 f:/mingw/bin/../lib/gcc/mingw32/6.3.0/../../../libkernel32.a(dujcs01021.o)
                0x00424dc8                SetConsoleCtrlHandler@8
 .text          0x00424dd0        0x8 f:/mingw/bin/../lib/gcc/mingw32/6.3.0/../../../libkernel32.a(dujcs00999.o)
                0x00424dd0                ResumeThread@4
 .text          0x00424dd8        0x8 f:/mingw/bin/../lib/gcc/mingw32/6.3.0/../../../libkernel32.a(dujcs00995.o)
                0x00424dd8                ResetEvent@4
 .text          0x00424de0        0x8 f:/mingw/bin/../lib/gcc/mingw32/6.3.0/../../../libkernel32.a(dujcs00974.o)
                0x00424de0                ReleaseMutex@4
 .text          0x00424de8        0x8 f:/mingw/bin/../lib/gcc/mingw32/6.3.0/../../../libkernel32.a(dujcs00923.o)
                0x00424de8                QueryPerformanceFrequency@4
 .text          0x00424df0        0x8 f:/mingw/bin/../lib/gcc/mingw32/6.3.0/../../../libkernel32.a(dujcs00922.o)
                0x00424df0                QueryPerformanceCounter@4
 .text          0x00424df8        0x8 f:/mingw/bin/../lib/gcc/mingw32/6.3.0/../../../libkernel32.a(dujcs00817.o)
                0x00424df8                LoadLibraryA@4
 .text          0x00424e00        0x8 f:/mingw/bin/../lib/gcc/mingw32/6.3.0/../../../libkernel32.a(dujcs00814.o)
                0x00424e00                LeaveCriticalSection@4
 .text          0x00424e08        0x8 f:/mingw/bin/../lib/gcc/mingw32/6.3.0/../../../libkernel32.a(dujcs00734.o)
                0x00424e08                InitializeCriticalSection@4
 .text          0x00424e10        0x8 f:/mingw/bin/../lib/gcc/mingw32/6.3.0/../../../libkernel32.a(dujcs00642.o)
                0x00424e10                GetThreadContext@8
 .text          0x00424e18        0x8 f:/mingw/bin/../lib/gcc/mingw32/6.3.0/../../../libkernel32.a(dujcs00623.o)
                0x00424e18                GetSystemInfo@4
 .text          0x00424e20        0x8 f:/mingw/bin/../lib/gcc/mingw32/6.3.0/../../../libkernel32.a(dujcs00577.o)
                0x00424e20                GetProcAddress@8
 .text          0x00424e28        0x8 f:/mingw/bin/../lib/gcc/mingw32/6.3.0/../../../libkernel32.a(dujcs00529.o)
                0x00424e28                GetModuleHandleA@4
 .text          0x00424e30        0x8 f:/mingw/bin/../lib/gcc/mingw32/6.3.0/../../../libkernel32.a(dujcs00510.o)
                0x00424e30                GetLastError@0
 .text          0x00424e38        0x8 f:/mingw/bin/../lib/gcc/mingw32/6.3.0/../../../libkernel32.a(dujcs00450.o)
                0x00424e38                GetCurrentThread@0
 .text          0x00424e40        0x8 f:/mingw/bin/../lib/gcc/mingw32/6.3.0/../../../libkernel32.a(dujcs00446.o)
                0x00424e40                GetCurrentProcess@0
 .text          0x00424e48        0x8 f:/mingw/bin/../lib/gcc/mingw32/6.3.0/../../../libkernel32.a(dujcs00388.o)
                0x00424e48                GetCommandLineA@0
 .text          0x00424e50        0x8 f:/mingw/bin/../lib/gcc/mingw32/6.3.0/../../../libkernel32.a(dujcs00352.o)
                0x00424e50                FreeLibrary@4
 .text          0x00424e58        0x8 f:/mingw/bin/../lib/gcc/mingw32/6.3.0/../../../libkernel32.a(dujcs00321.o)
                0x00424e58                FindNextFileA@8
 .text          0x00424e60        0x8 f:/mingw/bin/../lib/gcc/mingw32/6.3.0/../../../libkernel32.a(dujcs00304.o)
                0x00424e60                FindFirstFileA@8
 .text          0x00424e68        0x8 f:/mingw/bin/../lib/gcc/mingw32/6.3.0/../../../libkernel32.a(dujcs00300.o)
                0x00424e68                FindClose@4
 .text          0x00424e70        0x8 f:/mingw/bin/../lib/gcc/mingw32/6.3.0/../../../libkernel32.a(dujcs00280.o)
                0x00424e70                ExitThread@4
 .text          0x00424e78        0x8 f:/mingw/bin/../lib/gcc/mingw32/6.3.0/../../../libkernel32.a(dujcs00279.o)
                0x00424e78                ExitProcess@4
 .text          0x00424e80        0x8 f:/mingw/bin/../lib/gcc/mingw32/6.3.0/../../../libkernel32.a(dujcs00236.o)
                0x00424e80                EnterCriticalSection@4
 .text          0x00424e88        0x8 f:/mingw/bin/../lib/gcc/mingw32/6.3.0/../../../libkernel32.a(dujcs00207.o)
                0x00424e88                DeleteCriticalSection@4
 .text          0x00424e90        0x8 f:/mingw/bin/../lib/gcc/mingw32/6.3.0/../../../libkernel32.a(dujcs00179.o)
                0x00424e90                CreateThread@24
 .text          0x00424e98        0x8 f:/mingw/bin/../lib/gcc/mingw32/6.3.0/../../../libkernel32.a(dujcs00154.o)
                0x00424e98                CreateMutexA@12
 .text          0x00424ea0        0x8 f:/mingw/bin/../lib/gcc/mingw32/6.3.0/../../../libkernel32.a(dujcs00129.o)
                0x00424ea0                CreateEventA@16
 .text          0x00424ea8        0x8 f:/mingw/bin/../lib/gcc/mingw32/6.3.0/../../../libkernel32.a(dujcs00082.o)
                0x00424ea8                CloseHandle@4
 .text          0x00424eb0        0x0 f:/mingw/bin/../lib/gcc/mingw32/6.3.0/../../../libkernel32.a(dujch.o)
 .text          0x00424eb0        0x0 f:/mingw/bin/../lib/gcc/mingw32/6.3.0/../../../libkernel32.a(dujct.o)
 .text          0x00424eb0        0x8 f:/mingw/bin/../lib/gcc/mingw32/6.3.0/../../../libmoldname.a(dagwbs00082.o)
                0x00424eb0                stricoll
 .text          0x00424eb8        0x8 f:/mingw/bin/../lib/gcc/mingw32/6.3.0/../../../libmoldname.a(dagwbs00080.o)
                0x00424eb8                strdup
 .text          0x00424ec0        0x0 f:/mingw/bin/../lib/gcc/mingw32/6.3.0/../../../libmoldname.a(dagwbh.o)
 .text          0x00424ec0        0x0 f:/mingw/bin/../lib/gcc/mingw32/6.3.0/../../../libmoldname.a(dagwbt.o)
 .text          0x00424ec0        0x0 f:/mingw/bin/../lib/gcc/mingw32/6.3.0/crtend.o
 *(SORT(.text$*))
 *(.text.*)
 .text.startup  0x00424ec0       0x10 f:/mingw/bin/../lib/gcc/mingw32/6.3.0/crtend.o
 *(.gnu.linkonce.t.*)
 *(.glue_7t)
 *(.glue_7)
                0x00424ed0                ___CTOR_LIST__ = .
                0x00424ed0                __CTOR_LIST__ = .
                0x00424ed0        0x4 LONG 0xffffffff
 *(.ctors)
 *(.ctor)
 *(SORT(.ctors.*))
 .ctors.65535   0x00424ed4        0x4 f:/mingw/bin/../lib/gcc/mingw32/6.3.0/crtend.o
                0x00424ed8        0x4 LONG 0x0
                0x00424edc                ___DTOR_LIST__ = .
                0x00424edc                __DTOR_LIST__ = .
                0x00424edc        0x4 LONG 0xffffffff
 *(.dtors)
 *(.dtor)
 *(SORT(.dtors.*))
                0x00424ee0        0x4 LONG 0x0
 *(.fini)
 *(.gcc_exc)
                [!provide]                PROVIDE (etext, .)
                [!provide]                PROVIDE (_etext, .)
 *(.gcc_except_table)

.data           0x00425000      0x200
                0x00425000                __data_start__ = .
 *(.data)
 .data          0x00425000        0x0 f:/mingw/bin/../lib/gcc/mingw32/6.3.0/../../../crt2.o
 .data          0x00425000        0x4 f:/mingw/bin/../lib/gcc/mingw32/6.3.0/crtbegin.o
 .data          0x00425004        0x0 DemosModifiedForLowTickRate\recmutex.o
 .data          0x00425004        0x8 FreeRTOS+Trace Recorder\trcKernelPort.o
                0x00425004                TraceQueueClassTable
 .data          0x0042500c        0x8 FreeRTOS+Trace Recorder\trcSnapshotRecorder.o
                0x00425010                CurrentFilterMask
                0x00425012                CurrentFilterGroup
 .data          0x00425014        0x0 FreeRTOS+Trace Recorder\trcStreamingRecorder.o
 .data          0x00425014        0x0 FreeRTOS_Source\croutine.o
 .data          0x00425014        0x0 FreeRTOS_Source\event_groups.o
 .data          0x00425014        0x0 FreeRTOS_Source\list.o
 .data          0x00425014        0x4 FreeRTOS_Source\portable\MSVC-MingW\port.o
 .data          0x00425018        0x0 FreeRTOS_Source\portable\MemMang\heap_5.o
 .data          0x00425018        0x0 FreeRTOS_Source\queue.o
 .data          0x00425018        0x0 FreeRTOS_Source\stream_buffer.o
 .data          0x00425018        0x4 FreeRTOS_Source\tasks.o
                0x00425018                uxTopUsedPriority
 .data          0x0042501c        0x0 FreeRTOS_Source\timers.o
 .data          0x0042501c        0x0 Run-time-stats-utils.o
 .data          0x0042501c        0x8 Standard_Demo_Tasks\AbortDelay.o
 .data          0x00425024        0x0 Standard_Demo_Tasks\BlockQ.o
 .data          0x00425024        0x0 Standard_Demo_Tasks\EventGroupsDemo.o
 .data          0x00425024        0x0 Standard_Demo_Tasks\GenQTest.o
 .data          0x00425024        0x0 Standard_Demo_Tasks\IntSemTest.o
 .data          0x00425024        0x4 Standard_Demo_Tasks\MessageBufferAMP.o
                0x00425024                xDemoStatus
 .data          0x00425028        0x4 Standard_Demo_Tasks\MessageBufferDemo.o
 .data          0x0042502c        0x0 Standard_Demo_Tasks\PollQ.o
 .data          0x0042502c        0x0 Standard_Demo_Tasks\QPeek.o
 .data          0x0042502c        0x4 Standard_Demo_Tasks\QueueOverwrite.o
 .data          0x00425030        0xc Standard_Demo_Tasks\QueueSet.o
 .data          0x0042503c        0x4 Standard_Demo_Tasks\QueueSetPolling.o
 .data          0x00425040        0x0 Standard_Demo_Tasks\StaticAllocation.o
 .data          0x00425040       0x10 Standard_Demo_Tasks\StreamBufferDemo.o
 .data          0x00425050        0xc Standard_Demo_Tasks\StreamBufferInterrupt.o
 .data          0x0042505c        0x4 Standard_Demo_Tasks\TaskNotify.o
 .data          0x00425060        0x8 Standard_Demo_Tasks\TimerDemo.o
 .data          0x00425068        0x0 Standard_Demo_Tasks\blocktim.o
 .data          0x00425068        0x0 Standard_Demo_Tasks\countsem.o
 .data          0x00425068        0x4 Standard_Demo_Tasks\death.o
 .data          0x0042506c        0x0 Standard_Demo_Tasks\dynamic.o
 .data          0x0042506c        0x0 Standard_Demo_Tasks\flop.o
 .data          0x0042506c        0x0 Standard_Demo_Tasks\integer.o
 .data          0x0042506c        0x0 Standard_Demo_Tasks\semtest.o
 .data          0x0042506c        0x0 code_coverage_additions.o
 .data          0x0042506c        0x4 main.o
 .data          0x00425070       0x50 main_blinky.o
                0x00425070                frequencyThreshold
                0x00425078                rocThreshold
                0x00425080                wasStable
                0x00425084                loads
                0x00425098                loadStatus
                0x004250ac                SWITCHES
 .data          0x004250c0        0xc main_full.o
 .data          0x004250cc        0x0 f:/mingw/bin/../lib/gcc/mingw32/6.3.0/../../../libwinmm.a(drqcs00146.o)
 .data          0x004250cc        0x0 f:/mingw/bin/../lib/gcc/mingw32/6.3.0/../../../libwinmm.a(drqcs00145.o)
 .data          0x004250cc        0x0 f:/mingw/bin/../lib/gcc/mingw32/6.3.0/../../../libwinmm.a(drqcs00144.o)
 .data          0x004250cc        0x0 f:/mingw/bin/../lib/gcc/mingw32/6.3.0/../../../libwinmm.a(drqch.o)
 .data          0x004250cc        0x0 f:/mingw/bin/../lib/gcc/mingw32/6.3.0/../../../libwinmm.a(drqct.o)
 .data          0x004250cc        0x4 f:/mingw/bin/../lib/gcc/mingw32/6.3.0/../../../libmingw32.a(CRTglob.o)
                0x004250cc                _CRT_glob
 .data          0x004250d0        0x0 f:/mingw/bin/../lib/gcc/mingw32/6.3.0/../../../libmingw32.a(setargv.o)
 .data          0x004250d0        0x0 f:/mingw/bin/../lib/gcc/mingw32/6.3.0/../../../libmingw32.a(CRTfmode.o)
 .data          0x004250d0        0x0 f:/mingw/bin/../lib/gcc/mingw32/6.3.0/../../../libmingw32.a(cpu_features.o)
 .data          0x004250d0        0x4 f:/mingw/bin/../lib/gcc/mingw32/6.3.0/../../../libmingw32.a(CRT_fp10.o)
                0x004250d0                _CRT_fenv
 .data          0x004250d4        0x4 f:/mingw/bin/../lib/gcc/mingw32/6.3.0/../../../libmingw32.a(txtmode.o)
                0x004250d4                _fmode
 .data          0x004250d8        0x4 f:/mingw/bin/../lib/gcc/mingw32/6.3.0/../../../libmingw32.a(gccmain.o)
 .data          0x004250dc        0x0 f:/mingw/bin/../lib/gcc/mingw32/6.3.0/../../../libmingw32.a(tlssup.o)
 .data          0x004250dc        0x0 f:/mingw/bin/../lib/gcc/mingw32/6.3.0/../../../libmingw32.a(tlsthrd.o)
 .data          0x004250dc        0x0 f:/mingw/bin/../lib/gcc/mingw32/6.3.0/../../../libmingw32.a(pseudo-reloc.o)
 .data          0x004250dc        0x0 f:/mingw/bin/../lib/gcc/mingw32/6.3.0/../../../libmingw32.a(pseudo-reloc-list.o)
 .data          0x004250dc        0x0 f:/mingw/bin/../lib/gcc/mingw32/6.3.0/../../../libmingw32.a(crtst.o)
 .data          0x004250dc        0x0 f:/mingw/bin/../lib/gcc/mingw32/6.3.0/libgcc.a(_chkstk_ms.o)
 .data          0x004250dc        0x0 f:/mingw/bin/../lib/gcc/mingw32/6.3.0/libgcc.a(_ctors.o)
 .data          0x004250dc        0x0 f:/mingw/bin/../lib/gcc/mingw32/6.3.0/libgcc.a(_divdi3.o)
 .data          0x004250dc        0x4 f:/mingw/bin/../lib/gcc/mingw32/6.3.0/../../../libmingwex.a(fesetenv.o)
 .data          0x004250e0        0x0 f:/mingw/bin/../lib/gcc/mingw32/6.3.0/../../../libmingwex.a(glob.o)
 .data          0x004250e0        0x0 f:/mingw/bin/../lib/gcc/mingw32/6.3.0/../../../libmingwex.a(dirname.o)
 .data          0x004250e0        0x0 f:/mingw/bin/../lib/gcc/mingw32/6.3.0/../../../libmingwex.a(dirent.o)
 .data          0x004250e0        0x0 f:/mingw/bin/../lib/gcc/mingw32/6.3.0/../../../libmsvcrt.a(djpvbs01325.o)
 .data          0x004250e0        0x0 f:/mingw/bin/../lib/gcc/mingw32/6.3.0/../../../libmsvcrt.a(djpvbs01284.o)
 .data          0x004250e0        0x0 f:/mingw/bin/../lib/gcc/mingw32/6.3.0/../../../libmsvcrt.a(djpvbs01277.o)
 .data          0x004250e0        0x0 f:/mingw/bin/../lib/gcc/mingw32/6.3.0/../../../libmsvcrt.a(djpvbs01252.o)
 .data          0x004250e0        0x0 f:/mingw/bin/../lib/gcc/mingw32/6.3.0/../../../libmsvcrt.a(djpvbs01249.o)
 .data          0x004250e0        0x0 f:/mingw/bin/../lib/gcc/mingw32/6.3.0/../../../libmsvcrt.a(djpvbs01242.o)
 .data          0x004250e0        0x0 f:/mingw/bin/../lib/gcc/mingw32/6.3.0/../../../libmsvcrt.a(djpvbs01241.o)
 .data          0x004250e0        0x0 f:/mingw/bin/../lib/gcc/mingw32/6.3.0/../../../libmsvcrt.a(djpvbs01232.o)
 .data          0x004250e0        0x0 f:/mingw/bin/../lib/gcc/mingw32/6.3.0/../../../libmsvcrt.a(djpvbs01229.o)
 .data          0x004250e0        0x0 f:/mingw/bin/../lib/gcc/mingw32/6.3.0/../../../libmsvcrt.a(djpvbs01227.o)
 .data          0x004250e0        0x0 f:/mingw/bin/../lib/gcc/mingw32/6.3.0/../../../libmsvcrt.a(djpvbs01220.o)
 .data          0x004250e0        0x0 f:/mingw/bin/../lib/gcc/mingw32/6.3.0/../../../libmsvcrt.a(djpvbs01218.o)
 .data          0x004250e0        0x0 f:/mingw/bin/../lib/gcc/mingw32/6.3.0/../../../libmsvcrt.a(djpvbs01212.o)
 .data          0x004250e0        0x0 f:/mingw/bin/../lib/gcc/mingw32/6.3.0/../../../libmsvcrt.a(djpvbs01208.o)
 .data          0x004250e0        0x0 f:/mingw/bin/../lib/gcc/mingw32/6.3.0/../../../libmsvcrt.a(djpvbs01203.o)
 .data          0x004250e0        0x0 f:/mingw/bin/../lib/gcc/mingw32/6.3.0/../../../libmsvcrt.a(djpvbs01199.o)
 .data          0x004250e0        0x0 f:/mingw/bin/../lib/gcc/mingw32/6.3.0/../../../libmsvcrt.a(djpvbs01198.o)
 .data          0x004250e0        0x0 f:/mingw/bin/../lib/gcc/mingw32/6.3.0/../../../libmsvcrt.a(djpvbs01194.o)
 .data          0x004250e0        0x0 f:/mingw/bin/../lib/gcc/mingw32/6.3.0/../../../libmsvcrt.a(djpvbs01187.o)
 .data          0x004250e0        0x0 f:/mingw/bin/../lib/gcc/mingw32/6.3.0/../../../libmsvcrt.a(djpvbs01142.o)
 .data          0x004250e0        0x0 f:/mingw/bin/../lib/gcc/mingw32/6.3.0/../../../libmsvcrt.a(djpvbs01131.o)
 .data          0x004250e0        0x0 f:/mingw/bin/../lib/gcc/mingw32/6.3.0/../../../libmsvcrt.a(djpvbs01122.o)
 .data          0x004250e0        0x0 f:/mingw/bin/../lib/gcc/mingw32/6.3.0/../../../libmsvcrt.a(djpvbs01114.o)
 .data          0x004250e0        0x0 f:/mingw/bin/../lib/gcc/mingw32/6.3.0/../../../libmsvcrt.a(djpvbs01111.o)
 .data          0x004250e0        0x0 f:/mingw/bin/../lib/gcc/mingw32/6.3.0/../../../libmsvcrt.a(djpvbs01108.o)
 .data          0x004250e0        0x0 f:/mingw/bin/../lib/gcc/mingw32/6.3.0/../../../libmsvcrt.a(djpvbs01098.o)
 .data          0x004250e0        0x0 f:/mingw/bin/../lib/gcc/mingw32/6.3.0/../../../libmsvcrt.a(djpvbs01091.o)
 .data          0x004250e0        0x0 f:/mingw/bin/../lib/gcc/mingw32/6.3.0/../../../libmsvcrt.a(djpvbs01083.o)
 .data          0x004250e0        0x0 f:/mingw/bin/../lib/gcc/mingw32/6.3.0/../../../libmsvcrt.a(djpvbs00753.o)
 .data          0x004250e0        0x0 f:/mingw/bin/../lib/gcc/mingw32/6.3.0/../../../libmsvcrt.a(djpvbs00698.o)
 .data          0x004250e0        0x0 f:/mingw/bin/../lib/gcc/mingw32/6.3.0/../../../libmsvcrt.a(djpvbs00689.o)
 .data          0x004250e0        0x0 f:/mingw/bin/../lib/gcc/mingw32/6.3.0/../../../libmsvcrt.a(djpvbs00422.o)
 .data          0x004250e0        0x0 f:/mingw/bin/../lib/gcc/mingw32/6.3.0/../../../libmsvcrt.a(djpvbs00417.o)
 .data          0x004250e0        0x0 f:/mingw/bin/../lib/gcc/mingw32/6.3.0/../../../libmsvcrt.a(djpvbs00350.o)
 .data          0x004250e0        0x0 f:/mingw/bin/../lib/gcc/mingw32/6.3.0/../../../libmsvcrt.a(djpvbs00324.o)
 .data          0x004250e0        0x0 f:/mingw/bin/../lib/gcc/mingw32/6.3.0/../../../libmsvcrt.a(djpvbs00285.o)
 .data          0x004250e0        0x0 f:/mingw/bin/../lib/gcc/mingw32/6.3.0/../../../libmsvcrt.a(djpvbs00219.o)
 .data          0x004250e0        0x0 f:/mingw/bin/../lib/gcc/mingw32/6.3.0/../../../libmsvcrt.a(djpvbs00153.o)
 .data          0x004250e0        0x0 f:/mingw/bin/../lib/gcc/mingw32/6.3.0/../../../libmsvcrt.a(djpvbs00133.o)
 .data          0x004250e0        0x0 f:/mingw/bin/../lib/gcc/mingw32/6.3.0/../../../libmsvcrt.a(djpvbs00131.o)
 .data          0x004250e0        0x0 f:/mingw/bin/../lib/gcc/mingw32/6.3.0/../../../libmsvcrt.a(djpvbs00119.o)
 .data          0x004250e0        0x0 f:/mingw/bin/../lib/gcc/mingw32/6.3.0/../../../libmsvcrt.a(djpvbs00088.o)
 .data          0x004250e0        0x0 f:/mingw/bin/../lib/gcc/mingw32/6.3.0/../../../libmsvcrt.a(djpvbh.o)
 .data          0x004250e0        0x0 f:/mingw/bin/../lib/gcc/mingw32/6.3.0/../../../libmsvcrt.a(djpvbt.o)
 .data          0x004250e0        0x0 f:/mingw/bin/../lib/gcc/mingw32/6.3.0/../../../libkernel32.a(dujcs01223.o)
 .data          0x004250e0        0x0 f:/mingw/bin/../lib/gcc/mingw32/6.3.0/../../../libkernel32.a(dujcs01221.o)
 .data          0x004250e0        0x0 f:/mingw/bin/../lib/gcc/mingw32/6.3.0/../../../libkernel32.a(dujcs01215.o)
 .data          0x004250e0        0x0 f:/mingw/bin/../lib/gcc/mingw32/6.3.0/../../../libkernel32.a(dujcs01213.o)
 .data          0x004250e0        0x0 f:/mingw/bin/../lib/gcc/mingw32/6.3.0/../../../libkernel32.a(dujcs01173.o)
 .data          0x004250e0        0x0 f:/mingw/bin/../lib/gcc/mingw32/6.3.0/../../../libkernel32.a(dujcs01167.o)
 .data          0x004250e0        0x0 f:/mingw/bin/../lib/gcc/mingw32/6.3.0/../../../libkernel32.a(dujcs01160.o)
 .data          0x004250e0        0x0 f:/mingw/bin/../lib/gcc/mingw32/6.3.0/../../../libkernel32.a(dujcs01152.o)
 .data          0x004250e0        0x0 f:/mingw/bin/../lib/gcc/mingw32/6.3.0/../../../libkernel32.a(dujcs01140.o)
 .data          0x004250e0        0x0 f:/mingw/bin/../lib/gcc/mingw32/6.3.0/../../../libkernel32.a(dujcs01130.o)
 .data          0x004250e0        0x0 f:/mingw/bin/../lib/gcc/mingw32/6.3.0/../../../libkernel32.a(dujcs01129.o)
 .data          0x004250e0        0x0 f:/mingw/bin/../lib/gcc/mingw32/6.3.0/../../../libkernel32.a(dujcs01120.o)
 .data          0x004250e0        0x0 f:/mingw/bin/../lib/gcc/mingw32/6.3.0/../../../libkernel32.a(dujcs01101.o)
 .data          0x004250e0        0x0 f:/mingw/bin/../lib/gcc/mingw32/6.3.0/../../../libkernel32.a(dujcs01065.o)
 .data          0x004250e0        0x0 f:/mingw/bin/../lib/gcc/mingw32/6.3.0/../../../libkernel32.a(dujcs01021.o)
 .data          0x004250e0        0x0 f:/mingw/bin/../lib/gcc/mingw32/6.3.0/../../../libkernel32.a(dujcs00999.o)
 .data          0x004250e0        0x0 f:/mingw/bin/../lib/gcc/mingw32/6.3.0/../../../libkernel32.a(dujcs00995.o)
 .data          0x004250e0        0x0 f:/mingw/bin/../lib/gcc/mingw32/6.3.0/../../../libkernel32.a(dujcs00974.o)
 .data          0x004250e0        0x0 f:/mingw/bin/../lib/gcc/mingw32/6.3.0/../../../libkernel32.a(dujcs00923.o)
 .data          0x004250e0        0x0 f:/mingw/bin/../lib/gcc/mingw32/6.3.0/../../../libkernel32.a(dujcs00922.o)
 .data          0x004250e0        0x0 f:/mingw/bin/../lib/gcc/mingw32/6.3.0/../../../libkernel32.a(dujcs00817.o)
 .data          0x004250e0        0x0 f:/mingw/bin/../lib/gcc/mingw32/6.3.0/../../../libkernel32.a(dujcs00814.o)
 .data          0x004250e0        0x0 f:/mingw/bin/../lib/gcc/mingw32/6.3.0/../../../libkernel32.a(dujcs00734.o)
 .data          0x004250e0        0x0 f:/mingw/bin/../lib/gcc/mingw32/6.3.0/../../../libkernel32.a(dujcs00642.o)
 .data          0x004250e0        0x0 f:/mingw/bin/../lib/gcc/mingw32/6.3.0/../../../libkernel32.a(dujcs00623.o)
 .data          0x004250e0        0x0 f:/mingw/bin/../lib/gcc/mingw32/6.3.0/../../../libkernel32.a(dujcs00577.o)
 .data          0x004250e0        0x0 f:/mingw/bin/../lib/gcc/mingw32/6.3.0/../../../libkernel32.a(dujcs00529.o)
 .data          0x004250e0        0x0 f:/mingw/bin/../lib/gcc/mingw32/6.3.0/../../../libkernel32.a(dujcs00510.o)
 .data          0x004250e0        0x0 f:/mingw/bin/../lib/gcc/mingw32/6.3.0/../../../libkernel32.a(dujcs00450.o)
 .data          0x004250e0        0x0 f:/mingw/bin/../lib/gcc/mingw32/6.3.0/../../../libkernel32.a(dujcs00446.o)
 .data          0x004250e0        0x0 f:/mingw/bin/../lib/gcc/mingw32/6.3.0/../../../libkernel32.a(dujcs00388.o)
 .data          0x004250e0        0x0 f:/mingw/bin/../lib/gcc/mingw32/6.3.0/../../../libkernel32.a(dujcs00352.o)
 .data          0x004250e0        0x0 f:/mingw/bin/../lib/gcc/mingw32/6.3.0/../../../libkernel32.a(dujcs00321.o)
 .data          0x004250e0        0x0 f:/mingw/bin/../lib/gcc/mingw32/6.3.0/../../../libkernel32.a(dujcs00304.o)
 .data          0x004250e0        0x0 f:/mingw/bin/../lib/gcc/mingw32/6.3.0/../../../libkernel32.a(dujcs00300.o)
 .data          0x004250e0        0x0 f:/mingw/bin/../lib/gcc/mingw32/6.3.0/../../../libkernel32.a(dujcs00280.o)
 .data          0x004250e0        0x0 f:/mingw/bin/../lib/gcc/mingw32/6.3.0/../../../libkernel32.a(dujcs00279.o)
 .data          0x004250e0        0x0 f:/mingw/bin/../lib/gcc/mingw32/6.3.0/../../../libkernel32.a(dujcs00236.o)
 .data          0x004250e0        0x0 f:/mingw/bin/../lib/gcc/mingw32/6.3.0/../../../libkernel32.a(dujcs00207.o)
 .data          0x004250e0        0x0 f:/mingw/bin/../lib/gcc/mingw32/6.3.0/../../../libkernel32.a(dujcs00179.o)
 .data          0x004250e0        0x0 f:/mingw/bin/../lib/gcc/mingw32/6.3.0/../../../libkernel32.a(dujcs00154.o)
 .data          0x004250e0        0x0 f:/mingw/bin/../lib/gcc/mingw32/6.3.0/../../../libkernel32.a(dujcs00129.o)
 .data          0x004250e0        0x0 f:/mingw/bin/../lib/gcc/mingw32/6.3.0/../../../libkernel32.a(dujcs00082.o)
 .data          0x004250e0        0x0 f:/mingw/bin/../lib/gcc/mingw32/6.3.0/../../../libkernel32.a(dujch.o)
 .data          0x004250e0        0x0 f:/mingw/bin/../lib/gcc/mingw32/6.3.0/../../../libkernel32.a(dujct.o)
 .data          0x004250e0        0x0 f:/mingw/bin/../lib/gcc/mingw32/6.3.0/../../../libmoldname.a(dagwbs00082.o)
 .data          0x004250e0        0x0 f:/mingw/bin/../lib/gcc/mingw32/6.3.0/../../../libmoldname.a(dagwbs00080.o)
 .data          0x004250e0        0x0 f:/mingw/bin/../lib/gcc/mingw32/6.3.0/../../../libmoldname.a(dagwbh.o)
 .data          0x004250e0        0x0 f:/mingw/bin/../lib/gcc/mingw32/6.3.0/../../../libmoldname.a(dagwbt.o)
 .data          0x004250e0        0x0 f:/mingw/bin/../lib/gcc/mingw32/6.3.0/crtend.o
 *(.data2)
 *(SORT(.data$*))
 *(.jcr)
 .jcr           0x004250e0        0x0 f:/mingw/bin/../lib/gcc/mingw32/6.3.0/crtbegin.o
 .jcr           0x004250e0        0x4 f:/mingw/bin/../lib/gcc/mingw32/6.3.0/crtend.o
                0x004250e4                __data_end__ = .
 *(.data_cygwin_nocopy)

.rdata          0x00426000     0x3200
 *(.rdata)
 .rdata         0x00426000       0x64 f:/mingw/bin/../lib/gcc/mingw32/6.3.0/crtbegin.o
 .rdata         0x00426064       0x2c DemosModifiedForLowTickRate\recmutex.o
 .rdata         0x00426090      0x398 FreeRTOS+Trace Recorder\trcKernelPort.o
 .rdata         0x00426428     0x1100 FreeRTOS+Trace Recorder\trcSnapshotRecorder.o
 .rdata         0x00427528       0x20 FreeRTOS_Source\event_groups.o
 .rdata         0x00427548       0x98 FreeRTOS_Source\portable\MSVC-MingW\port.o
 .rdata         0x004275e0       0x30 FreeRTOS_Source\portable\MemMang\heap_5.o
 .rdata         0x00427610       0x18 FreeRTOS_Source\queue.o
 .rdata         0x00427628       0x20 FreeRTOS_Source\stream_buffer.o
 .rdata         0x00427648       0x48 FreeRTOS_Source\tasks.o
 .rdata         0x00427690       0x54 FreeRTOS_Source\timers.o
 .rdata         0x004276e4       0x60 Standard_Demo_Tasks\AbortDelay.o
                0x004276f4                xMaxBlockTime
                0x004276f8                xHalfMaxBlockTime
                0x004276fc                xAllowableMargin
 .rdata         0x00427744       0x30 Standard_Demo_Tasks\BlockQ.o
 .rdata         0x00427774       0x38 Standard_Demo_Tasks\EventGroupsDemo.o
 .rdata         0x004277ac       0x60 Standard_Demo_Tasks\GenQTest.o
 .rdata         0x0042780c       0x3c Standard_Demo_Tasks\IntSemTest.o
                0x0042780c                xInterruptGivePeriod
 .rdata         0x00427848       0x44 Standard_Demo_Tasks\MessageBufferAMP.o
 .rdata         0x0042788c       0xb8 Standard_Demo_Tasks\MessageBufferDemo.o
 .rdata         0x00427944       0x20 Standard_Demo_Tasks\PollQ.o
 .rdata         0x00427964       0x2c Standard_Demo_Tasks\QPeek.o
 .rdata         0x00427990       0x30 Standard_Demo_Tasks\QueueOverwrite.o
 .rdata         0x004279c0       0x2c Standard_Demo_Tasks\QueueSet.o
 .rdata         0x004279ec        0x8 Standard_Demo_Tasks\QueueSetPolling.o
 .rdata         0x004279f4       0x40 Standard_Demo_Tasks\StaticAllocation.o
 .rdata         0x00427a34      0x110 Standard_Demo_Tasks\StreamBufferDemo.o
 .rdata         0x00427b44       0x64 Standard_Demo_Tasks\StreamBufferInterrupt.o
 .rdata         0x00427ba8       0x44 Standard_Demo_Tasks\TaskNotify.o
 .rdata         0x00427bec       0x50 Standard_Demo_Tasks\TimerDemo.o
 .rdata         0x00427c3c       0x20 Standard_Demo_Tasks\blocktim.o
 .rdata         0x00427c5c       0x48 Standard_Demo_Tasks\countsem.o
 .rdata         0x00427ca4       0x1c Standard_Demo_Tasks\death.o
 .rdata         0x00427cc0       0x5c Standard_Demo_Tasks\dynamic.o
 *fill*         0x00427d1c        0x4 
 .rdata         0x00427d20       0x60 Standard_Demo_Tasks\flop.o
 .rdata         0x00427d80        0x8 Standard_Demo_Tasks\integer.o
 .rdata         0x00427d88       0x40 Standard_Demo_Tasks\semtest.o
 .rdata         0x00427dc8       0x24 code_coverage_additions.o
 .rdata         0x00427dec      0x10c main.o
 .rdata         0x00427ef8      0x3f0 main_blinky.o
 .rdata         0x004282e8      0x504 main_full.o
 .rdata         0x004287ec        0x4 f:/mingw/bin/../lib/gcc/mingw32/6.3.0/../../../libmingw32.a(tlssup.o)
                0x004287ec                __dyn_tls_init_callback
 .rdata         0x004287f0       0xac f:/mingw/bin/../lib/gcc/mingw32/6.3.0/../../../libmingw32.a(pseudo-reloc.o)
 .rdata         0x0042889c       0x14 f:/mingw/bin/../lib/gcc/mingw32/6.3.0/../../../libmingwex.a(glob.o)
 .rdata         0x004288b0        0x8 f:/mingw/bin/../lib/gcc/mingw32/6.3.0/../../../libmingwex.a(dirname.o)
 *(SORT(.rdata$*))
 .rdata$zzz     0x004288b8       0x14 f:/mingw/bin/../lib/gcc/mingw32/6.3.0/../../../crt2.o
 .rdata$zzz     0x004288cc       0x14 f:/mingw/bin/../lib/gcc/mingw32/6.3.0/crtbegin.o
 .rdata$zzz     0x004288e0       0x24 DemosModifiedForLowTickRate\recmutex.o
 .rdata$zzz     0x00428904       0x24 FreeRTOS+Trace Recorder\trcKernelPort.o
 .rdata$zzz     0x00428928       0x24 FreeRTOS+Trace Recorder\trcSnapshotRecorder.o
 .rdata$zzz     0x0042894c       0x24 FreeRTOS+Trace Recorder\trcStreamingRecorder.o
 .rdata$zzz     0x00428970       0x24 FreeRTOS_Source\croutine.o
 .rdata$zzz     0x00428994       0x24 FreeRTOS_Source\event_groups.o
 .rdata$zzz     0x004289b8       0x24 FreeRTOS_Source\list.o
 .rdata$zzz     0x004289dc       0x24 FreeRTOS_Source\portable\MSVC-MingW\port.o
 .rdata$zzz     0x00428a00       0x24 FreeRTOS_Source\portable\MemMang\heap_5.o
 .rdata$zzz     0x00428a24       0x24 FreeRTOS_Source\queue.o
 .rdata$zzz     0x00428a48       0x24 FreeRTOS_Source\stream_buffer.o
 .rdata$zzz     0x00428a6c       0x24 FreeRTOS_Source\tasks.o
 .rdata$zzz     0x00428a90       0x24 FreeRTOS_Source\timers.o
 .rdata$zzz     0x00428ab4       0x24 Run-time-stats-utils.o
 .rdata$zzz     0x00428ad8       0x24 Standard_Demo_Tasks\AbortDelay.o
 .rdata$zzz     0x00428afc       0x24 Standard_Demo_Tasks\BlockQ.o
 .rdata$zzz     0x00428b20       0x24 Standard_Demo_Tasks\EventGroupsDemo.o
 .rdata$zzz     0x00428b44       0x24 Standard_Demo_Tasks\GenQTest.o
 .rdata$zzz     0x00428b68       0x24 Standard_Demo_Tasks\IntSemTest.o
 .rdata$zzz     0x00428b8c       0x24 Standard_Demo_Tasks\MessageBufferAMP.o
 .rdata$zzz     0x00428bb0       0x24 Standard_Demo_Tasks\MessageBufferDemo.o
 .rdata$zzz     0x00428bd4       0x24 Standard_Demo_Tasks\PollQ.o
 .rdata$zzz     0x00428bf8       0x24 Standard_Demo_Tasks\QPeek.o
 .rdata$zzz     0x00428c1c       0x24 Standard_Demo_Tasks\QueueOverwrite.o
 .rdata$zzz     0x00428c40       0x24 Standard_Demo_Tasks\QueueSet.o
 .rdata$zzz     0x00428c64       0x24 Standard_Demo_Tasks\QueueSetPolling.o
 .rdata$zzz     0x00428c88       0x24 Standard_Demo_Tasks\StaticAllocation.o
 .rdata$zzz     0x00428cac       0x24 Standard_Demo_Tasks\StreamBufferDemo.o
 .rdata$zzz     0x00428cd0       0x24 Standard_Demo_Tasks\StreamBufferInterrupt.o
 .rdata$zzz     0x00428cf4       0x24 Standard_Demo_Tasks\TaskNotify.o
 .rdata$zzz     0x00428d18       0x24 Standard_Demo_Tasks\TimerDemo.o
 .rdata$zzz     0x00428d3c       0x24 Standard_Demo_Tasks\blocktim.o
 .rdata$zzz     0x00428d60       0x24 Standard_Demo_Tasks\countsem.o
 .rdata$zzz     0x00428d84       0x24 Standard_Demo_Tasks\death.o
 .rdata$zzz     0x00428da8       0x24 Standard_Demo_Tasks\dynamic.o
 .rdata$zzz     0x00428dcc       0x24 Standard_Demo_Tasks\flop.o
 .rdata$zzz     0x00428df0       0x24 Standard_Demo_Tasks\integer.o
 .rdata$zzz     0x00428e14       0x24 Standard_Demo_Tasks\semtest.o
 .rdata$zzz     0x00428e38       0x24 code_coverage_additions.o
 .rdata$zzz     0x00428e5c       0x24 main.o
 .rdata$zzz     0x00428e80       0x24 main_blinky.o
 .rdata$zzz     0x00428ea4       0x24 main_full.o
 .rdata$zzz     0x00428ec8       0x14 f:/mingw/bin/../lib/gcc/mingw32/6.3.0/../../../libmingw32.a(CRTglob.o)
 .rdata$zzz     0x00428edc       0x14 f:/mingw/bin/../lib/gcc/mingw32/6.3.0/../../../libmingw32.a(setargv.o)
 .rdata$zzz     0x00428ef0       0x14 f:/mingw/bin/../lib/gcc/mingw32/6.3.0/../../../libmingw32.a(CRTfmode.o)
 .rdata$zzz     0x00428f04       0x14 f:/mingw/bin/../lib/gcc/mingw32/6.3.0/../../../libmingw32.a(CRT_fp10.o)
 .rdata$zzz     0x00428f18       0x14 f:/mingw/bin/../lib/gcc/mingw32/6.3.0/../../../libmingw32.a(txtmode.o)
 .rdata$zzz     0x00428f2c       0x14 f:/mingw/bin/../lib/gcc/mingw32/6.3.0/../../../libmingw32.a(gccmain.o)
 .rdata$zzz     0x00428f40       0x14 f:/mingw/bin/../lib/gcc/mingw32/6.3.0/../../../libmingw32.a(tlssup.o)
 .rdata$zzz     0x00428f54       0x14 f:/mingw/bin/../lib/gcc/mingw32/6.3.0/../../../libmingw32.a(tlsthrd.o)
 .rdata$zzz     0x00428f68       0x14 f:/mingw/bin/../lib/gcc/mingw32/6.3.0/../../../libmingw32.a(pseudo-reloc.o)
 .rdata$zzz     0x00428f7c       0x14 f:/mingw/bin/../lib/gcc/mingw32/6.3.0/../../../libmingw32.a(pseudo-reloc-list.o)
 .rdata$zzz     0x00428f90       0x14 f:/mingw/bin/../lib/gcc/mingw32/6.3.0/../../../libmingw32.a(crtst.o)
 .rdata$zzz     0x00428fa4       0x14 f:/mingw/bin/../lib/gcc/mingw32/6.3.0/libgcc.a(_ctors.o)
 .rdata$zzz     0x00428fb8       0x14 f:/mingw/bin/../lib/gcc/mingw32/6.3.0/libgcc.a(_divdi3.o)
 .rdata$zzz     0x00428fcc       0x14 f:/mingw/bin/../lib/gcc/mingw32/6.3.0/../../../libmingwex.a(fesetenv.o)
 .rdata$zzz     0x00428fe0       0x14 f:/mingw/bin/../lib/gcc/mingw32/6.3.0/../../../libmingwex.a(glob.o)
 .rdata$zzz     0x00428ff4       0x14 f:/mingw/bin/../lib/gcc/mingw32/6.3.0/../../../libmingwex.a(dirname.o)
 .rdata$zzz     0x00429008       0x14 f:/mingw/bin/../lib/gcc/mingw32/6.3.0/../../../libmingwex.a(dirent.o)
 .rdata$zzz     0x0042901c       0x14 f:/mingw/bin/../lib/gcc/mingw32/6.3.0/crtend.o
                0x00429030                __rt_psrelocs_start = .
 *(.rdata_runtime_pseudo_reloc)
                0x00429030                __rt_psrelocs_end = .
                0x00000000                __rt_psrelocs_size = (__rt_psrelocs_end - __rt_psrelocs_start)
                0x00429030                ___RUNTIME_PSEUDO_RELOC_LIST_END__ = .
                0x00429030                __RUNTIME_PSEUDO_RELOC_LIST_END__ = .
                0x00429030                ___RUNTIME_PSEUDO_RELOC_LIST__ = (. - __rt_psrelocs_size)
                0x00429030                __RUNTIME_PSEUDO_RELOC_LIST__ = (. - __rt_psrelocs_size)

.eh_frame       0x0042a000     0x5400
 *(.eh_frame*)
 .eh_frame      0x0042a000       0xb8 f:/mingw/bin/../lib/gcc/mingw32/6.3.0/../../../crt2.o
 .eh_frame      0x0042a0b8       0x64 f:/mingw/bin/../lib/gcc/mingw32/6.3.0/crtbegin.o
                0x0042a0b8                __EH_FRAME_BEGIN__
 .eh_frame      0x0042a11c       0xac DemosModifiedForLowTickRate\recmutex.o
 .eh_frame      0x0042a1c8      0x458 FreeRTOS+Trace Recorder\trcKernelPort.o
 .eh_frame      0x0042a620      0x7cc FreeRTOS+Trace Recorder\trcSnapshotRecorder.o
 .eh_frame      0x0042adec      0x1f8 FreeRTOS_Source\event_groups.o
 .eh_frame      0x0042afe4       0xb8 FreeRTOS_Source\list.o
 .eh_frame      0x0042b09c      0x1c8 FreeRTOS_Source\portable\MSVC-MingW\port.o
 .eh_frame      0x0042b264       0xf8 FreeRTOS_Source\portable\MemMang\heap_5.o
 .eh_frame      0x0042b35c      0x684 FreeRTOS_Source\queue.o
 .eh_frame      0x0042b9e0      0x36c FreeRTOS_Source\stream_buffer.o
 .eh_frame      0x0042bd4c      0x964 FreeRTOS_Source\tasks.o
 .eh_frame      0x0042c6b0      0x394 FreeRTOS_Source\timers.o
 .eh_frame      0x0042ca44       0x60 Run-time-stats-utils.o
 .eh_frame      0x0042caa4      0x1d0 Standard_Demo_Tasks\AbortDelay.o
 .eh_frame      0x0042cc74       0x90 Standard_Demo_Tasks\BlockQ.o
 .eh_frame      0x0042cd04      0x14c Standard_Demo_Tasks\EventGroupsDemo.o
 .eh_frame      0x0042ce50      0x130 Standard_Demo_Tasks\GenQTest.o
 .eh_frame      0x0042cf80      0x10c Standard_Demo_Tasks\IntSemTest.o
 .eh_frame      0x0042d08c       0xd0 Standard_Demo_Tasks\MessageBufferAMP.o
 .eh_frame      0x0042d15c      0x120 Standard_Demo_Tasks\MessageBufferDemo.o
 .eh_frame      0x0042d27c       0x90 Standard_Demo_Tasks\PollQ.o
 .eh_frame      0x0042d30c       0xc8 Standard_Demo_Tasks\QPeek.o
 .eh_frame      0x0042d3d4       0x94 Standard_Demo_Tasks\QueueOverwrite.o
 .eh_frame      0x0042d468      0x210 Standard_Demo_Tasks\QueueSet.o
 .eh_frame      0x0042d678       0x94 Standard_Demo_Tasks\QueueSetPolling.o
 .eh_frame      0x0042d70c      0x280 Standard_Demo_Tasks\StaticAllocation.o
 .eh_frame      0x0042d98c      0x17c Standard_Demo_Tasks\StreamBufferDemo.o
 .eh_frame      0x0042db08       0x94 Standard_Demo_Tasks\StreamBufferInterrupt.o
 .eh_frame      0x0042db9c      0x114 Standard_Demo_Tasks\TaskNotify.o
 .eh_frame      0x0042dcb0      0x234 Standard_Demo_Tasks\TimerDemo.o
 .eh_frame      0x0042dee4       0xb0 Standard_Demo_Tasks\blocktim.o
 .eh_frame      0x0042df94       0xb4 Standard_Demo_Tasks\countsem.o
 .eh_frame      0x0042e048       0x90 Standard_Demo_Tasks\death.o
 .eh_frame      0x0042e0d8       0xe4 Standard_Demo_Tasks\dynamic.o
 .eh_frame      0x0042e1bc       0xc8 Standard_Demo_Tasks\flop.o
 .eh_frame      0x0042e284       0x74 Standard_Demo_Tasks\integer.o
 .eh_frame      0x0042e2f8       0x74 Standard_Demo_Tasks\semtest.o
 .eh_frame      0x0042e36c      0x140 code_coverage_additions.o
 .eh_frame      0x0042e4ac      0x1a4 main.o
 .eh_frame      0x0042e650      0x1e8 main_blinky.o
 .eh_frame      0x0042e838      0x1f0 main_full.o
 .eh_frame      0x0042ea28       0x58 f:/mingw/bin/../lib/gcc/mingw32/6.3.0/../../../libmingw32.a(setargv.o)
 .eh_frame      0x0042ea80       0x40 f:/mingw/bin/../lib/gcc/mingw32/6.3.0/../../../libmingw32.a(cpu_features.o)
 .eh_frame      0x0042eac0       0x68 f:/mingw/bin/../lib/gcc/mingw32/6.3.0/../../../libmingw32.a(gccmain.o)
 .eh_frame      0x0042eb28       0x88 f:/mingw/bin/../lib/gcc/mingw32/6.3.0/../../../libmingw32.a(tlssup.o)
 .eh_frame      0x0042ebb0      0x108 f:/mingw/bin/../lib/gcc/mingw32/6.3.0/../../../libmingw32.a(tlsthrd.o)
 .eh_frame      0x0042ecb8       0xd8 f:/mingw/bin/../lib/gcc/mingw32/6.3.0/../../../libmingw32.a(pseudo-reloc.o)
 .eh_frame      0x0042ed90       0x58 f:/mingw/bin/../lib/gcc/mingw32/6.3.0/libgcc.a(_divdi3.o)
 .eh_frame      0x0042ede8       0x34 f:/mingw/bin/../lib/gcc/mingw32/6.3.0/../../../libmingwex.a(fesetenv.o)
 .eh_frame      0x0042ee1c      0x25c f:/mingw/bin/../lib/gcc/mingw32/6.3.0/../../../libmingwex.a(glob.o)
 .eh_frame      0x0042f078       0x58 f:/mingw/bin/../lib/gcc/mingw32/6.3.0/../../../libmingwex.a(dirname.o)
 .eh_frame      0x0042f0d0      0x1c4 f:/mingw/bin/../lib/gcc/mingw32/6.3.0/../../../libmingwex.a(dirent.o)
 .eh_frame      0x0042f294       0x3c f:/mingw/bin/../lib/gcc/mingw32/6.3.0/crtend.o

.pdata
 *(.pdata*)

.bss            0x00430000    0x25f98
                0x00430000                __bss_start__ = .
 *(.bss)
 .bss           0x00430000        0x8 f:/mingw/bin/../lib/gcc/mingw32/6.3.0/../../../crt2.o
                0x00430000                _argv
                0x00430004                _argc
 .bss           0x00430008       0x18 f:/mingw/bin/../lib/gcc/mingw32/6.3.0/crtbegin.o
 .bss           0x00430020       0x34 DemosModifiedForLowTickRate\recmutex.o
 .bss           0x00430054        0x4 FreeRTOS+Trace Recorder\trcKernelPort.o
                0x00430054                uiInEventGroupSetBitsFromISR
 *fill*         0x00430058        0x8 
 .bss           0x00430060      0x420 FreeRTOS+Trace Recorder\trcSnapshotRecorder.o
                0x00430060                isPendingContextSwitch
                0x00430064                uiTraceTickCount
                0x00430068                trace_disable_timestamp
                0x0043006c                uiTraceSystemState
                0x00430070                recorder_busy
                0x00430074                timestampFrequency
                0x00430078                traceErrorMessage
                0x0043007c                nISRactive
                0x0043007d                handle_of_last_logged_task
                0x00430080                vTraceStopHookPtr
                0x004300a0                objectHandleStacks
                0x00430444                RecorderDataPtr
 .bss           0x00430480        0x0 FreeRTOS+Trace Recorder\trcStreamingRecorder.o
 .bss           0x00430480        0x0 FreeRTOS_Source\croutine.o
 .bss           0x00430480        0x0 FreeRTOS_Source\event_groups.o
 .bss           0x00430480        0x0 FreeRTOS_Source\list.o
 .bss           0x00430480       0xc0 FreeRTOS_Source\portable\MSVC-MingW\port.o
                0x00430480                xInsideInterrupt
 .bss           0x00430540       0x20 FreeRTOS_Source\portable\MemMang\heap_5.o
 .bss           0x00430560        0x0 FreeRTOS_Source\queue.o
 .bss           0x00430560        0x0 FreeRTOS_Source\stream_buffer.o
 .bss           0x00430560      0x160 FreeRTOS_Source\tasks.o
                0x00430560                pxCurrentTCB
 .bss           0x004306c0      0x1e0 FreeRTOS_Source\timers.o
 .bss           0x004308a0       0x10 Run-time-stats-utils.o
 *fill*         0x004308b0       0x10 
 .bss           0x004308c0      0x120 Standard_Demo_Tasks\AbortDelay.o
 .bss           0x004309e0       0x20 Standard_Demo_Tasks\BlockQ.o
 .bss           0x00430a00       0x30 Standard_Demo_Tasks\EventGroupsDemo.o
 .bss           0x00430a30       0x2c Standard_Demo_Tasks\GenQTest.o
 .bss           0x00430a5c       0x30 Standard_Demo_Tasks\IntSemTest.o
 .bss           0x00430a8c       0x1c Standard_Demo_Tasks\MessageBufferAMP.o
 *fill*         0x00430aa8       0x18 
 .bss           0x00430ac0      0x100 Standard_Demo_Tasks\MessageBufferDemo.o
 .bss           0x00430bc0        0xc Standard_Demo_Tasks\PollQ.o
 .bss           0x00430bcc        0xc Standard_Demo_Tasks\QPeek.o
 .bss           0x00430bd8        0xc Standard_Demo_Tasks\QueueOverwrite.o
 .bss           0x00430be4       0x50 Standard_Demo_Tasks\QueueSet.o
 .bss           0x00430c34       0x18 Standard_Demo_Tasks\QueueSetPolling.o
 *fill*         0x00430c4c       0x14 
 .bss           0x00430c60      0x460 Standard_Demo_Tasks\StaticAllocation.o
 .bss           0x004310c0       0xe0 Standard_Demo_Tasks\StreamBufferDemo.o
 .bss           0x004311a0       0x10 Standard_Demo_Tasks\StreamBufferInterrupt.o
 .bss           0x004311b0       0x28 Standard_Demo_Tasks\TaskNotify.o
 *fill*         0x004311d8        0x8 
 .bss           0x004311e0       0xc0 Standard_Demo_Tasks\TimerDemo.o
 .bss           0x004312a0       0x20 Standard_Demo_Tasks\blocktim.o
 .bss           0x004312c0       0x24 Standard_Demo_Tasks\countsem.o
 .bss           0x004312e4        0xc Standard_Demo_Tasks\death.o
 .bss           0x004312f0       0x28 Standard_Demo_Tasks\dynamic.o
 .bss           0x00431318        0x8 Standard_Demo_Tasks\flop.o
 .bss           0x00431320        0x4 Standard_Demo_Tasks\integer.o
 .bss           0x00431324       0x14 Standard_Demo_Tasks\semtest.o
 *fill*         0x00431338        0x8 
 .bss           0x00431340       0x40 code_coverage_additions.o
 .bss           0x00431380    0x10600 main.o
 .bss           0x00441980      0x9c0 main_blinky.o
                0x00441980                thresholdSemaphore
                0x00441988                VirtualSystemTime
                0x004419a0                num
                0x00441cc0                timestamp
                0x00441fe0                timerExpiryFlag
                0x00442000                frequencyData
                0x004421a0                rocData
                0x00442330                runningDataIndex
 .bss           0x00442340       0x18 main_full.o
 .bss           0x00442358        0x0 f:/mingw/bin/../lib/gcc/mingw32/6.3.0/../../../libwinmm.a(drqcs00146.o)
 .bss           0x00442358        0x0 f:/mingw/bin/../lib/gcc/mingw32/6.3.0/../../../libwinmm.a(drqcs00145.o)
 .bss           0x00442358        0x0 f:/mingw/bin/../lib/gcc/mingw32/6.3.0/../../../libwinmm.a(drqcs00144.o)
 .bss           0x00442358        0x0 f:/mingw/bin/../lib/gcc/mingw32/6.3.0/../../../libwinmm.a(drqch.o)
 .bss           0x00442358        0x0 f:/mingw/bin/../lib/gcc/mingw32/6.3.0/../../../libwinmm.a(drqct.o)
 .bss           0x00442358        0x0 f:/mingw/bin/../lib/gcc/mingw32/6.3.0/../../../libmingw32.a(CRTglob.o)
 .bss           0x00442358        0x0 f:/mingw/bin/../lib/gcc/mingw32/6.3.0/../../../libmingw32.a(setargv.o)
 .bss           0x00442358        0x4 f:/mingw/bin/../lib/gcc/mingw32/6.3.0/../../../libmingw32.a(CRTfmode.o)
                0x00442358                _CRT_fmode
 .bss           0x0044235c        0x4 f:/mingw/bin/../lib/gcc/mingw32/6.3.0/../../../libmingw32.a(cpu_features.o)
                0x0044235c                __cpu_features
 .bss           0x00442360        0x0 f:/mingw/bin/../lib/gcc/mingw32/6.3.0/../../../libmingw32.a(CRT_fp10.o)
 .bss           0x00442360        0x0 f:/mingw/bin/../lib/gcc/mingw32/6.3.0/../../../libmingw32.a(txtmode.o)
 .bss           0x00442360        0x4 f:/mingw/bin/../lib/gcc/mingw32/6.3.0/../../../libmingw32.a(gccmain.o)
 .bss           0x00442364       0x10 f:/mingw/bin/../lib/gcc/mingw32/6.3.0/../../../libmingw32.a(tlssup.o)
                0x00442364                mingw_initltssuo_force
                0x00442368                mingw_initltsdyn_force
                0x0044236c                mingw_initltsdrot_force
                0x00442370                _tls_index
 .bss           0x00442374       0x20 f:/mingw/bin/../lib/gcc/mingw32/6.3.0/../../../libmingw32.a(tlsthrd.o)
 .bss           0x00442394        0x4 f:/mingw/bin/../lib/gcc/mingw32/6.3.0/../../../libmingw32.a(pseudo-reloc.o)
 .bss           0x00442398        0x4 f:/mingw/bin/../lib/gcc/mingw32/6.3.0/../../../libmingw32.a(pseudo-reloc-list.o)
 .bss           0x0044239c        0x4 f:/mingw/bin/../lib/gcc/mingw32/6.3.0/../../../libmingw32.a(crtst.o)
                0x0044239c                _CRT_MT
 .bss           0x004423a0        0x0 f:/mingw/bin/../lib/gcc/mingw32/6.3.0/libgcc.a(_chkstk_ms.o)
 .bss           0x004423a0        0x0 f:/mingw/bin/../lib/gcc/mingw32/6.3.0/libgcc.a(_ctors.o)
 .bss           0x004423a0        0x0 f:/mingw/bin/../lib/gcc/mingw32/6.3.0/libgcc.a(_divdi3.o)
 .bss           0x004423a0        0x0 f:/mingw/bin/../lib/gcc/mingw32/6.3.0/../../../libmingwex.a(fesetenv.o)
 .bss           0x004423a0        0x0 f:/mingw/bin/../lib/gcc/mingw32/6.3.0/../../../libmingwex.a(glob.o)
 .bss           0x004423a0        0x4 f:/mingw/bin/../lib/gcc/mingw32/6.3.0/../../../libmingwex.a(dirname.o)
 .bss           0x004423a4        0x0 f:/mingw/bin/../lib/gcc/mingw32/6.3.0/../../../libmingwex.a(dirent.o)
 .bss           0x004423a4        0x0 f:/mingw/bin/../lib/gcc/mingw32/6.3.0/../../../libmsvcrt.a(djpvbs01325.o)
 .bss           0x004423a4        0x0 f:/mingw/bin/../lib/gcc/mingw32/6.3.0/../../../libmsvcrt.a(djpvbs01284.o)
 .bss           0x004423a4        0x0 f:/mingw/bin/../lib/gcc/mingw32/6.3.0/../../../libmsvcrt.a(djpvbs01277.o)
 .bss           0x004423a4        0x0 f:/mingw/bin/../lib/gcc/mingw32/6.3.0/../../../libmsvcrt.a(djpvbs01252.o)
 .bss           0x004423a4        0x0 f:/mingw/bin/../lib/gcc/mingw32/6.3.0/../../../libmsvcrt.a(djpvbs01249.o)
 .bss           0x004423a4        0x0 f:/mingw/bin/../lib/gcc/mingw32/6.3.0/../../../libmsvcrt.a(djpvbs01242.o)
 .bss           0x004423a4        0x0 f:/mingw/bin/../lib/gcc/mingw32/6.3.0/../../../libmsvcrt.a(djpvbs01241.o)
 .bss           0x004423a4        0x0 f:/mingw/bin/../lib/gcc/mingw32/6.3.0/../../../libmsvcrt.a(djpvbs01232.o)
 .bss           0x004423a4        0x0 f:/mingw/bin/../lib/gcc/mingw32/6.3.0/../../../libmsvcrt.a(djpvbs01229.o)
 .bss           0x004423a4        0x0 f:/mingw/bin/../lib/gcc/mingw32/6.3.0/../../../libmsvcrt.a(djpvbs01227.o)
 .bss           0x004423a4        0x0 f:/mingw/bin/../lib/gcc/mingw32/6.3.0/../../../libmsvcrt.a(djpvbs01220.o)
 .bss           0x004423a4        0x0 f:/mingw/bin/../lib/gcc/mingw32/6.3.0/../../../libmsvcrt.a(djpvbs01218.o)
 .bss           0x004423a4        0x0 f:/mingw/bin/../lib/gcc/mingw32/6.3.0/../../../libmsvcrt.a(djpvbs01212.o)
 .bss           0x004423a4        0x0 f:/mingw/bin/../lib/gcc/mingw32/6.3.0/../../../libmsvcrt.a(djpvbs01208.o)
 .bss           0x004423a4        0x0 f:/mingw/bin/../lib/gcc/mingw32/6.3.0/../../../libmsvcrt.a(djpvbs01203.o)
 .bss           0x004423a4        0x0 f:/mingw/bin/../lib/gcc/mingw32/6.3.0/../../../libmsvcrt.a(djpvbs01199.o)
 .bss           0x004423a4        0x0 f:/mingw/bin/../lib/gcc/mingw32/6.3.0/../../../libmsvcrt.a(djpvbs01198.o)
 .bss           0x004423a4        0x0 f:/mingw/bin/../lib/gcc/mingw32/6.3.0/../../../libmsvcrt.a(djpvbs01194.o)
 .bss           0x004423a4        0x0 f:/mingw/bin/../lib/gcc/mingw32/6.3.0/../../../libmsvcrt.a(djpvbs01187.o)
 .bss           0x004423a4        0x0 f:/mingw/bin/../lib/gcc/mingw32/6.3.0/../../../libmsvcrt.a(djpvbs01142.o)
 .bss           0x004423a4        0x0 f:/mingw/bin/../lib/gcc/mingw32/6.3.0/../../../libmsvcrt.a(djpvbs01131.o)
 .bss           0x004423a4        0x0 f:/mingw/bin/../lib/gcc/mingw32/6.3.0/../../../libmsvcrt.a(djpvbs01122.o)
 .bss           0x004423a4        0x0 f:/mingw/bin/../lib/gcc/mingw32/6.3.0/../../../libmsvcrt.a(djpvbs01114.o)
 .bss           0x004423a4        0x0 f:/mingw/bin/../lib/gcc/mingw32/6.3.0/../../../libmsvcrt.a(djpvbs01111.o)
 .bss           0x004423a4        0x0 f:/mingw/bin/../lib/gcc/mingw32/6.3.0/../../../libmsvcrt.a(djpvbs01108.o)
 .bss           0x004423a4        0x0 f:/mingw/bin/../lib/gcc/mingw32/6.3.0/../../../libmsvcrt.a(djpvbs01098.o)
 .bss           0x004423a4        0x0 f:/mingw/bin/../lib/gcc/mingw32/6.3.0/../../../libmsvcrt.a(djpvbs01091.o)
 .bss           0x004423a4        0x0 f:/mingw/bin/../lib/gcc/mingw32/6.3.0/../../../libmsvcrt.a(djpvbs01083.o)
 .bss           0x004423a4        0x0 f:/mingw/bin/../lib/gcc/mingw32/6.3.0/../../../libmsvcrt.a(djpvbs00753.o)
 .bss           0x004423a4        0x0 f:/mingw/bin/../lib/gcc/mingw32/6.3.0/../../../libmsvcrt.a(djpvbs00698.o)
 .bss           0x004423a4        0x0 f:/mingw/bin/../lib/gcc/mingw32/6.3.0/../../../libmsvcrt.a(djpvbs00689.o)
 .bss           0x004423a4        0x0 f:/mingw/bin/../lib/gcc/mingw32/6.3.0/../../../libmsvcrt.a(djpvbs00422.o)
 .bss           0x004423a4        0x0 f:/mingw/bin/../lib/gcc/mingw32/6.3.0/../../../libmsvcrt.a(djpvbs00417.o)
 .bss           0x004423a4        0x0 f:/mingw/bin/../lib/gcc/mingw32/6.3.0/../../../libmsvcrt.a(djpvbs00350.o)
 .bss           0x004423a4        0x0 f:/mingw/bin/../lib/gcc/mingw32/6.3.0/../../../libmsvcrt.a(djpvbs00324.o)
 .bss           0x004423a4        0x0 f:/mingw/bin/../lib/gcc/mingw32/6.3.0/../../../libmsvcrt.a(djpvbs00285.o)
 .bss           0x004423a4        0x0 f:/mingw/bin/../lib/gcc/mingw32/6.3.0/../../../libmsvcrt.a(djpvbs00219.o)
 .bss           0x004423a4        0x0 f:/mingw/bin/../lib/gcc/mingw32/6.3.0/../../../libmsvcrt.a(djpvbs00153.o)
 .bss           0x004423a4        0x0 f:/mingw/bin/../lib/gcc/mingw32/6.3.0/../../../libmsvcrt.a(djpvbs00133.o)
 .bss           0x004423a4        0x0 f:/mingw/bin/../lib/gcc/mingw32/6.3.0/../../../libmsvcrt.a(djpvbs00131.o)
 .bss           0x004423a4        0x0 f:/mingw/bin/../lib/gcc/mingw32/6.3.0/../../../libmsvcrt.a(djpvbs00119.o)
 .bss           0x004423a4        0x0 f:/mingw/bin/../lib/gcc/mingw32/6.3.0/../../../libmsvcrt.a(djpvbs00088.o)
 .bss           0x004423a4        0x0 f:/mingw/bin/../lib/gcc/mingw32/6.3.0/../../../libmsvcrt.a(djpvbh.o)
 .bss           0x004423a4        0x0 f:/mingw/bin/../lib/gcc/mingw32/6.3.0/../../../libmsvcrt.a(djpvbt.o)
 .bss           0x004423a4        0x0 f:/mingw/bin/../lib/gcc/mingw32/6.3.0/../../../libkernel32.a(dujcs01223.o)
 .bss           0x004423a4        0x0 f:/mingw/bin/../lib/gcc/mingw32/6.3.0/../../../libkernel32.a(dujcs01221.o)
 .bss           0x004423a4        0x0 f:/mingw/bin/../lib/gcc/mingw32/6.3.0/../../../libkernel32.a(dujcs01215.o)
 .bss           0x004423a4        0x0 f:/mingw/bin/../lib/gcc/mingw32/6.3.0/../../../libkernel32.a(dujcs01213.o)
 .bss           0x004423a4        0x0 f:/mingw/bin/../lib/gcc/mingw32/6.3.0/../../../libkernel32.a(dujcs01173.o)
 .bss           0x004423a4        0x0 f:/mingw/bin/../lib/gcc/mingw32/6.3.0/../../../libkernel32.a(dujcs01167.o)
 .bss           0x004423a4        0x0 f:/mingw/bin/../lib/gcc/mingw32/6.3.0/../../../libkernel32.a(dujcs01160.o)
 .bss           0x004423a4        0x0 f:/mingw/bin/../lib/gcc/mingw32/6.3.0/../../../libkernel32.a(dujcs01152.o)
 .bss           0x004423a4        0x0 f:/mingw/bin/../lib/gcc/mingw32/6.3.0/../../../libkernel32.a(dujcs01140.o)